 zlibwapi

 Timestamp is 620f8cc1 (Fri Feb 18 06:10:41 2022)

 Preferred load address is 10000000

 Start         Length     Name                   Class
 0001:00000000 00011017H .text$mn                CODE
 0002:00000000 00000120H .idata$5                DATA
 0002:00000120 00000008H .00cfg                  DATA
 0002:00000128 00000004H .CRT$XCA                DATA
 0002:0000012c 00000004H .CRT$XCZ                DATA
 0002:00000130 00000004H .CRT$XIA                DATA
 0002:00000134 00000004H .CRT$XIZ                DATA
 0002:00000138 00000004H .CRT$XPA                DATA
 0002:0000013c 00000004H .CRT$XPZ                DATA
 0002:00000140 00000004H .CRT$XTA                DATA
 0002:00000144 00000004H .CRT$XTZ                DATA
 0002:00000148 00000000H .gfids$y                DATA
 0002:00000148 000042b8H .rdata                  DATA
 0002:00004400 00000004H .rdata$CastGuardVftablesA DATA
 0002:00004404 00000004H .rdata$CastGuardVftablesC DATA
 0002:00004408 00000004H .rdata$sxdata           DATA
 0002:0000440c 00000018H .rdata$voltmd           DATA
 0002:00004424 00000314H .rdata$zzzdbg           DATA
 0002:00004738 00000004H .rtc$IAA                DATA
 0002:0000473c 00000004H .rtc$IZZ                DATA
 0002:00004740 00000004H .rtc$TAA                DATA
 0002:00004744 00000004H .rtc$TZZ                DATA
 0002:00004748 00000088H .xdata$x                DATA
 0002:000047d0 00000cfcH .edata                  DATA
 0002:000054cc 000000a0H .idata$2                DATA
 0002:0000556c 00000014H .idata$3                DATA
 0002:00005580 00000120H .idata$4                DATA
 0002:000056a0 0000050aH .idata$6                DATA
 0003:00000000 00000020H .data                   DATA
 0003:00000020 00000390H .bss                    DATA
 0004:00000000 00000060H .rsrc$01                DATA
 0004:00000060 00000338H .rsrc$02                DATA

  Address         Publics by Value              Rva+Base       Lib:Object

 0000:00000000       ___hybrid_auxiliary_iat    00000000     <absolute>
 0000:00000000       ___hybrid_auxiliary_iat_copy 00000000     <absolute>
 0000:00000000       ___arm64x_extra_rfe_table_size 00000000     <absolute>
 0000:00000000       ___dynamic_value_reloc_table 00000000     <absolute>
 0000:00000000       ___guard_fids_table        00000000     <absolute>
 0000:00000000       ___enclave_config          00000000     <absolute>
 0000:00000000       ___hybrid_code_map         00000000     <absolute>
 0000:00000000       ___guard_fids_count        00000000     <absolute>
 0000:00000000       ___arm64x_native_entrypoint 00000000     <absolute>
 0000:00000000       ___guard_eh_cont_table     00000000     <absolute>
 0000:00000000       ___guard_iat_count         00000000     <absolute>
 0000:00000000       ___x64_code_ranges_to_entry_points_count 00000000     <absolute>
 0000:00000000       ___guard_longjmp_table     00000000     <absolute>
 0000:00000000       ___arm64x_redirection_metadata_count 00000000     <absolute>
 0000:00000000       ___guard_check_icall_a64n_fptr 00000000     <absolute>
 0000:00000000       ___guard_iat_table         00000000     <absolute>
 0000:00000000       ___arm64x_redirection_metadata 00000000     <absolute>
 0000:00000000       ___AbsoluteZero            00000000     <absolute>
 0000:00000000       ___guard_longjmp_count     00000000     <absolute>
 0000:00000000       ___arm64x_extra_rfe_table  00000000     <absolute>
 0000:00000000       ___x64_code_ranges_to_entry_points 00000000     <absolute>
 0000:00000000       ___hybrid_code_map_count   00000000     <absolute>
 0000:00000000       ___guard_eh_cont_count     00000000     <absolute>
 0000:00000001       ___safe_se_handler_count   00000001     <absolute>
 0000:00000100       ___guard_flags             00000100     <absolute>
 0000:00000000       ___ImageBase               10000000     <linker-defined>
 0001:00000000       _adler32_z@12              10001000 f   adler32.obj
 0001:00000280       _adler32@12                10001280 f   adler32.obj
 0001:000003c0       _adler32_combine@12        100013c0 f   adler32.obj
 0001:000003e0       _compress2@20              100013e0 f   compress.obj
 0001:000004c0       _compress@16               100014c0 f   compress.obj
 0001:000004e0       _compressBound@4           100014e0 f   compress.obj
 0001:00000500       _get_crc_table@0           10001500 f   crc32.obj
 0001:00000510       _crc32_z@12                10001510 f   crc32.obj
 0001:00000540       _crc32@12                  10001540 f   crc32.obj
 0001:00000c10       _crc32_combine@12          10001c10 f   crc32.obj
 0001:00000ca0       _deflateInit_@16           10001ca0 f   deflate.obj
 0001:00000cc0       _deflateInit2_@32          10001cc0 f   deflate.obj
 0001:00000f50       _deflateSetDictionary@12   10001f50 f   deflate.obj
 0001:000010f0       _deflateGetDictionary@12   100020f0 f   deflate.obj
 0001:00001150       _deflateResetKeep@4        10002150 f   deflate.obj
 0001:000011f0       _deflateReset@4            100021f0 f   deflate.obj
 0001:00001220       _deflateSetHeader@8        10002220 f   deflate.obj
 0001:00001250       _deflatePending@12         10002250 f   deflate.obj
 0001:00001290       _deflatePrime@12           10002290 f   deflate.obj
 0001:00001330       _deflateParams@12          10002330 f   deflate.obj
 0001:00001480       _deflateTune@20            10002480 f   deflate.obj
 0001:000014d0       _deflateBound@8            100024d0 f   deflate.obj
 0001:00001640       _deflate@8                 10002640 f   deflate.obj
 0001:00001f00       _deflateEnd@4              10002f00 f   deflate.obj
 0001:00001fb0       _deflateCopy@8             10002fb0 f   deflate.obj
 0001:00003440       _gzclose@4                 10004440 f   gzclose.obj
 0001:00003470       ___local_stdio_printf_options 10004470 f i gzlib.obj
 0001:00003480       _vsnprintf                 10004480 f i gzlib.obj
 0001:000034c0       _snprintf                  100044c0 f i gzlib.obj
 0001:00003890       _gzopen@8                  10004890 f   gzlib.obj
 0001:000038b0       _gzdopen@8                 100048b0 f   gzlib.obj
 0001:00003910       _gzopen_w@8                10004910 f   gzlib.obj
 0001:00003930       _gzbuffer@8                10004930 f   gzlib.obj
 0001:00003980       _gzrewind@4                10004980 f   gzlib.obj
 0001:000039e0       _gzseek64@16               100049e0 f   gzlib.obj
 0001:00003b70       _gzseek@12                 10004b70 f   gzlib.obj
 0001:00003bb0       _gztell64@4                10004bb0 f   gzlib.obj
 0001:00003c10       _gztell@4                  10004c10 f   gzlib.obj
 0001:00003c40       _gzoffset64@4              10004c40 f   gzlib.obj
 0001:00003c90       _gzoffset@4                10004c90 f   gzlib.obj
 0001:00003cc0       _gzeof@4                   10004cc0 f   gzlib.obj
 0001:00003cf0       _gzerror@8                 10004cf0 f   gzlib.obj
 0001:00003d40       _gzclearerr@4              10004d40 f   gzlib.obj
 0001:00003d90       _gz_error                  10004d90 f   gzlib.obj
 0001:00004480       _gzread@12                 10005480 f   gzread.obj
 0001:000044f0       _gzfread@16                100054f0 f   gzread.obj
 0001:00004570       _gzgetc@4                  10005570 f   gzread.obj
 0001:000045e0       _gzgetc_@4                 100055e0 f   gzread.obj
 0001:000045f0       _gzungetc@8                100055f0 f   gzread.obj
 0001:000046f0       _gzgets@12                 100056f0 f   gzread.obj
 0001:00004820       _gzdirect@4                10005820 f   gzread.obj
 0001:00004860       _gzclose_r@4               10005860 f   gzread.obj
 0001:00004d10       _gzwrite@12                10005d10 f   gzwrite.obj
 0001:00004d60       _gzfwrite@16               10005d60 f   gzwrite.obj
 0001:00004dd0       _gzputc@8                  10005dd0 f   gzwrite.obj
 0001:00004ea0       _gzputs@8                  10005ea0 f   gzwrite.obj
 0001:00004ef0       _gzvprintf                 10005ef0 f   gzwrite.obj
 0001:00005020       _gzprintf                  10006020 f   gzwrite.obj
 0001:00005040       _gzflush@8                 10006040 f   gzwrite.obj
 0001:000050b0       _gzsetparams@12            100060b0 f   gzwrite.obj
 0001:00005170       _gzclose_w@4               10006170 f   gzwrite.obj
 0001:00005240       _inflateBackInit_@20       10006240 f   infback.obj
 0001:00005340       _inflateBack@20            10006340 f   infback.obj
 0001:00006110       _inflateBackEnd@4          10007110 f   infback.obj
 0001:00006150       _inflate_fast              10007150 f   inffast.obj
 0001:000065e0       _inflateResetKeep@4        100075e0 f   inflate.obj
 0001:00006680       _inflateReset@4            10007680 f   inflate.obj
 0001:000066c0       _inflateReset2@8           100076c0 f   inflate.obj
 0001:00006750       _inflateInit2_@16          10007750 f   inflate.obj
 0001:00006820       _inflateInit_@12           10007820 f   inflate.obj
 0001:00006840       _inflatePrime@12           10007840 f   inflate.obj
 0001:000069d0       _inflate@8                 100079d0 f   inflate.obj
 0001:000081b0       _inflateEnd@4              100091b0 f   inflate.obj
 0001:00008200       _inflateGetDictionary@12   10009200 f   inflate.obj
 0001:00008270       _inflateSetDictionary@12   10009270 f   inflate.obj
 0001:00008310       _inflateGetHeader@8        10009310 f   inflate.obj
 0001:000083d0       _inflateSync@4             100093d0 f   inflate.obj
 0001:000084c0       _inflateSyncPoint@4        100094c0 f   inflate.obj
 0001:00008500       _inflateCopy@8             10009500 f   inflate.obj
 0001:00008650       _inflateUndermine@8        10009650 f   inflate.obj
 0001:00008680       _inflateValidate@8         10009680 f   inflate.obj
 0001:000086c0       _inflateMark@4             100096c0 f   inflate.obj
 0001:00008730       _inflateCodesUsed@4        10009730 f   inflate.obj
 0001:00008760       _inflate_table             10009760 f   inftrees.obj
 0001:00008c10       _call_zopen64              10009c10 f   ioapi.obj
 0001:00008c30       _call_zseek64              10009c30 f   ioapi.obj
 0001:00008c80       _call_ztell64              10009c80 f   ioapi.obj
 0001:00008cb0       _fill_zlib_filefunc64_32_def_from_filefunc32 10009cb0 f   ioapi.obj
 0001:00008f00       _fill_fopen64_filefunc     10009f00 f   ioapi.obj
 0001:00008ff0       _win32_open64_file_func    10009ff0 f   iowin32.obj
 0001:00009050       _win32_open64_file_funcA   1000a050 f   iowin32.obj
 0001:000090b0       _win32_open64_file_funcW   1000a0b0 f   iowin32.obj
 0001:00009110       _win32_open_file_func      1000a110 f   iowin32.obj
 0001:00009170       _win32_read_file_func      1000a170 f   iowin32.obj
 0001:000091c0       _win32_write_file_func     1000a1c0 f   iowin32.obj
 0001:00009270       _win32_tell_file_func      1000a270 f   iowin32.obj
 0001:000092c0       _win32_tell64_file_func    1000a2c0 f   iowin32.obj
 0001:00009320       _win32_seek_file_func      1000a320 f   iowin32.obj
 0001:00009390       _win32_seek64_file_func    1000a390 f   iowin32.obj
 0001:00009410       _win32_close_file_func     1000a410 f   iowin32.obj
 0001:00009440       _win32_error_file_func     1000a440 f   iowin32.obj
 0001:00009460       _fill_win32_filefunc       1000a460 f   iowin32.obj
 0001:000094a0       _fill_win32_filefunc64     1000a4a0 f   iowin32.obj
 0001:000094e0       _fill_win32_filefunc64A    1000a4e0 f   iowin32.obj
 0001:00009520       _fill_win32_filefunc64W    1000a520 f   iowin32.obj
 0001:00009570       __tr_init                  1000a570 f   trees.obj
 0001:0000a550       __tr_stored_block          1000b550 f   trees.obj
 0001:0000a650       __tr_flush_bits            1000b650 f   trees.obj
 0001:0000a660       __tr_align                 1000b660 f   trees.obj
 0001:0000a740       __tr_flush_block           1000b740 f   trees.obj
 0001:0000aef0       _uncompress2@16            1000bef0 f   uncompr.obj
 0001:0000b020       _uncompress@16             1000c020 f   uncompr.obj
 0001:0000b3a0       _unzStringFileNameCompare@12 1000c3a0 f   unzip.obj
 0001:0000bc60       _unzOpen2@8                1000cc60 f   unzip.obj
 0001:0000bcb0       _unzOpen2_64@8             1000ccb0 f   unzip.obj
 0001:0000bd10       _unzOpen@4                 1000cd10 f   unzip.obj
 0001:0000bd30       _unzOpen64@4               1000cd30 f   unzip.obj
 0001:0000bd50       _unzClose@4                1000cd50 f   unzip.obj
 0001:0000bd90       _unzGetGlobalInfo64@8      1000cd90 f   unzip.obj
 0001:0000bdc0       _unzGetGlobalInfo@8        1000cdc0 f   unzip.obj
 0001:0000c440       _unzGetCurrentFileInfo64@32 1000d440 f   unzip.obj
 0001:0000c470       _unzGetCurrentFileInfo@32  1000d470 f   unzip.obj
 0001:0000c530       _unzGoToFirstFile@4        1000d530 f   unzip.obj
 0001:0000c5a0       _unzGoToNextFile@4         1000d5a0 f   unzip.obj
 0001:0000c650       _unzLocateFile@12          1000d650 f   unzip.obj
 0001:0000c800       _unzGetFilePos64@8         1000d800 f   unzip.obj
 0001:0000c850       _unzGetFilePos@8           1000d850 f   unzip.obj
 0001:0000c880       _unzGoToFilePos64@8        1000d880 f   unzip.obj
 0001:0000c8f0       _unzGoToFilePos@8          1000d8f0 f   unzip.obj
 0001:0000cb90       _unzOpenCurrentFile3@20    1000db90 f   unzip.obj
 0001:0000ce10       _unzOpenCurrentFile@4      1000de10 f   unzip.obj
 0001:0000ce30       _unzOpenCurrentFilePassword@8 1000de30 f   unzip.obj
 0001:0000ce50       _unzOpenCurrentFile2@16    1000de50 f   unzip.obj
 0001:0000ce70       _unzGetCurrentFileZStreamPos64@4 1000de70 f   unzip.obj
 0001:0000ceb0       _unzReadCurrentFile@12     1000deb0 f   unzip.obj
 0001:0000d190       _unztell@4                 1000e190 f   unzip.obj
 0001:0000d1c0       _unztell64@4               1000e1c0 f   unzip.obj
 0001:0000d1f0       _unzeof@4                  1000e1f0 f   unzip.obj
 0001:0000d230       _unzGetLocalExtrafield@12  1000e230 f   unzip.obj
 0001:0000d300       _unzCloseCurrentFile@4     1000e300 f   unzip.obj
 0001:0000d3a0       _unzGetGlobalComment@12    1000e3a0 f   unzip.obj
 0001:0000dfc0       _LoadCentralDirectoryRecord 1000efc0 f   zip.obj
 0001:0000e480       _zipOpen3@16               1000f480 f   zip.obj
 0001:0000e5f0       _zipOpen2@16               1000f5f0 f   zip.obj
 0001:0000e640       _zipOpen2_64@16            1000f640 f   zip.obj
 0001:0000e6a0       _zipOpen@8                 1000f6a0 f   zip.obj
 0001:0000e6c0       _zipOpen64@8               1000f6c0 f   zip.obj
 0001:0000e6e0       _Write_LocalFileHeader     1000f6e0 f   zip.obj
 0001:0000e920       _zipOpenNewFileInZip4_64@76 1000f920 f   zip.obj
 0001:0000ee70       _zipOpenNewFileInZip3@64   1000fe70 f   zip.obj
 0001:0000eec0       _zipOpenNewFileInZip3_64@68 1000fec0 f   zip.obj
 0001:0000ef10       _zipOpenNewFileInZip2@44   1000ff10 f   zip.obj
 0001:0000ef50       _zipOpenNewFileInZip2_64@48 1000ff50 f   zip.obj
 0001:0000ef90       _zipOpenNewFileInZip64@44  1000ff90 f   zip.obj
 0001:0000efd0       _zipOpenNewFileInZip@40    1000ffd0 f   zip.obj
 0001:0000f0d0       _zipWriteInFileInZip@12    100100d0 f   zip.obj
 0001:0000f1e0       _zipCloseFileInZipRaw@12   100101e0 f   zip.obj
 0001:0000f200       _zipCloseFileInZipRaw64@16 10010200 f   zip.obj
 0001:0000f710       _zipCloseFileInZip@4       10010710 f   zip.obj
 0001:0000f730       _Write_Zip64EndOfCentralDirectoryLocator 10010730 f   zip.obj
 0001:0000f7b0       _Write_Zip64EndOfCentralDirectoryRecord 100107b0 f   zip.obj
 0001:0000f8d0       _Write_EndOfCentralDirectoryRecord 100108d0 f   zip.obj
 0001:0000fa00       _Write_GlobalComment       10010a00 f   zip.obj
 0001:0000fa70       _zipClose@8                10010a70 f   zip.obj
 0001:0000fc00       _zlibVersion@0             10010c00 f   zutil.obj
 0001:0000fc10       _zlibCompileFlags@0        10010c10 f   zutil.obj
 0001:0000fc20       _zError@4                  10010c20 f   zutil.obj
 0001:0000fc40       _zcalloc                   10010c40 f   zutil.obj
 0001:0000fc60       _zcfree                    10010c60 f   zutil.obj
 0001:0000fc71       _ReadFile@20               10010c71 f   kernel32:KERNEL32.dll
 0001:0000fc77       _WriteFile@20              10010c77 f   kernel32:KERNEL32.dll
 0001:0000fc7d       _SetFilePointer@16         10010c7d f   kernel32:KERNEL32.dll
 0001:0000fc83       _CreateFileW@28            10010c83 f   kernel32:KERNEL32.dll
 0001:0000fc89       _GetLastError@0            10010c89 f   kernel32:KERNEL32.dll
 0001:0000fc8f       _CreateFileA@28            10010c8f f   kernel32:KERNEL32.dll
 0001:0000fc95       _CloseHandle@4             10010c95 f   kernel32:KERNEL32.dll
 0001:0000ffdb       __CRT_INIT@12              10010fdb f   MSVCRT:dll_dllmain.obj
 0001:0000ffe4       __DllMainCRTStartup@12     10010fe4 f   MSVCRT:dll_dllmain.obj
 0001:00010054       ___security_init_cookie    10011054 f   MSVCRT:gs_support.obj
 0001:0001009f       _DllMain@12                1001109f f   MSVCRT:dll_dllmain_stub.obj
 0001:000100c1       ?__scrt_initialize_type_info@@YAXXZ 100110c1 f   MSVCRT:tncleanup.obj
 0001:000100cd       ?__scrt_uninitialize_type_info@@YAXXZ 100110cd f   MSVCRT:tncleanup.obj
 0001:000100d9       ___local_stdio_scanf_options 100110d9 f i MSVCRT:default_local_stdio_options.obj
 0001:000100df       ___scrt_initialize_default_local_stdio_options 100110df f   MSVCRT:default_local_stdio_options.obj
 0001:000100fc       ?configure_argv@__scrt_narrow_argv_policy@@SAHXZ 100110fc f i MSVCRT:utility.obj
 0001:0001014d       ?initialize_environment@__scrt_narrow_environment_policy@@SAHXZ 1001114d f i MSVCRT:utility.obj
 0001:00010186       _NtCurrentTeb              10011186 f i MSVCRT:utility.obj
 0001:0001018d       ___scrt_acquire_startup_lock 1001118d f   MSVCRT:utility.obj
 0001:000101bf       ___scrt_dllmain_after_initialize_c 100111bf f   MSVCRT:utility.obj
 0001:000101ea       ___scrt_dllmain_before_initialize_c 100111ea f   MSVCRT:utility.obj
 0001:000101f8       ___scrt_dllmain_crt_thread_attach 100111f8 f   MSVCRT:utility.obj
 0001:00010217       ___scrt_dllmain_crt_thread_detach 10011217 f   MSVCRT:utility.obj
 0001:00010224       ___scrt_dllmain_exception_filter 10011224 f   MSVCRT:utility.obj
 0001:00010258       ___scrt_dllmain_uninitialize_c 10011258 f   MSVCRT:utility.obj
 0001:0001027b       ___scrt_dllmain_uninitialize_critical 1001127b f   MSVCRT:utility.obj
 0001:00010288       ___scrt_initialize_crt     10011288 f   MSVCRT:utility.obj
 0001:000102c1       ___scrt_initialize_onexit_tables 100112c1 f   MSVCRT:utility.obj
 0001:00010348       ___scrt_is_nonwritable_in_current_image 10011348 f   MSVCRT:utility.obj
 0001:000103dc       ___scrt_release_startup_lock 100113dc f   MSVCRT:utility.obj
 0001:000103f9       ___scrt_uninitialize_crt   100113f9 f   MSVCRT:utility.obj
 0001:00010421       __onexit                   10011421 f   MSVCRT:utility.obj
 0001:0001044e       _at_quick_exit             1001144e f   MSVCRT:utility.obj
 0001:00010471       _atexit                    10011471 f   MSVCRT:utility.obj
 0001:00010486       ___scrt_get_dyn_tls_init_callback 10011486 f   MSVCRT:dyn_tls_init.obj
 0001:0001048c       ___scrt_fastfail           1001148c f   MSVCRT:utility_desktop.obj
 0001:000105a7       ___scrt_get_show_window_mode 100115a7 f   MSVCRT:utility_desktop.obj
 0001:000105d8       ___scrt_initialize_mta     100115d8 f   MSVCRT:utility_desktop.obj
 0001:000105dd       ___scrt_initialize_winrt   100115dd f   MSVCRT:utility_desktop.obj
 0001:000105e0       ___scrt_is_managed_app     100115e0 f   MSVCRT:utility_desktop.obj
 0001:00010623       ___scrt_set_unhandled_exception_filter 10011623 f   MSVCRT:utility_desktop.obj
 0001:0001062f       ___scrt_exe_initialize_mta 1001162f f   MSVCRT:utility_desktop.obj
 0001:0001062f       ___scrt_stub_for_initialize_mta 1001162f f   MSVCRT:utility_desktop.obj
 0001:00010632       ___scrt_unhandled_exception_filter@4 10011632 f   MSVCRT:utility_desktop.obj
 0001:00010688       __crt_debugger_hook        10011688 f   MSVCRT:utility_desktop.obj
 0001:00010690       __RTC_Initialize           10011690 f   MSVCRT:initsect.obj
 0001:000106bc       __RTC_Terminate            100116bc f   MSVCRT:initsect.obj
 0001:000106f0       __SEH_prolog4              100116f0 f   MSVCRT:sehprolg4.obj
 0001:00010740       __SEH_epilog4              10011740 f   MSVCRT:sehprolg4.obj
 0001:00010754       __except_handler4          10011754 f   MSVCRT:chandler4gs.obj
 0001:00010783       @_guard_check_icall_nop@4  10011783 f i MSVCRT:guard_support.obj
 0001:00010786       _ReadNoFence               10011786 f i MSVCRT:guard_support.obj
 0001:00010790       _ReadPointerNoFence        10011790 f i MSVCRT:guard_support.obj
 0001:0001079a       ___castguard_check_failure_debugbreak 1001179a f i MSVCRT:guard_support.obj
 0001:000107b5       ___castguard_check_failure_fastfail 100117b5 f i MSVCRT:guard_support.obj
 0001:000107d4       ___castguard_check_failure_nop 100117d4 f i MSVCRT:guard_support.obj
 0001:000107d7       ___castguard_check_failure_os_handled 100117d7 f i MSVCRT:guard_support.obj
 0001:0001082b       ___castguard_slow_path_check_debugbreak 1001182b f i MSVCRT:guard_support.obj
 0001:00010858       ___castguard_slow_path_check_fastfail 10011858 f i MSVCRT:guard_support.obj
 0001:00010889       ___castguard_slow_path_check_nop 10011889 f i MSVCRT:guard_support.obj
 0001:0001088c       ___castguard_slow_path_check_os_handled 1001188c f i MSVCRT:guard_support.obj
 0001:000108f2       __guard_icall_checks_enforced 100118f2 f i MSVCRT:guard_support.obj
 0001:00010904       ___isa_available_init      10011904 f   MSVCRT:cpu_disp.obj
 0001:00010ad5       __get_startup_argv_mode    10011ad5 f   MSVCRT:argv_mode.obj
 0001:00010ad9       ___scrt_is_ucrt_dll_in_use 10011ad9 f   MSVCRT:ucrt_detection.obj
 0001:00010ae5       @__security_check_cookie@4 10011ae5 f   MSVCRT:secchk.obj
 0001:00010af3       ___raise_securityfailure   10011af3 f   MSVCRT:gs_report.obj
 0001:00010b1b       ___report_gsfailure        10011b1b f   MSVCRT:gs_report.obj
 0001:00010c15       ___report_rangecheckfailure 10011c15 f   MSVCRT:gs_report.obj
 0001:00010c21       ___report_securityfailure  10011c21 f   MSVCRT:gs_report.obj
 0001:00010cf0       ___report_securityfailureEx 10011cf0 f   MSVCRT:gs_report.obj
 0001:00010e05       ___std_type_info_destroy_list 10011e05 f   vcruntime:VCRUNTIME140.dll
 0001:00010e0b       ___current_exception       10011e0b f   vcruntime:VCRUNTIME140.dll
 0001:00010e11       ___current_exception_context 10011e11 f   vcruntime:VCRUNTIME140.dll
 0001:00010e17       _memset                    10011e17 f   vcruntime:VCRUNTIME140.dll
 0001:00010e1d       __except_handler4_common   10011e1d f   vcruntime:VCRUNTIME140.dll
 0001:00010e23       __lseeki64                 10011e23 f   ucrt:api-ms-win-crt-stdio-l1-1-0.dll
 0001:00010e29       __wopen                    10011e29 f   ucrt:api-ms-win-crt-stdio-l1-1-0.dll
 0001:00010e2f       __open                     10011e2f f   ucrt:api-ms-win-crt-stdio-l1-1-0.dll
 0001:00010e35       _wcstombs                  10011e35 f   ucrt:api-ms-win-crt-convert-l1-1-0.dll
 0001:00010e3b       ___stdio_common_vsprintf   10011e3b f   ucrt:api-ms-win-crt-stdio-l1-1-0.dll
 0001:00010e41       _free                      10011e41 f   ucrt:api-ms-win-crt-heap-l1-1-0.dll
 0001:00010e47       _malloc                    10011e47 f   ucrt:api-ms-win-crt-heap-l1-1-0.dll
 0001:00010e4d       __read                     10011e4d f   ucrt:api-ms-win-crt-stdio-l1-1-0.dll
 0001:00010e53       __close                    10011e53 f   ucrt:api-ms-win-crt-stdio-l1-1-0.dll
 0001:00010e59       __errno                    10011e59 f   ucrt:api-ms-win-crt-runtime-l1-1-0.dll
 0001:00010e5f       _strerror                  10011e5f f   ucrt:api-ms-win-crt-runtime-l1-1-0.dll
 0001:00010e65       __write                    10011e65 f   ucrt:api-ms-win-crt-stdio-l1-1-0.dll
 0001:00010e6b       _ftell                     10011e6b f   ucrt:api-ms-win-crt-stdio-l1-1-0.dll
 0001:00010e71       _ferror                    10011e71 f   ucrt:api-ms-win-crt-stdio-l1-1-0.dll
 0001:00010e77       _fopen                     10011e77 f   ucrt:api-ms-win-crt-stdio-l1-1-0.dll
 0001:00010e7d       _fclose                    10011e7d f   ucrt:api-ms-win-crt-stdio-l1-1-0.dll
 0001:00010e83       _fseek                     10011e83 f   ucrt:api-ms-win-crt-stdio-l1-1-0.dll
 0001:00010e89       _fwrite                    10011e89 f   ucrt:api-ms-win-crt-stdio-l1-1-0.dll
 0001:00010e8f       __ftelli64                 10011e8f f   ucrt:api-ms-win-crt-stdio-l1-1-0.dll
 0001:00010e95       _fread                     10011e95 f   ucrt:api-ms-win-crt-stdio-l1-1-0.dll
 0001:00010e9b       __fseeki64                 10011e9b f   ucrt:api-ms-win-crt-stdio-l1-1-0.dll
 0001:00010ea1       _srand                     10011ea1 f   ucrt:api-ms-win-crt-utility-l1-1-0.dll
 0001:00010ea7       _rand                      10011ea7 f   ucrt:api-ms-win-crt-utility-l1-1-0.dll
 0001:00010ead       __time64                   10011ead f   ucrt:api-ms-win-crt-time-l1-1-0.dll
 0001:00010eb3       __initterm                 10011eb3 f   ucrt:api-ms-win-crt-runtime-l1-1-0.dll
 0001:00010eb9       __initterm_e               10011eb9 f   ucrt:api-ms-win-crt-runtime-l1-1-0.dll
 0001:00010ebf       __seh_filter_dll           10011ebf f   ucrt:api-ms-win-crt-runtime-l1-1-0.dll
 0001:00010ec5       __configure_narrow_argv    10011ec5 f   ucrt:api-ms-win-crt-runtime-l1-1-0.dll
 0001:00010ecb       __initialize_narrow_environment 10011ecb f   ucrt:api-ms-win-crt-runtime-l1-1-0.dll
 0001:00010ed1       __initialize_onexit_table  10011ed1 f   ucrt:api-ms-win-crt-runtime-l1-1-0.dll
 0001:00010ed7       __register_onexit_function 10011ed7 f   ucrt:api-ms-win-crt-runtime-l1-1-0.dll
 0001:00010edd       __execute_onexit_table     10011edd f   ucrt:api-ms-win-crt-runtime-l1-1-0.dll
 0001:00010ee3       __crt_atexit               10011ee3 f   ucrt:api-ms-win-crt-runtime-l1-1-0.dll
 0001:00010ee9       __crt_at_quick_exit        10011ee9 f   ucrt:api-ms-win-crt-runtime-l1-1-0.dll
 0001:00010eef       __cexit                    10011eef f   ucrt:api-ms-win-crt-runtime-l1-1-0.dll
 0001:00010ef5       _terminate                 10011ef5 f   ucrt:api-ms-win-crt-runtime-l1-1-0.dll
 0001:00010efb       _QueryPerformanceCounter@4 10011efb f   kernel32:KERNEL32.dll
 0001:00010f01       _GetCurrentProcessId@0     10011f01 f   kernel32:KERNEL32.dll
 0001:00010f07       _GetCurrentThreadId@0      10011f07 f   kernel32:KERNEL32.dll
 0001:00010f0d       _GetSystemTimeAsFileTime@4 10011f0d f   kernel32:KERNEL32.dll
 0001:00010f13       _DisableThreadLibraryCalls@4 10011f13 f   kernel32:KERNEL32.dll
 0001:00010f19       _InitializeSListHead@4     10011f19 f   kernel32:KERNEL32.dll
 0001:00010f1f       _IsDebuggerPresent@0       10011f1f f   kernel32:KERNEL32.dll
 0001:00010f25       _UnhandledExceptionFilter@4 10011f25 f   kernel32:KERNEL32.dll
 0001:00010f2b       _SetUnhandledExceptionFilter@4 10011f2b f   kernel32:KERNEL32.dll
 0001:00010f31       _GetStartupInfoW@4         10011f31 f   kernel32:KERNEL32.dll
 0001:00010f37       _IsProcessorFeaturePresent@4 10011f37 f   kernel32:KERNEL32.dll
 0001:00010f3d       _GetModuleHandleW@4        10011f3d f   kernel32:KERNEL32.dll
 0001:00010f43       _GetCurrentProcess@0       10011f43 f   kernel32:KERNEL32.dll
 0001:00010f49       _TerminateProcess@8        10011f49 f   kernel32:KERNEL32.dll
 0001:00010f4f       ___scrt_stub_for_acrt_initialize 10011f4f f   MSVCRT:ucrt_stubs.obj
 0001:00010f4f       ___acrt_initialize         10011f4f f   MSVCRT:ucrt_stubs.obj
 0001:00010f4f       ___vcrt_initialize         10011f4f f   MSVCRT:ucrt_stubs.obj
 0001:00010f52       ___vcrt_thread_attach      10011f52 f   MSVCRT:ucrt_stubs.obj
 0001:00010f52       ___acrt_thread_attach      10011f52 f   MSVCRT:ucrt_stubs.obj
 0001:00010f52       ___scrt_stub_for_acrt_thread_attach 10011f52 f   MSVCRT:ucrt_stubs.obj
 0001:00010f55       ___scrt_stub_for_acrt_thread_detach 10011f55 f   MSVCRT:ucrt_stubs.obj
 0001:00010f55       ___vcrt_thread_detach      10011f55 f   MSVCRT:ucrt_stubs.obj
 0001:00010f55       ___acrt_thread_detach      10011f55 f   MSVCRT:ucrt_stubs.obj
 0001:00010f58       ___vcrt_uninitialize       10011f58 f   MSVCRT:ucrt_stubs.obj
 0001:00010f58       ___acrt_uninitialize       10011f58 f   MSVCRT:ucrt_stubs.obj
 0001:00010f58       ___scrt_stub_for_acrt_uninitialize 10011f58 f   MSVCRT:ucrt_stubs.obj
 0001:00010f5b       ___acrt_uninitialize_critical 10011f5b f   MSVCRT:ucrt_stubs.obj
 0001:00010f5b       ___scrt_stub_for_acrt_uninitialize_critical 10011f5b f   MSVCRT:ucrt_stubs.obj
 0001:00010f5b       ___vcrt_uninitialize_critical 10011f5b f   MSVCRT:ucrt_stubs.obj
 0001:00010f5e       ___scrt_stub_for_is_c_termination_complete 10011f5e f   MSVCRT:ucrt_stubs.obj
 0001:00010f5e       __is_c_termination_complete 10011f5e f   MSVCRT:ucrt_stubs.obj
 0001:00010f61       __filter_x86_sse2_floating_point_exception 10011f61 f   MSVCRT:x86_exception_filter.obj
 0001:00010f61       __filter_x86_sse2_floating_point_exception_default 10011f61 f   MSVCRT:x86_exception_filter.obj
 0001:00010fe0       __chkstk                   10011fe0 f   MSVCRT:chkstk.obj
 0001:00010fe0       __alloca_probe             10011fe0 f   MSVCRT:chkstk.obj
 0001:0001100b       _memchr                    1001200b f   vcruntime:VCRUNTIME140.dll
 0001:00011011       _memcpy                    10012011 f   vcruntime:VCRUNTIME140.dll
 0002:00000000       __imp__ReadFile@20         10013000     kernel32:KERNEL32.dll
 0002:00000004       __imp__WriteFile@20        10013004     kernel32:KERNEL32.dll
 0002:00000008       __imp__SetFilePointer@16   10013008     kernel32:KERNEL32.dll
 0002:0000000c       __imp__CreateFileW@28      1001300c     kernel32:KERNEL32.dll
 0002:00000010       __imp__GetLastError@0      10013010     kernel32:KERNEL32.dll
 0002:00000014       __imp__CreateFileA@28      10013014     kernel32:KERNEL32.dll
 0002:00000018       __imp__CloseHandle@4       10013018     kernel32:KERNEL32.dll
 0002:0000001c       __imp__GetCurrentProcessId@0 1001301c     kernel32:KERNEL32.dll
 0002:00000020       __imp__GetCurrentThreadId@0 10013020     kernel32:KERNEL32.dll
 0002:00000024       __imp__GetSystemTimeAsFileTime@4 10013024     kernel32:KERNEL32.dll
 0002:00000028       __imp__DisableThreadLibraryCalls@4 10013028     kernel32:KERNEL32.dll
 0002:0000002c       __imp__InitializeSListHead@4 1001302c     kernel32:KERNEL32.dll
 0002:00000030       __imp__IsDebuggerPresent@0 10013030     kernel32:KERNEL32.dll
 0002:00000034       __imp__UnhandledExceptionFilter@4 10013034     kernel32:KERNEL32.dll
 0002:00000038       __imp__TerminateProcess@8  10013038     kernel32:KERNEL32.dll
 0002:0000003c       __imp__GetCurrentProcess@0 1001303c     kernel32:KERNEL32.dll
 0002:00000040       __imp__GetModuleHandleW@4  10013040     kernel32:KERNEL32.dll
 0002:00000044       __imp__IsProcessorFeaturePresent@4 10013044     kernel32:KERNEL32.dll
 0002:00000048       __imp__GetStartupInfoW@4   10013048     kernel32:KERNEL32.dll
 0002:0000004c       __imp__SetUnhandledExceptionFilter@4 1001304c     kernel32:KERNEL32.dll
 0002:00000050       __imp__QueryPerformanceCounter@4 10013050     kernel32:KERNEL32.dll
 0002:00000054       \177KERNEL32_NULL_THUNK_DATA 10013054     kernel32:KERNEL32.dll
 0002:00000058       __imp____current_exception_context 10013058     vcruntime:VCRUNTIME140.dll
 0002:0000005c       __imp____current_exception 1001305c     vcruntime:VCRUNTIME140.dll
 0002:00000060       __imp____std_type_info_destroy_list 10013060     vcruntime:VCRUNTIME140.dll
 0002:00000064       __imp__memset              10013064     vcruntime:VCRUNTIME140.dll
 0002:00000068       __imp___except_handler4_common 10013068     vcruntime:VCRUNTIME140.dll
 0002:0000006c       __imp__memchr              1001306c     vcruntime:VCRUNTIME140.dll
 0002:00000070       __imp__memcpy              10013070     vcruntime:VCRUNTIME140.dll
 0002:00000074       \177VCRUNTIME140_NULL_THUNK_DATA 10013074     vcruntime:VCRUNTIME140.dll
 0002:00000078       __imp__wcstombs            10013078     ucrt:api-ms-win-crt-convert-l1-1-0.dll
 0002:0000007c       \177api-ms-win-crt-convert-l1-1-0_NULL_THUNK_DATA 1001307c     ucrt:api-ms-win-crt-convert-l1-1-0.dll
 0002:00000080       __imp__malloc              10013080     ucrt:api-ms-win-crt-heap-l1-1-0.dll
 0002:00000084       __imp__free                10013084     ucrt:api-ms-win-crt-heap-l1-1-0.dll
 0002:00000088       \177api-ms-win-crt-heap-l1-1-0_NULL_THUNK_DATA 10013088     ucrt:api-ms-win-crt-heap-l1-1-0.dll
 0002:0000008c       __imp__strerror            1001308c     ucrt:api-ms-win-crt-runtime-l1-1-0.dll
 0002:00000090       __imp___errno              10013090     ucrt:api-ms-win-crt-runtime-l1-1-0.dll
 0002:00000094       __imp__terminate           10013094     ucrt:api-ms-win-crt-runtime-l1-1-0.dll
 0002:00000098       __imp___initterm           10013098     ucrt:api-ms-win-crt-runtime-l1-1-0.dll
 0002:0000009c       __imp___initterm_e         1001309c     ucrt:api-ms-win-crt-runtime-l1-1-0.dll
 0002:000000a0       __imp___seh_filter_dll     100130a0     ucrt:api-ms-win-crt-runtime-l1-1-0.dll
 0002:000000a4       __imp___configure_narrow_argv 100130a4     ucrt:api-ms-win-crt-runtime-l1-1-0.dll
 0002:000000a8       __imp___initialize_narrow_environment 100130a8     ucrt:api-ms-win-crt-runtime-l1-1-0.dll
 0002:000000ac       __imp___initialize_onexit_table 100130ac     ucrt:api-ms-win-crt-runtime-l1-1-0.dll
 0002:000000b0       __imp___register_onexit_function 100130b0     ucrt:api-ms-win-crt-runtime-l1-1-0.dll
 0002:000000b4       __imp___execute_onexit_table 100130b4     ucrt:api-ms-win-crt-runtime-l1-1-0.dll
 0002:000000b8       __imp___crt_atexit         100130b8     ucrt:api-ms-win-crt-runtime-l1-1-0.dll
 0002:000000bc       __imp___crt_at_quick_exit  100130bc     ucrt:api-ms-win-crt-runtime-l1-1-0.dll
 0002:000000c0       __imp___cexit              100130c0     ucrt:api-ms-win-crt-runtime-l1-1-0.dll
 0002:000000c4       \177api-ms-win-crt-runtime-l1-1-0_NULL_THUNK_DATA 100130c4     ucrt:api-ms-win-crt-runtime-l1-1-0.dll
 0002:000000c8       __imp__fopen               100130c8     ucrt:api-ms-win-crt-stdio-l1-1-0.dll
 0002:000000cc       __imp___fseeki64           100130cc     ucrt:api-ms-win-crt-stdio-l1-1-0.dll
 0002:000000d0       __imp____stdio_common_vsprintf 100130d0     ucrt:api-ms-win-crt-stdio-l1-1-0.dll
 0002:000000d4       __imp___lseeki64           100130d4     ucrt:api-ms-win-crt-stdio-l1-1-0.dll
 0002:000000d8       __imp___wopen              100130d8     ucrt:api-ms-win-crt-stdio-l1-1-0.dll
 0002:000000dc       __imp___open               100130dc     ucrt:api-ms-win-crt-stdio-l1-1-0.dll
 0002:000000e0       __imp__ferror              100130e0     ucrt:api-ms-win-crt-stdio-l1-1-0.dll
 0002:000000e4       __imp__ftell               100130e4     ucrt:api-ms-win-crt-stdio-l1-1-0.dll
 0002:000000e8       __imp___write              100130e8     ucrt:api-ms-win-crt-stdio-l1-1-0.dll
 0002:000000ec       __imp__fread               100130ec     ucrt:api-ms-win-crt-stdio-l1-1-0.dll
 0002:000000f0       __imp___ftelli64           100130f0     ucrt:api-ms-win-crt-stdio-l1-1-0.dll
 0002:000000f4       __imp___close              100130f4     ucrt:api-ms-win-crt-stdio-l1-1-0.dll
 0002:000000f8       __imp___read               100130f8     ucrt:api-ms-win-crt-stdio-l1-1-0.dll
 0002:000000fc       __imp__fwrite              100130fc     ucrt:api-ms-win-crt-stdio-l1-1-0.dll
 0002:00000100       __imp__fseek               10013100     ucrt:api-ms-win-crt-stdio-l1-1-0.dll
 0002:00000104       __imp__fclose              10013104     ucrt:api-ms-win-crt-stdio-l1-1-0.dll
 0002:00000108       \177api-ms-win-crt-stdio-l1-1-0_NULL_THUNK_DATA 10013108     ucrt:api-ms-win-crt-stdio-l1-1-0.dll
 0002:0000010c       __imp___time64             1001310c     ucrt:api-ms-win-crt-time-l1-1-0.dll
 0002:00000110       \177api-ms-win-crt-time-l1-1-0_NULL_THUNK_DATA 10013110     ucrt:api-ms-win-crt-time-l1-1-0.dll
 0002:00000114       __imp__srand               10013114     ucrt:api-ms-win-crt-utility-l1-1-0.dll
 0002:00000118       __imp__rand                10013118     ucrt:api-ms-win-crt-utility-l1-1-0.dll
 0002:0000011c       \177api-ms-win-crt-utility-l1-1-0_NULL_THUNK_DATA 1001311c     ucrt:api-ms-win-crt-utility-l1-1-0.dll
 0002:00000120       ___guard_check_icall_fptr  10013120     MSVCRT:guard_support.obj
 0002:00000124       ___guard_xfg_check_icall_fptr 10013124     MSVCRT:guard_support.obj
 0002:00000128       ___xc_a                    10013128     MSVCRT:initializers.obj
 0002:0000012c       ___xc_z                    1001312c     MSVCRT:initializers.obj
 0002:00000130       ___xi_a                    10013130     MSVCRT:initializers.obj
 0002:00000134       ___xi_z                    10013134     MSVCRT:initializers.obj
 0002:00000138       ___xp_a                    10013138     MSVCRT:initializers.obj
 0002:0000013c       ___xp_z                    1001313c     MSVCRT:initializers.obj
 0002:00000140       ___xt_a                    10013140     MSVCRT:initializers.obj
 0002:00000144       ___xt_z                    10013144     MSVCRT:initializers.obj
 0002:00000148       __pDefaultRawDllMain       10013148     MSVCRT:dll_dllmain.obj
 0002:00000148       __pRawDllMain              10013148     MSVCRT:dll_dllmain.obj
 0002:00000154       ??_C@_06CJNJFBNP@1?42?411@ 10013154     compress.obj
 0002:00003430       __length_code              10016430     trees.obj
 0002:00003530       __dist_code                10016530     trees.obj
 0002:00003ea8       _unz_copyright             10016ea8     unzip.obj
 0002:00003efc       _z_errmsg                  10016efc     zutil.obj
 0002:00003f24       ??_C@_02DKCKIIND@?$CFs@    10016f24     gzlib.obj
 0002:00003f28       ??_C@_07EBNKNFJN@?$DMfd?3?$CFd?$DO@ 10016f28     gzlib.obj
 0002:00003f30       ??_C@_0O@BNNCBLEN@out?5of?5memory@ 10016f30     gzlib.obj
 0002:00003f3e       ??_C@_00CNPNBAHC@@         10016f3e     gzlib.obj
 0002:00003f40       ??_C@_02LMMGGCAJ@?3?5@     10016f40     gzlib.obj
 0002:00003f44       ??_C@_06DIJPEION@?$CFs?$CFs?$CFs@ 10016f44     gzlib.obj
 0002:00003f4c       ??_C@_0BH@CFIIDOJD@unexpected?5end?5of?5file@ 10016f4c     gzread.obj
 0002:00003f64       ??_C@_0CH@CPOLIEKA@internal?5error?3?5inflate?5stream?5@ 10016f64     gzread.obj
 0002:00003f8c       ??_C@_0BG@HCKBMIHF@compressed?5data?5error@ 10016f8c     gzread.obj
 0002:00003fa4       ??_C@_0BP@HLDABFKK@request?5does?5not?5fit?5in?5an?5int@ 10016fa4     gzread.obj
 0002:00003fc4       ??_C@_0CB@EGGJDMIK@request?5does?5not?5fit?5in?5a?5size_@ 10016fc4     gzread.obj
 0002:00003fe8       ??_C@_0BP@IIKIGMCC@out?5of?5room?5to?5push?5characters@ 10016fe8     gzread.obj
 0002:00004008       ??_C@_0CH@DEEGAHIB@internal?5error?3?5deflate?5stream?5@ 10017008     gzwrite.obj
 0002:00004030       ??_C@_0CF@MLPJFDMM@requested?5length?5does?5not?5fit?5i@ 10017030     gzwrite.obj
 0002:00004058       ??_C@_0BD@PJCBIDD@invalid?5block?5type@ 10017058     infback.obj
 0002:0000406c       ??_C@_0BN@LGAADGOK@invalid?5stored?5block?5lengths@ 1001706c     infback.obj
 0002:0000408c       ??_C@_0CE@GMIGFPBB@too?5many?5length?5or?5distance?5sym@ 1001708c     infback.obj
 0002:000040b0       ??_C@_0BJ@HDEPPGOH@invalid?5code?5lengths?5set@ 100170b0     infback.obj
 0002:000040cc       ??_C@_0BK@BMMPFBBH@invalid?5bit?5length?5repeat@ 100170cc     infback.obj
 0002:000040e8       ??_C@_0CF@DGDMADCD@invalid?5code?5?9?9?5missing?5end?9of?9@ 100170e8     infback.obj
 0002:00004110       ??_C@_0BM@IIMGAINC@invalid?5literal?1lengths?5set@ 10017110     infback.obj
 0002:0000412c       ??_C@_0BG@GMDFCBGP@invalid?5distances?5set@ 1001712c     infback.obj
 0002:00004144       ??_C@_0BM@FFFLPBBC@invalid?5literal?1length?5code@ 10017144     infback.obj
 0002:00004160       ??_C@_0BG@LBKINIKP@invalid?5distance?5code@ 10017160     infback.obj
 0002:00004178       ??_C@_0BO@ECPMAOGG@invalid?5distance?5too?5far?5back@ 10017178     infback.obj
 0002:00004198       ??_C@_0BH@LIBMMIGA@incorrect?5header?5check@ 10017198     inflate.obj
 0002:000041b0       ??_C@_0BL@IHKGDAEE@unknown?5compression?5method@ 100171b0     inflate.obj
 0002:000041cc       ??_C@_0BE@EMOGCLGO@invalid?5window?5size@ 100171cc     inflate.obj
 0002:000041e0       ??_C@_0BJ@BLBBCOMO@unknown?5header?5flags?5set@ 100171e0     inflate.obj
 0002:000041fc       ??_C@_0BE@GONKLEPM@header?5crc?5mismatch@ 100171fc     inflate.obj
 0002:00004210       ??_C@_0BF@MEIGEHBE@incorrect?5data?5check@ 10017210     inflate.obj
 0002:00004228       ??_C@_0BH@FGKKJGOC@incorrect?5length?5check@ 10017228     inflate.obj
 0002:00004240       ??_C@_02JDPG@rb@           10017240     ioapi.obj
 0002:00004244       ??_C@_03HMFOOINA@r?$CLb@   10017244     ioapi.obj
 0002:00004248       ??_C@_02GMLFBBN@wb@        10017248     ioapi.obj
 0002:0000424c       ??_C@_01JOAMLHOP@?9@       1001724c     zip.obj
 0002:00004250       ??_C@_0BA@MOKMMFOD@need?5dictionary@ 10017250     zutil.obj
 0002:00004260       ??_C@_0L@FNAOCBOG@stream?5end@ 10017260     zutil.obj
 0002:0000426c       ??_C@_0L@KIJFAKBJ@file?5error@ 1001726c     zutil.obj
 0002:00004278       ??_C@_0N@MKKNPMJD@stream?5error@ 10017278     zutil.obj
 0002:00004288       ??_C@_0L@HAHMBNLP@data?5error@ 10017288     zutil.obj
 0002:00004294       ??_C@_0BE@OGGJBMCE@insufficient?5memory@ 10017294     zutil.obj
 0002:000042a8       ??_C@_0N@DFPGLBGC@buffer?5error@ 100172a8     zutil.obj
 0002:000042b8       ??_C@_0BF@CJFPCCEG@incompatible?5version@ 100172b8     zutil.obj
 0002:00004340       __load_config_used         10017340     MSVCRT:loadcfg.obj
 0002:00004400       ___CastGuardVftablesStart  10017400     MSVCRT:guard_support.obj
 0002:00004404       ___CastGuardVftablesEnd    10017404     MSVCRT:guard_support.obj
 0002:00004408       ___safe_se_handler_table   10017408     <linker-defined>
 0002:0000440c       ___volatile_metadata       1001740c     <linker-defined>
 0002:00004738       ___rtc_iaa                 10017738     MSVCRT:initsect.obj
 0002:0000473c       ___rtc_izz                 1001773c     MSVCRT:initsect.obj
 0002:00004740       ___rtc_taa                 10017740     MSVCRT:initsect.obj
 0002:00004744       ___rtc_tzz                 10017744     MSVCRT:initsect.obj
 0002:000054cc       __IMPORT_DESCRIPTOR_KERNEL32 100184cc     kernel32:KERNEL32.dll
 0002:000054e0       __IMPORT_DESCRIPTOR_VCRUNTIME140 100184e0     vcruntime:VCRUNTIME140.dll
 0002:000054f4       __IMPORT_DESCRIPTOR_api-ms-win-crt-stdio-l1-1-0 100184f4     ucrt:api-ms-win-crt-stdio-l1-1-0.dll
 0002:00005508       __IMPORT_DESCRIPTOR_api-ms-win-crt-convert-l1-1-0 10018508     ucrt:api-ms-win-crt-convert-l1-1-0.dll
 0002:0000551c       __IMPORT_DESCRIPTOR_api-ms-win-crt-heap-l1-1-0 1001851c     ucrt:api-ms-win-crt-heap-l1-1-0.dll
 0002:00005530       __IMPORT_DESCRIPTOR_api-ms-win-crt-runtime-l1-1-0 10018530     ucrt:api-ms-win-crt-runtime-l1-1-0.dll
 0002:00005544       __IMPORT_DESCRIPTOR_api-ms-win-crt-utility-l1-1-0 10018544     ucrt:api-ms-win-crt-utility-l1-1-0.dll
 0002:00005558       __IMPORT_DESCRIPTOR_api-ms-win-crt-time-l1-1-0 10018558     ucrt:api-ms-win-crt-time-l1-1-0.dll
 0002:0000556c       __NULL_IMPORT_DESCRIPTOR   1001856c     kernel32:KERNEL32.dll
 0003:00000000       ___scrt_native_dllmain_reason 10019000     MSVCRT:utility.obj
 0003:00000010       ___security_cookie_complement 10019010     MSVCRT:gs_cookie.obj
 0003:00000014       ___security_cookie         10019014     MSVCRT:gs_cookie.obj
 0003:00000018       ___isa_enabled             10019018     MSVCRT:cpu_disp.obj
 0003:0000001c       ___scrt_ucrt_dll_is_in_use 1001901c     MSVCRT:ucrt_stubs.obj
 0003:00000028       ?__type_info_root_node@@3U__type_info_node@@A 10019028     MSVCRT:tncleanup.obj
 0003:00000030       ?_OptionsStorage@?1??__local_stdio_printf_options@@9@4_KA 10019030     MSVCRT:default_local_stdio_options.obj
 0003:00000038       ?_OptionsStorage@?1??__local_stdio_scanf_options@@9@4_KA 10019038     MSVCRT:default_local_stdio_options.obj
 0003:00000040       ___scrt_current_native_startup_state 10019040     MSVCRT:utility.obj
 0003:00000044       ___scrt_native_startup_lock 10019044     MSVCRT:utility.obj
 0003:00000064       ___scrt_debugger_hook_flag 10019064     MSVCRT:utility_desktop.obj
 0003:00000068       ___castguard_check_failure_os_handled_fptr 10019068     MSVCRT:guard_support.obj
 0003:0000006c       ___isa_available           1001906c     MSVCRT:cpu_disp.obj
 0003:00000070       ___favor                   10019070     MSVCRT:cpu_disp.obj
 0003:00000398       ___dyn_tls_init_callback   10019398     <common>
 0003:000003a0       ?_OptionsStorage@?1??__local_stdio_printf_options@@9@9 100193a0     <common>
 0003:000003a8       ?_OptionsStorage@?1??__local_stdio_scanf_options@@9@9 100193a8     <common>

 entry point at        0001:0000ffe4

 Static symbols

 0000:fffe4000       .debug$S                   10000000     zlibwapi.exp
 0002:fffed000       __guard_fids___except_handler4 10000000     MSVCRT:chandler4gs.obj
 0002:fffed000       __guard_fids_?dllmain_dispatch@@YAHQAUHINSTANCE__@@KQAX@Z 10000000     MSVCRT:dll_dllmain.obj
 0002:fffed000       __guard_fids__             10000000     MSVCRT:guard_support.obj
 0002:fffed000       __guard_fids__             10000000     MSVCRT:guard_support.obj
 0002:fffed000       __guard_fids___guard_icall_checks_enforced 10000000     MSVCRT:guard_support.obj
 0002:fffed000       __guard_fids____scrt_set_unhandled_exception_filter 10000000     MSVCRT:utility_desktop.obj
 0000:fffe4000       .debug$S                   10000000     vcruntime:VCRUNTIME140.dll
 0000:fffe4000       .debug$S                   10000000     vcruntime:VCRUNTIME140.dll
 0000:fffe4000       .debug$S                   10000000     vcruntime:VCRUNTIME140.dll
 0000:fffe4000       .debug$S                   10000000     vcruntime:VCRUNTIME140.dll
 0000:fffe4000       .debug$S                   10000000     vcruntime:VCRUNTIME140.dll
 0000:fffe4000       .debug$S                   10000000     vcruntime:VCRUNTIME140.dll
 0000:fffe4000       .debug$S                   10000000     vcruntime:VCRUNTIME140.dll
 0000:fffe4000       .debug$S                   10000000     ucrt:api-ms-win-crt-convert-l1-1-0.dll
 0000:fffe4000       .debug$S                   10000000     ucrt:api-ms-win-crt-heap-l1-1-0.dll
 0000:fffe4000       .debug$S                   10000000     ucrt:api-ms-win-crt-heap-l1-1-0.dll
 0000:fffe4000       .debug$S                   10000000     ucrt:api-ms-win-crt-runtime-l1-1-0.dll
 0000:fffe4000       .debug$S                   10000000     ucrt:api-ms-win-crt-runtime-l1-1-0.dll
 0000:fffe4000       .debug$S                   10000000     ucrt:api-ms-win-crt-runtime-l1-1-0.dll
 0000:fffe4000       .debug$S                   10000000     ucrt:api-ms-win-crt-runtime-l1-1-0.dll
 0000:fffe4000       .debug$S                   10000000     ucrt:api-ms-win-crt-runtime-l1-1-0.dll
 0000:fffe4000       .debug$S                   10000000     ucrt:api-ms-win-crt-runtime-l1-1-0.dll
 0000:fffe4000       .debug$S                   10000000     ucrt:api-ms-win-crt-runtime-l1-1-0.dll
 0000:fffe4000       .debug$S                   10000000     ucrt:api-ms-win-crt-runtime-l1-1-0.dll
 0000:fffe4000       .debug$S                   10000000     ucrt:api-ms-win-crt-runtime-l1-1-0.dll
 0000:fffe4000       .debug$S                   10000000     ucrt:api-ms-win-crt-runtime-l1-1-0.dll
 0000:fffe4000       .debug$S                   10000000     ucrt:api-ms-win-crt-runtime-l1-1-0.dll
 0000:fffe4000       .debug$S                   10000000     ucrt:api-ms-win-crt-runtime-l1-1-0.dll
 0000:fffe4000       .debug$S                   10000000     ucrt:api-ms-win-crt-runtime-l1-1-0.dll
 0000:fffe4000       .debug$S                   10000000     ucrt:api-ms-win-crt-runtime-l1-1-0.dll
 0000:fffe4000       .debug$S                   10000000     ucrt:api-ms-win-crt-stdio-l1-1-0.dll
 0000:fffe4000       .debug$S                   10000000     ucrt:api-ms-win-crt-stdio-l1-1-0.dll
 0000:fffe4000       .debug$S                   10000000     ucrt:api-ms-win-crt-stdio-l1-1-0.dll
 0000:fffe4000       .debug$S                   10000000     ucrt:api-ms-win-crt-stdio-l1-1-0.dll
 0000:fffe4000       .debug$S                   10000000     ucrt:api-ms-win-crt-stdio-l1-1-0.dll
 0000:fffe4000       .debug$S                   10000000     ucrt:api-ms-win-crt-stdio-l1-1-0.dll
 0000:fffe4000       .debug$S                   10000000     ucrt:api-ms-win-crt-stdio-l1-1-0.dll
 0000:fffe4000       .debug$S                   10000000     ucrt:api-ms-win-crt-stdio-l1-1-0.dll
 0000:fffe4000       .debug$S                   10000000     ucrt:api-ms-win-crt-stdio-l1-1-0.dll
 0000:fffe4000       .debug$S                   10000000     ucrt:api-ms-win-crt-stdio-l1-1-0.dll
 0000:fffe4000       .debug$S                   10000000     ucrt:api-ms-win-crt-stdio-l1-1-0.dll
 0000:fffe4000       .debug$S                   10000000     ucrt:api-ms-win-crt-stdio-l1-1-0.dll
 0000:fffe4000       .debug$S                   10000000     ucrt:api-ms-win-crt-stdio-l1-1-0.dll
 0000:fffe4000       .debug$S                   10000000     ucrt:api-ms-win-crt-stdio-l1-1-0.dll
 0000:fffe4000       .debug$S                   10000000     ucrt:api-ms-win-crt-stdio-l1-1-0.dll
 0000:fffe4000       .debug$S                   10000000     ucrt:api-ms-win-crt-stdio-l1-1-0.dll
 0000:fffe4000       .debug$S                   10000000     ucrt:api-ms-win-crt-time-l1-1-0.dll
 0000:fffe4000       .debug$S                   10000000     ucrt:api-ms-win-crt-utility-l1-1-0.dll
 0000:fffe4000       .debug$S                   10000000     ucrt:api-ms-win-crt-utility-l1-1-0.dll
 0000:fffe4000       .debug$S                   10000000     kernel32:KERNEL32.dll
 0000:fffe4000       .debug$S                   10000000     kernel32:KERNEL32.dll
 0000:fffe4000       .debug$S                   10000000     kernel32:KERNEL32.dll
 0000:fffe4000       .debug$S                   10000000     kernel32:KERNEL32.dll
 0000:fffe4000       .debug$S                   10000000     kernel32:KERNEL32.dll
 0000:fffe4000       .debug$S                   10000000     kernel32:KERNEL32.dll
 0000:fffe4000       .debug$S                   10000000     kernel32:KERNEL32.dll
 0000:fffe4000       .debug$S                   10000000     kernel32:KERNEL32.dll
 0000:fffe4000       .debug$S                   10000000     kernel32:KERNEL32.dll
 0000:fffe4000       .debug$S                   10000000     kernel32:KERNEL32.dll
 0000:fffe4000       .debug$S                   10000000     kernel32:KERNEL32.dll
 0000:fffe4000       .debug$S                   10000000     kernel32:KERNEL32.dll
 0000:fffe4000       .debug$S                   10000000     kernel32:KERNEL32.dll
 0000:fffe4000       .debug$S                   10000000     kernel32:KERNEL32.dll
 0000:fffe4000       .debug$S                   10000000     kernel32:KERNEL32.dll
 0000:fffe4000       .debug$S                   10000000     kernel32:KERNEL32.dll
 0000:fffe4000       .debug$S                   10000000     kernel32:KERNEL32.dll
 0000:fffe4000       .debug$S                   10000000     kernel32:KERNEL32.dll
 0000:fffe4000       .debug$S                   10000000     kernel32:KERNEL32.dll
 0000:fffe4000       .debug$S                   10000000     kernel32:KERNEL32.dll
 0000:fffe4000       .debug$S                   10000000     kernel32:KERNEL32.dll
 0001:00000290       _adler32_combine_          10001290 f   adler32.obj
 0001:00000550       _crc32_little              10001550 f   crc32.obj
 0001:000007e0       _crc32_big                 100017e0 f   crc32.obj
 0001:00000ac0       _gf2_matrix_times          10001ac0 f   crc32.obj
 0001:00000ae0       _gf2_matrix_square         10001ae0 f   crc32.obj
 0001:00000b20       _crc32_combine_            10001b20 f   crc32.obj
 0001:00000c30       _slide_hash                10001c30 f   deflate.obj
 0001:00000ef0       _deflateStateCheck         10001ef0 f   deflate.obj
 0001:000015c0       _putShortMSB               100025c0 f   deflate.obj
 0001:000015f0       _flush_pending             100025f0 f   deflate.obj
 0001:00002150       _read_buf                  10003150 f   deflate.obj
 0001:000021d0       _lm_init                   100031d0 f   deflate.obj
 0001:00002280       _longest_match             10003280 f   deflate.obj
 0001:00002410       _fill_window               10003410 f   deflate.obj
 0001:000025b0       _deflate_stored            100035b0 f   deflate.obj
 0001:00002950       _deflate_fast              10003950 f   deflate.obj
 0001:00002c60       _deflate_slow              10003c60 f   deflate.obj
 0001:00003060       _deflate_rle               10004060 f   deflate.obj
 0001:000032e0       _deflate_huff              100042e0 f   deflate.obj
 0001:00003500       _gz_reset                  10004500 f   gzlib.obj
 0001:00003560       _gz_open                   10004560 f   gzlib.obj
 0001:00003808       $LN52                      10004808     gzlib.obj
 0001:00003834       $LN51                      10004834     gzlib.obj
 0001:00003e70       _gz_load                   10004e70 f   gzread.obj
 0001:00003f10       _gz_avail                  10004f10 f   gzread.obj
 0001:00003f90       _gz_look                   10004f90 f   gzread.obj
 0001:00004120       _gz_decomp                 10005120 f   gzread.obj
 0001:00004230       _gz_fetch                  10005230 f   gzread.obj
 0001:000042b0       _gz_skip                   100052b0 f   gzread.obj
 0001:00004330       _gz_read                   10005330 f   gzread.obj
 0001:000048f0       _gz_init                   100058f0 f   gzwrite.obj
 0001:000049e0       _gz_comp                   100059e0 f   gzwrite.obj
 0001:00004b50       _gz_zero                   10005b50 f   gzwrite.obj
 0001:00004c00       _gz_write                  10005c00 f   gzwrite.obj
 0001:00005320       _fixedtables               10006320 f   infback.obj
 0001:000060c8       $LN513                     100070c8     infback.obj
 0001:000060e4       $LN512                     100070e4     infback.obj
 0001:000060f8       $LN514                     100070f8     infback.obj
 0001:000065a0       _inflateStateCheck         100075a0 f   inflate.obj
 0001:000068a0       _fixedtables               100078a0 f   inflate.obj
 0001:000068c0       _updatewindow              100078c0 f   inflate.obj
 0001:00008114       $LN816                     10009114     inflate.obj
 0001:00008194       $LN817                     10009194     inflate.obj
 0001:00008350       _syncsearch                10009350 f   inflate.obj
 0001:00008d00       _fopen_file_func           10009d00 f   ioapi.obj
 0001:00008d50       _fopen64_file_func         10009d50 f   ioapi.obj
 0001:00008da0       _fread_file_func           10009da0 f   ioapi.obj
 0001:00008dc0       _fwrite_file_func          10009dc0 f   ioapi.obj
 0001:00008de0       _ftell_file_func           10009de0 f   ioapi.obj
 0001:00008e00       _ftell64_file_func         10009e00 f   ioapi.obj
 0001:00008e20       _fseek_file_func           10009e20 f   ioapi.obj
 0001:00008e70       _fseek64_file_func         10009e70 f   ioapi.obj
 0001:00008ec0       _fclose_file_func          10009ec0 f   ioapi.obj
 0001:00008ee0       _ferror_file_func          10009ee0 f   ioapi.obj
 0001:00008f40       _win32_translate_open_mode 10009f40 f   iowin32.obj
 0001:00008fb0       _win32_build_iowin         10009fb0 f   iowin32.obj
 0001:00009210       _MySetFilePointerEx        1000a210 f   iowin32.obj
 0001:00009560       _tr_static_init            1000a560 f   trees.obj
 0001:000095d0       _init_block                1000a5d0 f   trees.obj
 0001:00009660       _pqdownheap                1000a660 f   trees.obj
 0001:00009730       _gen_bitlen                1000a730 f   trees.obj
 0001:00009940       _gen_codes                 1000a940 f   trees.obj
 0001:000099b0       _build_tree                1000a9b0 f   trees.obj
 0001:00009be0       _scan_tree                 1000abe0 f   trees.obj
 0001:00009ce0       _send_tree                 1000ace0 f   trees.obj
 0001:0000a200       _build_bl_tree             1000b200 f   trees.obj
 0001:0000a2e0       _send_all_trees            1000b2e0 f   trees.obj
 0001:0000a960       _compress_block            1000b960 f   trees.obj
 0001:0000ad80       _detect_data_type          1000bd80 f   trees.obj
 0001:0000adf0       _bi_reverse                1000bdf0 f   trees.obj
 0001:0000ae10       _bi_flush                  1000be10 f   trees.obj
 0001:0000ae90       _bi_windup                 1000be90 f   trees.obj
 0001:0000b040       _unz64local_getByte        1000c040 f   unzip.obj
 0001:0000b090       _unz64local_getShort       1000c090 f   unzip.obj
 0001:0000b100       _unz64local_getLong        1000c100 f   unzip.obj
 0001:0000b1b0       _unz64local_getLong64      1000c1b0 f   unzip.obj
 0001:0000b320       _strcmpcasenosensitive_internal 1000c320 f   unzip.obj
 0001:0000b400       _unz64local_SearchCentralDir 1000c400 f   unzip.obj
 0001:0000b5c0       _unz64local_SearchCentralDir64 1000c5c0 f   unzip.obj
 0001:0000b840       _unzOpenInternal           1000c840 f   unzip.obj
 0001:0000bdf0       _unz64local_DosDateToTmuDate 1000cdf0 f   unzip.obj
 0001:0000be60       _unz64local_GetCurrentFileInfoInternal 1000ce60 f   unzip.obj
 0001:0000c940       _unz64local_CheckCurrentFileCoherencyHeader 1000d940 f   unzip.obj
 0001:0000d430       _time                      1000e430 f   zip.obj
 0001:0000d440       _decrypt_byte              1000e440 f   zip.obj
 0001:0000d460       _update_keys               1000e460 f   zip.obj
 0001:0000d4b0       _init_keys                 1000e4b0 f   zip.obj
 0001:0000d500       _crypthead                 1000e500 f   zip.obj
 0001:0000d640       _allocate_new_datablock    1000e640 f   zip.obj
 0001:0000d670       _free_datablock            1000e670 f   zip.obj
 0001:0000d6a0       _init_linkedlist           1000e6a0 f   zip.obj
 0001:0000d6b0       _free_linkedlist           1000e6b0 f   zip.obj
 0001:0000d6d0       _add_data_in_datablock     1000e6d0 f   zip.obj
 0001:0000d790       _zip64local_putValue       1000e790 f   zip.obj
 0001:0000d800       _zip64local_putValue_inmemory 1000e800 f   zip.obj
 0001:0000d840       _zip64local_TmzDateToDosDate 1000e840 f   zip.obj
 0001:0000d890       _zip64local_getByte        1000e890 f   zip.obj
 0001:0000d8e0       _zip64local_getShort       1000e8e0 f   zip.obj
 0001:0000d950       _zip64local_getLong        1000e950 f   zip.obj
 0001:0000da00       _zip64local_getLong64      1000ea00 f   zip.obj
 0001:0000db80       _zip64local_SearchCentralDir 1000eb80 f   zip.obj
 0001:0000dd40       _zip64local_SearchCentralDir64 1000ed40 f   zip.obj
 0001:0000f010       _zip64FlushWriteBuffer     10010010 f   zip.obj
 0001:0000fc9b       ?dllmain_crt_dispatch@@YGHQAUHINSTANCE__@@KQAX@Z 10010c9b f   MSVCRT:dll_dllmain.obj
 0001:0000fcee       ?dllmain_crt_process_attach@@YAHQAUHINSTANCE__@@QAX@Z 10010cee f   MSVCRT:dll_dllmain.obj
 0001:0000fdf5       ?dllmain_crt_process_detach@@YAH_N@Z 10010df5 f   MSVCRT:dll_dllmain.obj
 0001:0000fea5       ?dllmain_dispatch@@YAHQAUHINSTANCE__@@KQAX@Z 10010ea5 f   MSVCRT:dll_dllmain.obj
 0001:0000ffb0       ?dllmain_raw@@YGHQAUHINSTANCE__@@KQAX@Z 10010fb0 f   MSVCRT:dll_dllmain.obj
 0001:00010007       ___get_entropy             10011007 f   MSVCRT:gs_support.obj
 0001:00010109       ?find_pe_section@@YAPAU_IMAGE_SECTION_HEADER@@QAEI@Z 10011109 f   MSVCRT:utility.obj
 0001:00010152       ?is_potentially_valid_image_base@@YA_NQAX@Z 10011152 f   MSVCRT:utility.obj
 0001:000106f0       $$000000                   100116f0     MSVCRT:sehprolg4.obj
 0001:00010740       $$000000                   10011740     MSVCRT:sehprolg4.obj
 0001:00010810       ___castguard_compat_check  10011810 f   MSVCRT:guard_support.obj
 0001:000108d8       ___castguard_slow_path_compat_check 100118d8 f   MSVCRT:guard_support.obj
 0001:00010fe0       $$000000                   10011fe0     MSVCRT:chkstk.obj
 0001:00010ff4       cs10                       10011ff4     MSVCRT:chkstk.obj
 0001:00011002       cs20                       10012002     MSVCRT:chkstk.obj
 0002:0000014c       _GS_ExceptionPointers      1001314c     MSVCRT:gs_report.obj
 0002:00000160       _crc_table                 10013160     crc32.obj
 0002:00002160       ?my_version@?1??deflateInit2_@@9@9 10015160     deflate.obj
 0002:00002168       _configuration_table       10015168     deflate.obj
 0002:000021e0       ?lenfix@?1??fixedtables@@9@9 100151e0     infback.obj
 0002:000029e0       ?distfix@?1??fixedtables@@9@9 100159e0     infback.obj
 0002:00002a60       ?order@?1??inflateBack@@9@9 10015a60     infback.obj
 0002:00002a88       ?lenfix@?1??fixedtables@@9@9 10015a88     inflate.obj
 0002:00003288       ?distfix@?1??fixedtables@@9@9 10016288     inflate.obj
 0002:00003308       ?order@?1??inflate@@9@9    10016308     inflate.obj
 0002:00003330       ?dext@?1??inflate_table@@9@9 10016330     inftrees.obj
 0002:00003370       ?lext@?1??inflate_table@@9@9 10016370     inftrees.obj
 0002:000033b0       ?lbase@?1??inflate_table@@9@9 100163b0     inftrees.obj
 0002:000033f0       ?dbase@?1??inflate_table@@9@9 100163f0     inftrees.obj
 0002:00003730       _static_dtree              10016730     trees.obj
 0002:000037a8       _extra_blbits              100167a8     trees.obj
 0002:000037f8       _extra_lbits               100167f8     trees.obj
 0002:00003870       _base_dist                 10016870     trees.obj
 0002:000038e8       _base_length               100168e8     trees.obj
 0002:0000395c       _static_l_desc             1001695c     trees.obj
 0002:00003970       _static_bl_desc            10016970     trees.obj
 0002:00003988       _extra_dbits               10016988     trees.obj
 0002:00003a00       _static_ltree              10016a00     trees.obj
 0002:00003e80       _static_d_desc             10016e80     trees.obj
 0002:00003e94       _bl_order                  10016e94     trees.obj
 0002:00004748       __sehtable$?dllmain_crt_process_attach@@YAHQAUHINSTANCE__@@QAX@Z 10017748     MSVCRT:dll_dllmain.obj
 0002:00004768       __sehtable$?dllmain_crt_process_detach@@YAH_N@Z 10017768     MSVCRT:dll_dllmain.obj
 0002:00004790       __sehtable$?dllmain_dispatch@@YAHQAUHINSTANCE__@@KQAX@Z 10017790     MSVCRT:dll_dllmain.obj
 0002:000047b0       __sehtable$___scrt_is_nonwritable_in_current_image 100177b0     MSVCRT:utility.obj
 0002:000047d0       .edata                     100177d0     zlibwapi.exp
 0002:000047f8       rgpv                       100177f8     zlibwapi.exp
 0002:00004ab4       rgszName                   10017ab4     zlibwapi.exp
 0002:00004cb8       rgwOrd                     10017cb8     zlibwapi.exp
 0002:00004dba       szName                     10017dba     zlibwapi.exp
 0002:00004dc7       $N00001                    10017dc7     zlibwapi.exp
 0002:00004dcf       $N00140                    10017dcf     zlibwapi.exp
 0002:00004ddf       $N00174                    10017ddf     zlibwapi.exp
 0002:00004de9       $N00039                    10017de9     zlibwapi.exp
 0002:00004df3       $N00002                    10017df3     zlibwapi.exp
 0002:00004dfc       $N00046                    10017dfc     zlibwapi.exp
 0002:00004e0a       $N00003                    10017e0a     zlibwapi.exp
 0002:00004e10       $N00142                    10017e10     zlibwapi.exp
 0002:00004e1e       $N00175                    10017e1e     zlibwapi.exp
 0002:00004e26       $N00004                    10017e26     zlibwapi.exp
 0002:00004e2e       $N00047                    10017e2e     zlibwapi.exp
 0002:00004e3b       $N00005                    10017e3b     zlibwapi.exp
 0002:00004e47       $N00006                    10017e47     zlibwapi.exp
 0002:00004e52       $N00173                    10017e52     zlibwapi.exp
 0002:00004e67       $N00007                    10017e67     zlibwapi.exp
 0002:00004e75       $N00008                    10017e75     zlibwapi.exp
 0002:00004e82       $N00009                    10017e82     zlibwapi.exp
 0002:00004e90       $N00052                    10017e90     zlibwapi.exp
 0002:00004e9f       $N00051                    10017e9f     zlibwapi.exp
 0002:00004eac       $N00010                    10017eac     zlibwapi.exp
 0002:00004eb9       $N00164                    10017eb9     zlibwapi.exp
 0002:00004eca       $N00011                    10017eca     zlibwapi.exp
 0002:00004edf       $N00144                    10017edf     zlibwapi.exp
 0002:00004ef0       $N00145                    10017ef0     zlibwapi.exp
 0002:00004efc       $N00110                    10017efc     zlibwapi.exp
 0002:00004f10       $N00111                    10017f10     zlibwapi.exp
 0002:00004f26       $N00112                    10017f26     zlibwapi.exp
 0002:00004f3d       $N00113                    10017f3d     zlibwapi.exp
 0002:00004f54       $N00038                    10017f54     zlibwapi.exp
 0002:00004f62       $N00146                    10017f62     zlibwapi.exp
 0002:00004f6b       $N00048                    10017f6b     zlibwapi.exp
 0002:00004f76       $N00012                    10017f76     zlibwapi.exp
 0002:00004f7e       $N00147                    10017f7e     zlibwapi.exp
 0002:00004f88       $N00148                    10017f88     zlibwapi.exp
 0002:00004f92       $N00149                    10017f92     zlibwapi.exp
 0002:00004f9b       $N00013                    10017f9b     zlibwapi.exp
 0002:00004fa3       $N00034                    10017fa3     zlibwapi.exp
 0002:00004fa9       $N00014                    10017fa9     zlibwapi.exp
 0002:00004fb1       $N00015                    10017fb1     zlibwapi.exp
 0002:00004fb9       $N00171                    10017fb9     zlibwapi.exp
 0002:00004fc1       $N00172                    10017fc1     zlibwapi.exp
 0002:00004fca       $N00030                    10017fca     zlibwapi.exp
 0002:00004fd1       $N00161                    10017fd1     zlibwapi.exp
 0002:00004fd9       $N00041                    10017fd9     zlibwapi.exp
 0002:00004fe0       $N00150                    10017fe0     zlibwapi.exp
 0002:00004fe9       $N00016                    10017fe9     zlibwapi.exp
 0002:00004ff0       $N00165                    10017ff0     zlibwapi.exp
 0002:00004ff9       $N00028                    10017ff9     zlibwapi.exp
 0002:00005002       $N00029                    10018002     zlibwapi.exp
 0002:00005009       $N00040                    10018009     zlibwapi.exp
 0002:00005010       $N00017                    10018010     zlibwapi.exp
 0002:00005017       $N00032                    10018017     zlibwapi.exp
 0002:00005020       $N00031                    10018020     zlibwapi.exp
 0002:00005027       $N00035                    10018027     zlibwapi.exp
 0002:00005033       $N00033                    10018033     zlibwapi.exp
 0002:0000503a       $N00049                    1001803a     zlibwapi.exp
 0002:00005043       $N00167                    10018043     zlibwapi.exp
 0002:0000504d       $N00018                    1001804d     zlibwapi.exp
 0002:00005055       $N00019                    10018055     zlibwapi.exp
 0002:0000505d       $N00044                    1001805d     zlibwapi.exp
 0002:00005069       $N00045                    10018069     zlibwapi.exp
 0002:00005078       $N00043                    10018078     zlibwapi.exp
 0002:00005089       $N00168                    10018089     zlibwapi.exp
 0002:0000509a       $N00042                    1001809a     zlibwapi.exp
 0002:000050a6       $N00020                    100180a6     zlibwapi.exp
 0002:000050b1       $N00166                    100180b1     zlibwapi.exp
 0002:000050c6       $N00156                    100180c6     zlibwapi.exp
 0002:000050d7       $N00021                    100180d7     zlibwapi.exp
 0002:000050e5       $N00022                    100180e5     zlibwapi.exp
 0002:000050f2       $N00157                    100180f2     zlibwapi.exp
 0002:000050fe       $N00158                    100180fe     zlibwapi.exp
 0002:0000510b       $N00159                    1001810b     zlibwapi.exp
 0002:00005119       $N00023                    10018119     zlibwapi.exp
 0002:00005126       $N00163                    10018126     zlibwapi.exp
 0002:00005137       $N00024                    10018137     zlibwapi.exp
 0002:0000514c       $N00025                    1001814c     zlibwapi.exp
 0002:00005158       $N00037                    10018158     zlibwapi.exp
 0002:00005169       $N00160                    10018169     zlibwapi.exp
 0002:0000517a       $N00169                    1001817a     zlibwapi.exp
 0002:0000518a       $N00170                    1001818a     zlibwapi.exp
 0002:00005196       $N00026                    10018196     zlibwapi.exp
 0002:000051a1       $N00062                    100181a1     zlibwapi.exp
 0002:000051aa       $N00072                    100181aa     zlibwapi.exp
 0002:000051be       $N00124                    100181be     zlibwapi.exp
 0002:000051d6       $N00064                    100181d6     zlibwapi.exp
 0002:000051ec       $N00125                    100181ec     zlibwapi.exp
 0002:0000520a       $N00127                    1001820a     zlibwapi.exp
 0002:0000521a       $N00100                    1001821a     zlibwapi.exp
 0002:00005228       $N00073                    10018228     zlibwapi.exp
 0002:0000523c       $N00122                    1001823c     zlibwapi.exp
 0002:0000524f       $N00063                    1001824f     zlibwapi.exp
 0002:00005260       $N00076                    10018260     zlibwapi.exp
 0002:00005276       $N00128                    10018276     zlibwapi.exp
 0002:00005287       $N00101                    10018287     zlibwapi.exp
 0002:00005296       $N00065                    10018296     zlibwapi.exp
 0002:000052a7       $N00066                    100182a7     zlibwapi.exp
 0002:000052b7       $N00075                    100182b7     zlibwapi.exp
 0002:000052c5       $N00077                    100182c5     zlibwapi.exp
 0002:000052ce       $N00121                    100182ce     zlibwapi.exp
 0002:000052da       $N00120                    100182da     zlibwapi.exp
 0002:000052e4       $N00061                    100182e4     zlibwapi.exp
 0002:000052ec       $N00078                    100182ec     zlibwapi.exp
 0002:00005300       $N00069                    10018300     zlibwapi.exp
 0002:00005314       $N00067                    10018314     zlibwapi.exp
 0002:00005327       $N00079                    10018327     zlibwapi.exp
 0002:00005342       $N00068                    10018342     zlibwapi.exp
 0002:00005355       $N00074                    10018355     zlibwapi.exp
 0002:0000536e       $N00071                    1001836e     zlibwapi.exp
 0002:00005375       $N00126                    10018375     zlibwapi.exp
 0002:0000537f       $N00070                    1001837f     zlibwapi.exp
 0002:00005387       $N00036                    10018387     zlibwapi.exp
 0002:0000538e       $N00084                    1001838e     zlibwapi.exp
 0002:00005397       $N00083                    10018397     zlibwapi.exp
 0002:000053a9       $N00136                    100183a9     zlibwapi.exp
 0002:000053c0       $N00087                    100183c0     zlibwapi.exp
 0002:000053d5       $N00088                    100183d5     zlibwapi.exp
 0002:000053de       $N00131                    100183de     zlibwapi.exp
 0002:000053ea       $N00130                    100183ea     zlibwapi.exp
 0002:000053f4       $N00080                    100183f4     zlibwapi.exp
 0002:000053fc       $N00086                    100183fc     zlibwapi.exp
 0002:00005411       $N00133                    10018411     zlibwapi.exp
 0002:00005429       $N00089                    10018429     zlibwapi.exp
 0002:0000543e       $N00134                    1001843e     zlibwapi.exp
 0002:00005456       $N00135                    10018456     zlibwapi.exp
 0002:0000546e       $N00132                    1001846e     zlibwapi.exp
 0002:00005484       $N00081                    10018484     zlibwapi.exp
 0002:00005498       $N00082                    10018498     zlibwapi.exp
 0002:000054ac       $N00050                    100184ac     zlibwapi.exp
 0002:000054bd       $N00027                    100184bd     zlibwapi.exp
 0002:00005704       .idata$6                   10018704     kernel32:KERNEL32.dll
 0002:0000578a       .idata$6                   1001878a     vcruntime:VCRUNTIME140.dll
 0002:00005986       .idata$6                   10018986     ucrt:api-ms-win-crt-stdio-l1-1-0.dll
 0002:000059a6       .idata$6                   100189a6     ucrt:api-ms-win-crt-convert-l1-1-0.dll
 0002:000059c8       .idata$6                   100189c8     ucrt:api-ms-win-crt-heap-l1-1-0.dll
 0002:000059e8       .idata$6                   100189e8     ucrt:api-ms-win-crt-runtime-l1-1-0.dll
 0002:00005a0a       .idata$6                   10018a0a     ucrt:api-ms-win-crt-utility-l1-1-0.dll
 0002:00005a2c       .idata$6                   10018a2c     ucrt:api-ms-win-crt-time-l1-1-0.dll
 0003:00000020       ?__proc_attached@@3HA      10019020     MSVCRT:dll_dllmain.obj
 0003:00000048       ?is_initialized_as_dll@@3_NA 10019048     MSVCRT:utility.obj
 0003:00000049       ?module_local_atexit_table_initialized@@3_NA 10019049     MSVCRT:utility.obj
 0003:0000004c       ?module_local_atexit_table@@3U_onexit_table_t@@A 1001904c     MSVCRT:utility.obj
 0003:00000058       ?module_local_at_quick_exit_table@@3U_onexit_table_t@@A 10019058     MSVCRT:utility.obj
 0003:00000078       _GS_ExceptionRecord        10019078     MSVCRT:gs_report.obj
 0003:000000c8       _GS_ContextRecord          100190c8     MSVCRT:gs_report.obj
 0003:00000394       ?calls@?1??crypthead@@9@9  10019394     zip.obj
 0004:00000060       $R000000                   1001a060     zlib.res
