 zlibwapi

 Timestamp is 620f8ca9 (Fri Feb 18 06:10:17 2022)

 Preferred load address is 10000000

 Start         Length     Name                   Class
 0001:00000000 000522adH .text$mn                CODE
 0001:000522ad 00000047H .text$x                 CODE
 0002:00000000 00000160H .idata$5                DATA
 0002:00000160 00000008H .00cfg                  DATA
 0002:00000168 00000004H .CRT$XCA                DATA
 0002:0000016c 00000004H .CRT$XCZ                DATA
 0002:00000170 00000004H .CRT$XIA                DATA
 0002:00000174 0000000cH .CRT$XIC                DATA
 0002:00000180 00000004H .CRT$XIZ                DATA
 0002:00000184 00000004H .CRT$XPA                DATA
 0002:00000188 00000008H .CRT$XPX                DATA
 0002:00000190 00000004H .CRT$XPXA               DATA
 0002:00000194 00000004H .CRT$XPZ                DATA
 0002:00000198 00000004H .CRT$XTA                DATA
 0002:0000019c 00000004H .CRT$XTZ                DATA
 0002:000001a0 00000000H .gfids$y                DATA
 0002:000001a0 0000ba20H .rdata                  DATA
 0002:0000bbc0 00000004H .rdata$CastGuardVftablesA DATA
 0002:0000bbc4 00000004H .rdata$CastGuardVftablesC DATA
 0002:0000bbc8 000002a0H .rdata$r                DATA
 0002:0000be68 00000018H .rdata$voltmd           DATA
 0002:0000be80 00000378H .rdata$zzzdbg           DATA
 0002:0000c1f8 00000004H .rtc$IAA                DATA
 0002:0000c1fc 00000004H .rtc$IZZ                DATA
 0002:0000c200 00000004H .rtc$TAA                DATA
 0002:0000c204 00000004H .rtc$TZZ                DATA
 0002:0000c208 00000a58H .xdata$x                DATA
 0002:0000cc60 00000cfcH .edata                  DATA
 0002:0000d95c 00000014H .idata$2                DATA
 0002:0000d970 00000014H .idata$3                DATA
 0002:0000d984 00000160H .idata$4                DATA
 0002:0000dae4 00000670H .idata$6                DATA
 0003:00000000 000008b0H .data                   DATA
 0003:000008b0 00000058H .data$r                 DATA
 0003:00000908 000000b8H .data$rs                DATA
 0003:000009c0 00001298H .bss                    DATA
 0004:00000000 00000060H .rsrc$01                DATA
 0004:00000060 00000338H .rsrc$02                DATA

  Address         Publics by Value              Rva+Base       Lib:Object

 0000:00000000       ___x64_code_ranges_to_entry_points_count 00000000     <absolute>
 0000:00000000       ___arm64x_native_entrypoint 00000000     <absolute>
 0000:00000000       ___guard_eh_cont_table     00000000     <absolute>
 0000:00000000       ___guard_check_icall_a64n_fptr 00000000     <absolute>
 0000:00000000       ___hybrid_auxiliary_iat    00000000     <absolute>
 0000:00000000       ___arm64x_redirection_metadata_count 00000000     <absolute>
 0000:00000000       ___guard_longjmp_count     00000000     <absolute>
 0000:00000000       ___guard_longjmp_table     00000000     <absolute>
 0000:00000000       ___hybrid_code_map_count   00000000     <absolute>
 0000:00000000       ___enclave_config          00000000     <absolute>
 0000:00000000       ___AbsoluteZero            00000000     <absolute>
 0000:00000000       ___dynamic_value_reloc_table 00000000     <absolute>
 0000:00000000       ___arm64x_extra_rfe_table  00000000     <absolute>
 0000:00000000       ___guard_eh_cont_count     00000000     <absolute>
 0000:00000000       ___x64_code_ranges_to_entry_points 00000000     <absolute>
 0000:00000000       ___guard_fids_table        00000000     <absolute>
 0000:00000000       ___arm64x_redirection_metadata 00000000     <absolute>
 0000:00000000       ___hybrid_code_map         00000000     <absolute>
 0000:00000000       ___arm64x_extra_rfe_table_size 00000000     <absolute>
 0000:00000000       ___hybrid_auxiliary_iat_copy 00000000     <absolute>
 0000:00000000       ___safe_se_handler_count   00000000     <absolute>
 0000:00000000       __except_list              00000000     <absolute>
 0000:00000000       ___guard_fids_count        00000000     <absolute>
 0000:00000000       ___guard_iat_count         00000000     <absolute>
 0000:00000000       ___safe_se_handler_table   00000000     <absolute>
 0000:00000000       ___guard_iat_table         00000000     <absolute>
 0000:00000100       ___guard_flags             00000100     <absolute>
 0000:00000000       ___ImageBase               10000000     <linker-defined>
 0001:00000000       _adler32_z@12              10001000 f   adler32.obj
 0001:00000280       _adler32@12                10001280 f   adler32.obj
 0001:000003c0       _adler32_combine@12        100013c0 f   adler32.obj
 0001:000003e0       _compress2@20              100013e0 f   compress.obj
 0001:000004c0       _compress@16               100014c0 f   compress.obj
 0001:000004e0       _compressBound@4           100014e0 f   compress.obj
 0001:00000500       _get_crc_table@0           10001500 f   crc32.obj
 0001:00000510       _crc32_z@12                10001510 f   crc32.obj
 0001:00000540       _crc32@12                  10001540 f   crc32.obj
 0001:00000c10       _crc32_combine@12          10001c10 f   crc32.obj
 0001:00000ca0       _deflateInit_@16           10001ca0 f   deflate.obj
 0001:00000cc0       _deflateInit2_@32          10001cc0 f   deflate.obj
 0001:00000f50       _deflateSetDictionary@12   10001f50 f   deflate.obj
 0001:000010f0       _deflateGetDictionary@12   100020f0 f   deflate.obj
 0001:00001150       _deflateResetKeep@4        10002150 f   deflate.obj
 0001:000011f0       _deflateReset@4            100021f0 f   deflate.obj
 0001:00001220       _deflateSetHeader@8        10002220 f   deflate.obj
 0001:00001250       _deflatePending@12         10002250 f   deflate.obj
 0001:00001290       _deflatePrime@12           10002290 f   deflate.obj
 0001:00001330       _deflateParams@12          10002330 f   deflate.obj
 0001:00001480       _deflateTune@20            10002480 f   deflate.obj
 0001:000014d0       _deflateBound@8            100024d0 f   deflate.obj
 0001:00001640       _deflate@8                 10002640 f   deflate.obj
 0001:00001f00       _deflateEnd@4              10002f00 f   deflate.obj
 0001:00001fb0       _deflateCopy@8             10002fb0 f   deflate.obj
 0001:000032b0       _gzclose@4                 100042b0 f   gzclose.obj
 0001:000032e0       ___local_stdio_printf_options 100042e0 f i gzlib.obj
 0001:000032f0       _vsnprintf                 100042f0 f i gzlib.obj
 0001:00003330       _snprintf                  10004330 f i gzlib.obj
 0001:000036e0       _gzopen@8                  100046e0 f   gzlib.obj
 0001:00003700       _gzdopen@8                 10004700 f   gzlib.obj
 0001:00003760       _gzopen_w@8                10004760 f   gzlib.obj
 0001:00003780       _gzbuffer@8                10004780 f   gzlib.obj
 0001:000037d0       _gzrewind@4                100047d0 f   gzlib.obj
 0001:00003830       _gzseek64@16               10004830 f   gzlib.obj
 0001:000039c0       _gzseek@12                 100049c0 f   gzlib.obj
 0001:00003a00       _gztell64@4                10004a00 f   gzlib.obj
 0001:00003a60       _gztell@4                  10004a60 f   gzlib.obj
 0001:00003a90       _gzoffset64@4              10004a90 f   gzlib.obj
 0001:00003ae0       _gzoffset@4                10004ae0 f   gzlib.obj
 0001:00003b10       _gzeof@4                   10004b10 f   gzlib.obj
 0001:00003b40       _gzerror@8                 10004b40 f   gzlib.obj
 0001:00003b90       _gzclearerr@4              10004b90 f   gzlib.obj
 0001:00003be0       _gz_error                  10004be0 f   gzlib.obj
 0001:000042b0       _gzread@12                 100052b0 f   gzread.obj
 0001:00004320       _gzfread@16                10005320 f   gzread.obj
 0001:000043a0       _gzgetc@4                  100053a0 f   gzread.obj
 0001:00004410       _gzgetc_@4                 10005410 f   gzread.obj
 0001:00004420       _gzungetc@8                10005420 f   gzread.obj
 0001:00004520       _gzgets@12                 10005520 f   gzread.obj
 0001:00004650       _gzdirect@4                10005650 f   gzread.obj
 0001:00004690       _gzclose_r@4               10005690 f   gzread.obj
 0001:00004b00       _gzwrite@12                10005b00 f   gzwrite.obj
 0001:00004b50       _gzfwrite@16               10005b50 f   gzwrite.obj
 0001:00004bc0       _gzputc@8                  10005bc0 f   gzwrite.obj
 0001:00004c90       _gzputs@8                  10005c90 f   gzwrite.obj
 0001:00004ce0       _gzvprintf                 10005ce0 f   gzwrite.obj
 0001:00004e10       _gzprintf                  10005e10 f   gzwrite.obj
 0001:00004e30       _gzflush@8                 10005e30 f   gzwrite.obj
 0001:00004ea0       _gzsetparams@12            10005ea0 f   gzwrite.obj
 0001:00004f60       _gzclose_w@4               10005f60 f   gzwrite.obj
 0001:00005030       _inflateBackInit_@20       10006030 f   infback.obj
 0001:00005130       _inflateBack@20            10006130 f   infback.obj
 0001:00005f00       _inflateBackEnd@4          10006f00 f   infback.obj
 0001:00005f80       _inflateResetKeep@4        10006f80 f   inflate.obj
 0001:00006020       _inflateReset@4            10007020 f   inflate.obj
 0001:00006060       _inflateReset2@8           10007060 f   inflate.obj
 0001:000060f0       _inflateInit2_@16          100070f0 f   inflate.obj
 0001:000061c0       _inflateInit_@12           100071c0 f   inflate.obj
 0001:000061e0       _inflatePrime@12           100071e0 f   inflate.obj
 0001:00006370       _inflate@8                 10007370 f   inflate.obj
 0001:00007b50       _inflateEnd@4              10008b50 f   inflate.obj
 0001:00007ba0       _inflateGetDictionary@12   10008ba0 f   inflate.obj
 0001:00007c10       _inflateSetDictionary@12   10008c10 f   inflate.obj
 0001:00007cb0       _inflateGetHeader@8        10008cb0 f   inflate.obj
 0001:00007d70       _inflateSync@4             10008d70 f   inflate.obj
 0001:00007e60       _inflateSyncPoint@4        10008e60 f   inflate.obj
 0001:00007ea0       _inflateCopy@8             10008ea0 f   inflate.obj
 0001:00007ff0       _inflateUndermine@8        10008ff0 f   inflate.obj
 0001:00008020       _inflateValidate@8         10009020 f   inflate.obj
 0001:00008060       _inflateMark@4             10009060 f   inflate.obj
 0001:000080d0       _inflateCodesUsed@4        100090d0 f   inflate.obj
 0001:00008100       _inflate_table             10009100 f   inftrees.obj
 0001:000085b0       _call_zopen64              100095b0 f   ioapi.obj
 0001:000085d0       _call_zseek64              100095d0 f   ioapi.obj
 0001:00008620       _call_ztell64              10009620 f   ioapi.obj
 0001:00008650       _fill_zlib_filefunc64_32_def_from_filefunc32 10009650 f   ioapi.obj
 0001:00008860       _fill_fopen64_filefunc     10009860 f   ioapi.obj
 0001:00008950       _win32_open64_file_func    10009950 f   iowin32.obj
 0001:000089b0       _win32_open64_file_funcA   100099b0 f   iowin32.obj
 0001:00008a10       _win32_open64_file_funcW   10009a10 f   iowin32.obj
 0001:00008a70       _win32_open_file_func      10009a70 f   iowin32.obj
 0001:00008ad0       _win32_read_file_func      10009ad0 f   iowin32.obj
 0001:00008b20       _win32_write_file_func     10009b20 f   iowin32.obj
 0001:00008bd0       _win32_tell_file_func      10009bd0 f   iowin32.obj
 0001:00008c20       _win32_tell64_file_func    10009c20 f   iowin32.obj
 0001:00008c80       _win32_seek_file_func      10009c80 f   iowin32.obj
 0001:00008cf0       _win32_seek64_file_func    10009cf0 f   iowin32.obj
 0001:00008d70       _win32_close_file_func     10009d70 f   iowin32.obj
 0001:00008da0       _win32_error_file_func     10009da0 f   iowin32.obj
 0001:00008dc0       _fill_win32_filefunc       10009dc0 f   iowin32.obj
 0001:00008e00       _fill_win32_filefunc64     10009e00 f   iowin32.obj
 0001:00008e40       _fill_win32_filefunc64A    10009e40 f   iowin32.obj
 0001:00008e80       _fill_win32_filefunc64W    10009e80 f   iowin32.obj
 0001:00008ed0       __tr_init                  10009ed0 f   trees.obj
 0001:00009eb0       __tr_stored_block          1000aeb0 f   trees.obj
 0001:00009fb0       __tr_flush_bits            1000afb0 f   trees.obj
 0001:00009fc0       __tr_align                 1000afc0 f   trees.obj
 0001:0000a0a0       __tr_flush_block           1000b0a0 f   trees.obj
 0001:0000a850       _uncompress2@16            1000b850 f   uncompr.obj
 0001:0000a980       _uncompress@16             1000b980 f   uncompr.obj
 0001:0000ad00       _unzStringFileNameCompare@12 1000bd00 f   unzip.obj
 0001:0000b5e0       _unzOpen2@8                1000c5e0 f   unzip.obj
 0001:0000b630       _unzOpen2_64@8             1000c630 f   unzip.obj
 0001:0000b690       _unzOpen@4                 1000c690 f   unzip.obj
 0001:0000b6b0       _unzOpen64@4               1000c6b0 f   unzip.obj
 0001:0000b6d0       _unzClose@4                1000c6d0 f   unzip.obj
 0001:0000b710       _unzGetGlobalInfo64@8      1000c710 f   unzip.obj
 0001:0000b740       _unzGetGlobalInfo@8        1000c740 f   unzip.obj
 0001:0000bdc0       _unzGetCurrentFileInfo64@32 1000cdc0 f   unzip.obj
 0001:0000bdf0       _unzGetCurrentFileInfo@32  1000cdf0 f   unzip.obj
 0001:0000beb0       _unzGoToFirstFile@4        1000ceb0 f   unzip.obj
 0001:0000bf20       _unzGoToNextFile@4         1000cf20 f   unzip.obj
 0001:0000bfd0       _unzLocateFile@12          1000cfd0 f   unzip.obj
 0001:0000c180       _unzGetFilePos64@8         1000d180 f   unzip.obj
 0001:0000c1d0       _unzGetFilePos@8           1000d1d0 f   unzip.obj
 0001:0000c200       _unzGoToFilePos64@8        1000d200 f   unzip.obj
 0001:0000c270       _unzGoToFilePos@8          1000d270 f   unzip.obj
 0001:0000c510       _unzOpenCurrentFile3@20    1000d510 f   unzip.obj
 0001:0000c790       _unzOpenCurrentFile@4      1000d790 f   unzip.obj
 0001:0000c7b0       _unzOpenCurrentFilePassword@8 1000d7b0 f   unzip.obj
 0001:0000c7d0       _unzOpenCurrentFile2@16    1000d7d0 f   unzip.obj
 0001:0000c7f0       _unzGetCurrentFileZStreamPos64@4 1000d7f0 f   unzip.obj
 0001:0000c830       _unzReadCurrentFile@12     1000d830 f   unzip.obj
 0001:0000cb10       _unztell@4                 1000db10 f   unzip.obj
 0001:0000cb40       _unztell64@4               1000db40 f   unzip.obj
 0001:0000cb70       _unzeof@4                  1000db70 f   unzip.obj
 0001:0000cbb0       _unzGetLocalExtrafield@12  1000dbb0 f   unzip.obj
 0001:0000cc80       _unzCloseCurrentFile@4     1000dc80 f   unzip.obj
 0001:0000cd10       _unzGetGlobalComment@12    1000dd10 f   unzip.obj
 0001:0000d940       _LoadCentralDirectoryRecord 1000e940 f   zip.obj
 0001:0000de00       _zipOpen3@16               1000ee00 f   zip.obj
 0001:0000df70       _zipOpen2@16               1000ef70 f   zip.obj
 0001:0000dfc0       _zipOpen2_64@16            1000efc0 f   zip.obj
 0001:0000e020       _zipOpen@8                 1000f020 f   zip.obj
 0001:0000e040       _zipOpen64@8               1000f040 f   zip.obj
 0001:0000e060       _Write_LocalFileHeader     1000f060 f   zip.obj
 0001:0000e2a0       _zipOpenNewFileInZip4_64@76 1000f2a0 f   zip.obj
 0001:0000e7f0       _zipOpenNewFileInZip3@64   1000f7f0 f   zip.obj
 0001:0000e840       _zipOpenNewFileInZip3_64@68 1000f840 f   zip.obj
 0001:0000e890       _zipOpenNewFileInZip2@44   1000f890 f   zip.obj
 0001:0000e8d0       _zipOpenNewFileInZip2_64@48 1000f8d0 f   zip.obj
 0001:0000e910       _zipOpenNewFileInZip64@44  1000f910 f   zip.obj
 0001:0000e950       _zipOpenNewFileInZip@40    1000f950 f   zip.obj
 0001:0000ea50       _zipWriteInFileInZip@12    1000fa50 f   zip.obj
 0001:0000eb60       _zipCloseFileInZipRaw@12   1000fb60 f   zip.obj
 0001:0000eb80       _zipCloseFileInZipRaw64@16 1000fb80 f   zip.obj
 0001:0000f090       _zipCloseFileInZip@4       10010090 f   zip.obj
 0001:0000f0b0       _Write_Zip64EndOfCentralDirectoryLocator 100100b0 f   zip.obj
 0001:0000f130       _Write_Zip64EndOfCentralDirectoryRecord 10010130 f   zip.obj
 0001:0000f250       _Write_EndOfCentralDirectoryRecord 10010250 f   zip.obj
 0001:0000f380       _Write_GlobalComment       10010380 f   zip.obj
 0001:0000f3f0       _zipClose@8                100103f0 f   zip.obj
 0001:0000f580       _zlibVersion@0             10010580 f   zutil.obj
 0001:0000f590       _zlibCompileFlags@0        10010590 f   zutil.obj
 0001:0000f5a0       _zError@4                  100105a0 f   zutil.obj
 0001:0000f5c0       _zcalloc                   100105c0 f   zutil.obj
 0001:0000f5e0       _zcfree                    100105e0 f   zutil.obj
 0001:0000f5f0       _longest_match             100105f0 f   match686.obj
 0001:0000f7d4       _match_init                100107d4 f   match686.obj
 0001:0000f8e0       _inflate_fast              100108e0 f   inffas32.obj
 0001:0000ff73       _ReadFile@20               10010f73 f   kernel32:KERNEL32.dll
 0001:0000ff79       _WriteFile@20              10010f79 f   kernel32:KERNEL32.dll
 0001:0000ff7f       _SetFilePointer@16         10010f7f f   kernel32:KERNEL32.dll
 0001:0000ff85       _CreateFileW@28            10010f85 f   kernel32:KERNEL32.dll
 0001:0000ff8b       _GetLastError@0            10010f8b f   kernel32:KERNEL32.dll
 0001:0000ff91       _CreateFileA@28            10010f91 f   kernel32:KERNEL32.dll
 0001:0000ff97       _CloseHandle@4             10010f97 f   kernel32:KERNEL32.dll
 0001:000102dd       __CRT_INIT@12              100112dd f   LIBCMT:dll_dllmain.obj
 0001:000102e6       __DllMainCRTStartup@12     100112e6 f   LIBCMT:dll_dllmain.obj
 0001:00010356       ___security_init_cookie    10011356 f   LIBCMT:gs_support.obj
 0001:000103a1       _DllMain@12                100113a1 f   LIBCMT:dll_dllmain_stub.obj
 0001:000103a7       ?__scrt_initialize_type_info@@YAXXZ 100113a7 f   LIBCMT:tncleanup.obj
 0001:000103b3       ?__scrt_uninitialize_type_info@@YAXXZ 100113b3 f   LIBCMT:tncleanup.obj
 0001:000103bf       ___local_stdio_scanf_options 100113bf f i LIBCMT:default_local_stdio_options.obj
 0001:000103c5       ___scrt_initialize_default_local_stdio_options 100113c5 f   LIBCMT:default_local_stdio_options.obj
 0001:000103e2       ?configure_argv@__scrt_narrow_argv_policy@@SAHXZ 100113e2 f i LIBCMT:utility.obj
 0001:00010433       ?initialize_environment@__scrt_narrow_environment_policy@@SAHXZ 10011433 f i LIBCMT:utility.obj
 0001:0001046c       _NtCurrentTeb              1001146c f i LIBCMT:utility.obj
 0001:00010473       ___scrt_acquire_startup_lock 10011473 f   LIBCMT:utility.obj
 0001:000104a5       ___scrt_dllmain_after_initialize_c 100114a5 f   LIBCMT:utility.obj
 0001:000104d0       ___scrt_dllmain_before_initialize_c 100114d0 f   LIBCMT:utility.obj
 0001:000104de       ___scrt_dllmain_crt_thread_attach 100114de f   LIBCMT:utility.obj
 0001:000104fd       ___scrt_dllmain_crt_thread_detach 100114fd f   LIBCMT:utility.obj
 0001:0001050a       ___scrt_dllmain_exception_filter 1001150a f   LIBCMT:utility.obj
 0001:0001053e       ___scrt_dllmain_uninitialize_c 1001153e f   LIBCMT:utility.obj
 0001:00010561       ___scrt_dllmain_uninitialize_critical 10011561 f   LIBCMT:utility.obj
 0001:0001056e       ___scrt_initialize_crt     1001156e f   LIBCMT:utility.obj
 0001:000105a7       ___scrt_initialize_onexit_tables 100115a7 f   LIBCMT:utility.obj
 0001:0001062e       ___scrt_is_nonwritable_in_current_image 1001162e f   LIBCMT:utility.obj
 0001:000106c2       ___scrt_release_startup_lock 100116c2 f   LIBCMT:utility.obj
 0001:000106df       ___scrt_uninitialize_crt   100116df f   LIBCMT:utility.obj
 0001:00010707       __onexit                   10011707 f   LIBCMT:utility.obj
 0001:00010734       _at_quick_exit             10011734 f   LIBCMT:utility.obj
 0001:00010757       _atexit                    10011757 f   LIBCMT:utility.obj
 0001:0001076c       ___scrt_get_dyn_tls_init_callback 1001176c f   LIBCMT:dyn_tls_init.obj
 0001:00010772       ___scrt_fastfail           10011772 f   LIBCMT:utility_desktop.obj
 0001:0001088d       ___scrt_get_show_window_mode 1001188d f   LIBCMT:utility_desktop.obj
 0001:000108be       ___scrt_initialize_mta     100118be f   LIBCMT:utility_desktop.obj
 0001:000108c3       ___scrt_initialize_winrt   100118c3 f   LIBCMT:utility_desktop.obj
 0001:000108c6       ___scrt_is_managed_app     100118c6 f   LIBCMT:utility_desktop.obj
 0001:00010909       ___scrt_set_unhandled_exception_filter 10011909 f   LIBCMT:utility_desktop.obj
 0001:00010915       ___scrt_exe_initialize_mta 10011915 f   LIBCMT:utility_desktop.obj
 0001:00010915       ___scrt_stub_for_initialize_mta 10011915 f   LIBCMT:utility_desktop.obj
 0001:00010918       ___scrt_unhandled_exception_filter@4 10011918 f   LIBCMT:utility_desktop.obj
 0001:0001096e       __crt_debugger_hook        1001196e f   LIBCMT:utility_desktop.obj
 0001:00010976       __RTC_Initialize           10011976 f   LIBCMT:initsect.obj
 0001:000109a2       __RTC_Terminate            100119a2 f   LIBCMT:initsect.obj
 0001:000109d0       __SEH_prolog4              100119d0 f   LIBCMT:sehprolg4.obj
 0001:00010a20       __SEH_epilog4              10011a20 f   LIBCMT:sehprolg4.obj
 0001:00010a34       @_guard_check_icall_nop@4  10011a34 f i LIBCMT:guard_support.obj
 0001:00010a37       _ReadNoFence               10011a37 f i LIBCMT:guard_support.obj
 0001:00010a41       _ReadPointerNoFence        10011a41 f i LIBCMT:guard_support.obj
 0001:00010a4b       ___castguard_check_failure_debugbreak 10011a4b f i LIBCMT:guard_support.obj
 0001:00010a66       ___castguard_check_failure_fastfail 10011a66 f i LIBCMT:guard_support.obj
 0001:00010a85       ___castguard_check_failure_nop 10011a85 f i LIBCMT:guard_support.obj
 0001:00010a88       ___castguard_check_failure_os_handled 10011a88 f i LIBCMT:guard_support.obj
 0001:00010adc       ___castguard_slow_path_check_debugbreak 10011adc f i LIBCMT:guard_support.obj
 0001:00010b09       ___castguard_slow_path_check_fastfail 10011b09 f i LIBCMT:guard_support.obj
 0001:00010b3a       ___castguard_slow_path_check_nop 10011b3a f i LIBCMT:guard_support.obj
 0001:00010b3d       ___castguard_slow_path_check_os_handled 10011b3d f i LIBCMT:guard_support.obj
 0001:00010ba3       __guard_icall_checks_enforced 10011ba3 f i LIBCMT:guard_support.obj
 0001:00010bb5       ___isa_available_init      10011bb5 f   LIBCMT:cpu_disp.obj
 0001:00010d86       __get_startup_argv_mode    10011d86 f   LIBCMT:argv_mode.obj
 0001:00010d8a       ___scrt_is_ucrt_dll_in_use 10011d8a f   LIBCMT:ucrt_detection.obj
 0001:00010d96       @__security_check_cookie@4 10011d96 f   LIBCMT:secchk.obj
 0001:00010da4       ___raise_securityfailure   10011da4 f   LIBCMT:gs_report.obj
 0001:00010dcc       ___report_gsfailure        10011dcc f   LIBCMT:gs_report.obj
 0001:00010ec6       ___report_rangecheckfailure 10011ec6 f   LIBCMT:gs_report.obj
 0001:00010ed2       ___report_securityfailure  10011ed2 f   LIBCMT:gs_report.obj
 0001:00010fa1       ___report_securityfailureEx 10011fa1 f   LIBCMT:gs_report.obj
 0001:00011100       __except_handler4          10012100 f   libvcruntime:chandler4.obj
 0001:0001126c       ??$?RD@__crt_internal_free_policy@@QBEXQBD@Z 1001226c f i libvcruntime:std_type_info.obj
 0001:0001127c       ??$?RX@__crt_internal_free_policy@@QBEXQBX@Z 1001227c f i libvcruntime:std_type_info.obj
 0001:0001128c       ??$__crt_interlocked_compare_exchange_pointer@$$CBDPAD$$T@@YAPBDPDSBDQAD$$T@Z 1001228c f i libvcruntime:std_type_info.obj
 0001:0001129e       ??$__crt_interlocked_read_pointer@$$CBD@@YAPBDPDSBD@Z 1001229e f i libvcruntime:std_type_info.obj
 0001:000112a8       ??0?$__crt_unique_heap_ptr@DU__crt_internal_free_policy@@@@QAE@QAD@Z 100122a8 f i libvcruntime:std_type_info.obj
 0001:000112b6       ??0?$__crt_unique_heap_ptr@XU__crt_internal_free_policy@@@@QAE@QAX@Z 100122b6 f i libvcruntime:std_type_info.obj
 0001:000112c4       ??1?$__crt_unique_heap_ptr@DU__crt_internal_free_policy@@@@QAE@XZ 100122c4 f i libvcruntime:std_type_info.obj
 0001:000112d4       ??1?$__crt_unique_heap_ptr@XU__crt_internal_free_policy@@@@QAE@XZ 100122d4 f i libvcruntime:std_type_info.obj
 0001:000112e4       ??B?$__crt_unique_heap_ptr@DU__crt_internal_free_policy@@@@QBE_NXZ 100122e4 f i libvcruntime:std_type_info.obj
 0001:000112eb       ??B?$__crt_unique_heap_ptr@XU__crt_internal_free_policy@@@@QBE_NXZ 100122eb f i libvcruntime:std_type_info.obj
 0001:0001131e       ?__crt_interlocked_read_32@@YAHPDH@Z 1001231e f i libvcruntime:std_type_info.obj
 0001:00011328       ?detach@?$__crt_unique_heap_ptr@XU__crt_internal_free_policy@@@@QAEPAXXZ 10012328 f i libvcruntime:std_type_info.obj
 0001:0001132e       ?get@?$__crt_unique_heap_ptr@DU__crt_internal_free_policy@@@@QBEPADXZ 1001232e f i libvcruntime:std_type_info.obj
 0001:00011331       ?get@?$__crt_unique_heap_ptr@XU__crt_internal_free_policy@@@@QBEPAXXZ 10012331 f i libvcruntime:std_type_info.obj
 0001:00011334       ?is_valid@?$__crt_unique_heap_ptr@DU__crt_internal_free_policy@@@@QBE_NXZ 10012334 f i libvcruntime:std_type_info.obj
 0001:0001133b       ?is_valid@?$__crt_unique_heap_ptr@XU__crt_internal_free_policy@@@@QBE_NXZ 1001233b f i libvcruntime:std_type_info.obj
 0001:00011342       ?release@?$__crt_unique_heap_ptr@DU__crt_internal_free_policy@@@@QAEXXZ 10012342 f i libvcruntime:std_type_info.obj
 0001:00011352       ?release@?$__crt_unique_heap_ptr@XU__crt_internal_free_policy@@@@QAEXXZ 10012352 f i libvcruntime:std_type_info.obj
 0001:00011362       ___std_type_info_compare   10012362 f   libvcruntime:std_type_info.obj
 0001:0001139e       ___std_type_info_destroy_list 1001239e f   libvcruntime:std_type_info.obj
 0001:000113c1       ___std_type_info_hash      100123c1 f   libvcruntime:std_type_info.obj
 0001:000113e7       ___std_type_info_name      100123e7 f   libvcruntime:std_type_info.obj
 0001:000114ac       ___vcrt_initialize         100124ac f   libvcruntime:initialization.obj
 0001:000114cb       ___vcrt_thread_attach      100124cb f   libvcruntime:initialization.obj
 0001:000114d6       ___vcrt_thread_detach      100124d6 f   libvcruntime:initialization.obj
 0001:000114e1       ___vcrt_uninitialize       100124e1 f   libvcruntime:initialization.obj
 0001:000114f8       ___vcrt_uninitialize_critical 100124f8 f   libvcruntime:initialization.obj
 0001:00011503       ___DestructExceptionObject 10012503 f   libvcruntime:ehhelpers.obj
 0001:000115a4       ?_CallMemberFunction0@@YGXQAX0@Z 100125a4 f i libvcruntime:ehhelpers.obj
 0001:00011609       ?raw_name@type_info@@QBEPBDXZ 10012609 f i libvcruntime:ehhelpers.obj
 0001:0001160d       __IsExceptionObjectToBeDestroyed 1001260d f   libvcruntime:ehhelpers.obj
 0001:00011633       __SetWinRTOutOfMemoryExceptionCallback 10012633 f   libvcruntime:ehhelpers.obj
 0001:00011640       ___AdjustPointer           10012640 f   libvcruntime:ehhelpers.obj
 0001:00011665       ___FrameUnwindFilter       10012665 f   libvcruntime:ehhelpers.obj
 0001:000116bb       ___GetPlatformExceptionInfo 100126bb f   libvcruntime:ehhelpers.obj
 0001:00011707       ___current_exception       10012707 f   libvcruntime:ehhelpers.obj
 0001:00011710       ___current_exception_context 10012710 f   libvcruntime:ehhelpers.obj
 0001:00011719       ___processing_throw        10012719 f   libvcruntime:ehhelpers.obj
 0001:00011722       ___std_terminate           10012722 f   libvcruntime:ehhelpers.obj
 0001:00011727       __is_exception_typeof      10012727 f   libvcruntime:ehhelpers.obj
 0001:000117d0       _memset                    100127d0 f   libvcruntime:memset.obj
 0001:00011930       __local_unwind4            10012930 f   libvcruntime:exsup4.obj
 0001:00011a20       __seh_longjmp_unwind4@4    10012a20 f   libvcruntime:exsup4.obj
 0001:00011a50       @_EH4_CallFilterFunc@8     10012a50 f   libvcruntime:exsup4.obj
 0001:00011a70       @_EH4_TransferToHandler@8  10012a70 f   libvcruntime:exsup4.obj
 0001:00011a90       @_EH4_GlobalUnwind2@8      10012a90 f   libvcruntime:exsup4.obj
 0001:00011ab0       @_EH4_LocalUnwind@16       10012ab0 f   libvcruntime:exsup4.obj
 0001:00011ad2       ___except_validate_context_record 10012ad2 f   libvcruntime:jbcxrval.obj
 0001:00011b02       ___except_validate_jump_buffer 10012b02 f   libvcruntime:jbcxrval.obj
 0001:00011b2f       ___except_validate_jump_buffer_common 10012b2f f i libvcruntime:jbcxrval.obj
 0001:00011b68       ??$?0$00@DName@@QAE@PBDU?$StringLifeSelector@$00@@@Z 10012b68 f i libvcruntime:undname.obj
 0001:00011b9b       ??$?0$00@pcharNode@@QAE@PBDHU?$StringLifeSelector@$00@@@Z 10012b9b f i libvcruntime:undname.obj
 0001:00011bb6       ??$?0$01@DName@@QAE@PBDU?$StringLifeSelector@$01@@@Z 10012bb6 f i libvcruntime:undname.obj
 0001:00011be9       ??$?0$01@pcharNode@@QAE@PBDHU?$StringLifeSelector@$01@@@Z 10012be9 f i libvcruntime:undname.obj
 0001:00011c29       ??$?0$0A@@DName@@QAE@PBDU?$StringLifeSelector@$0A@@@@Z 10012c29 f i libvcruntime:undname.obj
 0001:00011c5c       ??$?0$0A@@pcharNode@@QAE@PBDHU?$StringLifeSelector@$0A@@@@Z 10012c5c f i libvcruntime:undname.obj
 0001:00011c9c       ??$?0_K$0A@@?$optional@_K@std@@QAE@$$QA_K@Z 10012c9c f i libvcruntime:undname.obj
 0001:00011cb6       ??$?0_K@?$_Optional_construct_base@_K@std@@QAE@Uin_place_t@1@$$QA_K@Z 10012cb6 f i libvcruntime:undname.obj
 0001:00011cd0       ??$?0_K@?$_Optional_destruct_base@_K$00@std@@QAE@Uin_place_t@1@$$QA_K@Z 10012cd0 f i libvcruntime:undname.obj
 0001:00011cea       ??$append@VDNameNode@@@DName@@AAEXPBVDNameNode@@@Z 10012cea f i libvcruntime:undname.obj
 0001:00011d2b       ??$append@VDNameStatusNode@@@DName@@AAEXPBVDNameStatusNode@@@Z 10012d2b f i libvcruntime:undname.obj
 0001:00011d6c       ??$append@VcharNode@@@DName@@AAEXPBVcharNode@@@Z 10012d6c f i libvcruntime:undname.obj
 0001:00011dad       ??$append@VpDNameNode@@@DName@@AAEXPBVpDNameNode@@@Z 10012dad f i libvcruntime:undname.obj
 0001:00011dee       ??$append@VpcharNode@@@DName@@AAEXPBVpcharNode@@@Z 10012dee f i libvcruntime:undname.obj
 0001:00011e2f       ??$doPchar@$00@DName@@AAEXPBDH@Z 10012e2f f i libvcruntime:undname.obj
 0001:00011e9a       ??$doPchar@$01@DName@@AAEXPBDH@Z 10012e9a f i libvcruntime:undname.obj
 0001:00011f0b       ??$doPchar@$0A@@DName@@AAEXPBDH@Z 10012f0b f i libvcruntime:undname.obj
 0001:00011f7c       ??$forward@_K@std@@YA$$QA_KAA_K@Z 10012f7c f i libvcruntime:undname.obj
 0001:00011f84       ??$size@D$04@std@@YAIAAY04$$CBD@Z 10012f84 f i libvcruntime:undname.obj
 0001:00011f88       ??$size@D$0EB@@std@@YAIAAY0EB@$$CBD@Z 10012f88 f i libvcruntime:undname.obj
 0001:00011f8c       ??0?$_Optional_construct_base@_K@std@@QAE@XZ 10012f8c f i libvcruntime:undname.obj
 0001:00011f93       ??0?$_Optional_destruct_base@_K$00@std@@QAE@XZ 10012f93 f i libvcruntime:undname.obj
 0001:00011f9a       ??0?$optional@_K@std@@QAE@XZ 10012f9a f i libvcruntime:undname.obj
 0001:00011fa1       ??0Block@_HeapManager@@QAE@XZ 10012fa1 f i libvcruntime:undname.obj
 0001:00011fa7       ??0DName@@QAE@AAPBDD@Z     10012fa7 f   libvcruntime:undname.obj
 0001:00012027       ??0DName@@QAE@ABUStringLiteral@@@Z 10013027 f   libvcruntime:undname.obj
 0001:0001204e       ??0DName@@QAE@ABV0@@Z      1001304e f i libvcruntime:undname.obj
 0001:00012064       ??0DName@@QAE@D@Z          10013064 f   libvcruntime:undname.obj
 0001:00012080       ??0DName@@QAE@PAV0@@Z      10013080 f   libvcruntime:undname.obj
 0001:000120c7       ??0DName@@QAE@W4DNameStatus@@@Z 100130c7 f   libvcruntime:undname.obj
 0001:00012107       ??0DName@@QAE@XZ           10013107 f i libvcruntime:undname.obj
 0001:00012111       ??0DName@@QAE@_J@Z         10013111 f   libvcruntime:undname.obj
 0001:0001219d       ??0DName@@QAE@_K@Z         1001319d f   libvcruntime:undname.obj
 0001:00012203       ??0DNameNode@@IAE@XZ       10013203 f i libvcruntime:undname.obj
 0001:0001220c       ??0Replicator@@QAE@XZ      1001320c f i libvcruntime:undname.obj
 0001:0001221b       ??0UnDecorator@@QAE@PBDP6APADJ@ZK@Z 1001321b f i libvcruntime:undname.obj
 0001:00012267       ??0_Nontrivial_dummy_type@std@@QAE@XZ 10013267 f i libvcruntime:undname.obj
 0001:0001226a       ??0charNode@@QAE@D@Z       1001326a f i libvcruntime:undname.obj
 0001:0001227f       ??0pDNameNode@@QAE@PAVDName@@@Z 1001327f f   libvcruntime:undname.obj
 0001:000122a7       ??0pairNode@@QAE@PBVDNameNode@@0@Z 100132a7 f i libvcruntime:undname.obj
 0001:000122cd       ??2@YAPAXIAAV_HeapManager@@H@Z 100132cd f   libvcruntime:undname.obj
 0001:000122ec       ??4DName@@QAEAAV0@ABUStringLiteral@@@Z 100132ec f   libvcruntime:undname.obj
 0001:0001230d       ??4DName@@QAEAAV0@ABV0@@Z  1001330d f   libvcruntime:undname.obj
 0001:00012323       ??4DName@@QAEAAV0@D@Z      10013323 f i libvcruntime:undname.obj
 0001:0001233f       ??4DName@@QAEAAV0@PAV0@@Z  1001333f f   libvcruntime:undname.obj
 0001:00012382       ??4DName@@QAEAAV0@W4DNameStatus@@@Z 10013382 f   libvcruntime:undname.obj
 0001:000123b4       ??AReplicator@@QBE?AVDName@@H@Z 100133b4 f   libvcruntime:undname.obj
 0001:000123fa       ??B?$optional@_K@std@@QBE_NXZ 100133fa f i libvcruntime:undname.obj
 0001:000123fe       ??D?$optional@_K@std@@QGAEAA_KXZ 100133fe f i libvcruntime:undname.obj
 0001:00012401       ??H@YA?AVDName@@ABUStringLiteral@@ABV0@@Z 10013401 f i libvcruntime:undname.obj
 0001:00012423       ??H@YA?AVDName@@DABV0@@Z   10013423 f i libvcruntime:undname.obj
 0001:0001244e       ??H@YA?AVDName@@W4DNameStatus@@ABV0@@Z 1001344e f i libvcruntime:undname.obj
 0001:00012470       ??HDName@@QBE?AV0@ABUStringLiteral@@@Z 10013470 f   libvcruntime:undname.obj
 0001:00012492       ??HDName@@QBE?AV0@ABV0@@Z  10013492 f   libvcruntime:undname.obj
 0001:000124b4       ??HDName@@QBE?AV0@D@Z      100134b4 f   libvcruntime:undname.obj
 0001:000124d6       ??HDName@@QBE?AV0@PAV0@@Z  100134d6 f   libvcruntime:undname.obj
 0001:000124f8       ??HDName@@QBE?AV0@W4DNameStatus@@@Z 100134f8 f   libvcruntime:undname.obj
 0001:0001251a       ??HStringLiteral@@QBE?AU0@H@Z 1001351a f i libvcruntime:undname.obj
 0001:00012534       ??YDName@@QAEAAV0@ABUStringLiteral@@@Z 10013534 f   libvcruntime:undname.obj
 0001:0001258c       ??YDName@@QAEAAV0@ABV0@@Z  1001358c f   libvcruntime:undname.obj
 0001:000125e3       ??YDName@@QAEAAV0@D@Z      100135e3 f   libvcruntime:undname.obj
 0001:00012638       ??YDName@@QAEAAV0@PAV0@@Z  10013638 f   libvcruntime:undname.obj
 0001:0001269c       ??YDName@@QAEAAV0@W4DNameStatus@@@Z 1001369c f   libvcruntime:undname.obj
 0001:000126dc       ??YReplicator@@QAEAAV0@ABVDName@@@Z 100136dc f   libvcruntime:undname.obj
 0001:0001271a       ??_5DName@@QAEAAV0@ABV0@@Z 1001371a f   libvcruntime:undname.obj
 0001:00012736       ??__K_l@@YA?AUStringLiteral@@PBDI@Z 10013736 f i libvcruntime:undname.obj
 0001:00012741       ?Constructor@_HeapManager@@QAEXP6APAXI@ZP6AXPAX@Z@Z 10013741 f i libvcruntime:undname.obj
 0001:0001275e       ?Destructor@_HeapManager@@QAEXXZ 1001375e f i libvcruntime:undname.obj
 0001:000127a5       ?UScore@UnDecorator@@SA?AUStringLiteral@@W4Tokens@@@Z 100137a5 f   libvcruntime:undname.obj
 0001:000127cc       ?composeDeclaration@UnDecorator@@CA?AVDName@@ABV2@@Z 100137cc f i libvcruntime:undname.obj
 0001:000134ff       ?doAccessSpecifiers@UnDecorator@@SAHXZ 100144ff f i libvcruntime:undname.obj
 0001:0001350d       ?doAllocationLanguage@UnDecorator@@SAHXZ 1001450d f i libvcruntime:undname.obj
 0001:0001351b       ?doAllocationModel@UnDecorator@@SAHXZ 1001451b f i libvcruntime:undname.obj
 0001:00013529       ?doEcsu@UnDecorator@@SAHXZ 10014529 f i libvcruntime:undname.obj
 0001:00013537       ?doEllipsis@UnDecorator@@SAHXZ 10014537 f i libvcruntime:undname.obj
 0001:00013545       ?doFunctionReturns@UnDecorator@@SAHXZ 10014545 f i libvcruntime:undname.obj
 0001:00013553       ?doMSKeywords@UnDecorator@@SAHXZ 10014553 f i libvcruntime:undname.obj
 0001:00013560       ?doMemberTypes@UnDecorator@@SAHXZ 10014560 f i libvcruntime:undname.obj
 0001:0001356e       ?doNameOnly@UnDecorator@@SAHXZ 1001456e f i libvcruntime:undname.obj
 0001:00013579       ?doNoIdentCharCheck@UnDecorator@@SAHXZ 10014579 f i libvcruntime:undname.obj
 0001:00013584       ?doPchar@DName@@AAEXD@Z    10014584 f   libvcruntime:undname.obj
 0001:000135bc       ?doPtr64@UnDecorator@@SAHXZ 100145bc f i libvcruntime:undname.obj
 0001:000135ca       ?doRestrictionSpec@UnDecorator@@SAHXZ 100145ca f i libvcruntime:undname.obj
 0001:000135d8       ?doThisTypes@UnDecorator@@SAHXZ 100145d8 f i libvcruntime:undname.obj
 0001:000135ea       ?doThrowTypes@UnDecorator@@SAHXZ 100145ea f i libvcruntime:undname.obj
 0001:000135f8       ?doTypeOnly@UnDecorator@@SAHXZ 100145f8 f i libvcruntime:undname.obj
 0001:00013603       ?doUnderScore@UnDecorator@@SAHXZ 10014603 f i libvcruntime:undname.obj
 0001:0001360e       ?getAddressOf@UnDecorator@@CA?AVDName@@XZ 1001460e f   libvcruntime:undname.obj
 0001:00013681       ?getArgumentList@UnDecorator@@CA?AVDName@@XZ 10014681 f   libvcruntime:undname.obj
 0001:0001378e       ?getArgumentTypes@UnDecorator@@CA?AVDName@@XZ 1001478e f   libvcruntime:undname.obj
 0001:000138a7       ?getArrayAccess@UnDecorator@@CA?AVDName@@XZ 100148a7 f   libvcruntime:undname.obj
 0001:00013926       ?getArrayObject@UnDecorator@@CA?AVDName@@XZ 10014926 f   libvcruntime:undname.obj
 0001:000139c8       ?getArrayType@UnDecorator@@CA?AVDName@@ABV2@@Z 100149c8 f i libvcruntime:undname.obj
 0001:00013b65       ?getBasedType@UnDecorator@@CA?AVDName@@XZ 10014b65 f   libvcruntime:undname.obj
 0001:00013c20       ?getBasicDataType@UnDecorator@@CA?AVDName@@ABV2@@Z 10014c20 f   libvcruntime:undname.obj
 0001:00014154       ?getCHPEName@UnDecorator@@QAEPADPADH@Z 10015154 f i libvcruntime:undname.obj
 0001:00014231       ?getCallIndex@UnDecorator@@CA?AVDName@@XZ 10015231 f i libvcruntime:undname.obj
 0001:00014245       ?getCallingConvention@UnDecorator@@CA?AVDName@@XZ 10015245 f   libvcruntime:undname.obj
 0001:00014322       ?getDataIndirectType@UnDecorator@@CA?AVDName@@ABV2@W4IndirectionKind@@0H@Z 10015322 f   libvcruntime:undname.obj
 0001:000149b8       ?getDataIndirectType@UnDecorator@@CA?AVDName@@XZ 100159b8 f i libvcruntime:undname.obj
 0001:000149e6       ?getDataType@UnDecorator@@CA?AVDName@@PAV2@@Z 100159e6 f   libvcruntime:undname.obj
 0001:00014abd       ?getDecoratedName@UnDecorator@@CA?AVDName@@XZ 10015abd f   libvcruntime:undname.obj
 0001:00014d27       ?getDimension@UnDecorator@@CA?AVDName@@_N@Z 10015d27 f   libvcruntime:undname.obj
 0001:00014e3e       ?getDispatchTarget@UnDecorator@@CA?AVDName@@XZ 10015e3e f   libvcruntime:undname.obj
 0001:00014e92       ?getDisplacement@UnDecorator@@CA?AVDName@@XZ 10015e92 f i libvcruntime:undname.obj
 0001:00014ea6       ?getECSUDataType@UnDecorator@@CA?AVDName@@XZ 10015ea6 f   libvcruntime:undname.obj
 0001:00015036       ?getECSUName@UnDecorator@@CA?AVDName@@XZ 10016036 f i libvcruntime:undname.obj
 0001:00015047       ?getEnumType@UnDecorator@@CA?AVDName@@XZ 10016047 f i libvcruntime:undname.obj
 0001:00015167       ?getExtendedDataIndirectType@UnDecorator@@CA?AVDName@@AAW4IndirectionKind@@AA_NH@Z 10016167 f   libvcruntime:undname.obj
 0001:0001531a       ?getExternalDataType@UnDecorator@@CA?AVDName@@ABV2@@Z 1001631a f i libvcruntime:undname.obj
 0001:0001537f       ?getFloatingPoint@UnDecorator@@CA?AVDName@@H@Z 1001637f f   libvcruntime:undname.obj
 0001:00015473       ?getFunctionIndirectType@UnDecorator@@CA?AVDName@@ABV2@@Z 10016473 f   libvcruntime:undname.obj
 0001:0001582c       ?getGuardNumber@UnDecorator@@CA?AVDName@@XZ 1001682c f i libvcruntime:undname.obj
 0001:00015840       ?getLastChar@DName@@QBEDXZ 10016840 f i libvcruntime:undname.obj
 0001:00015860       ?getLastChar@DNameStatusNode@@UBEDXZ 10016860 f i libvcruntime:undname.obj
 0001:0001586c       ?getLastChar@charNode@@UBEDXZ 1001686c f i libvcruntime:undname.obj
 0001:00015870       ?getLastChar@pDNameNode@@UBEDXZ 10016870 f i libvcruntime:undname.obj
 0001:0001587e       ?getLastChar@pairNode@@UBEDXZ 1001687e f i libvcruntime:undname.obj
 0001:000158b3       ?getLastChar@pcharNode@@UBEDXZ 100168b3 f i libvcruntime:undname.obj
 0001:000158c5       ?getLexicalFrame@UnDecorator@@CA?AVDName@@XZ 100168c5 f i libvcruntime:undname.obj
 0001:000158f6       ?getMemberAccess@UnDecorator@@CA?AVDName@@XZ 100168f6 f   libvcruntime:undname.obj
 0001:00015971       ?getMemoryWithBuffer@_HeapManager@@QAEPAXI@Z 10016971 f   libvcruntime:undname.obj
 0001:000159db       ?getMemoryWithoutBuffer@_HeapManager@@QAEPAXI@Z 100169db f   libvcruntime:undname.obj
 0001:000159fb       ?getNoexcept@UnDecorator@@CA?AVDName@@XZ 100169fb f   libvcruntime:undname.obj
 0001:00015a4f       ?getNumberOfDimensions@UnDecorator@@CAHXZ 10016a4f f   libvcruntime:undname.obj
 0001:00015ab0       ?getOperatorName@UnDecorator@@CA?AVDName@@_NPA_N@Z 10016ab0 f i libvcruntime:undname.obj
 0001:00016216       ?getPointerToMember@UnDecorator@@CA?AVDName@@XZ 10017216 f   libvcruntime:undname.obj
 0001:000162d1       ?getPointerType@UnDecorator@@CA?AVDName@@ABV2@0@Z 100172d1 f i libvcruntime:undname.obj
 0001:000162ec       ?getPointerTypeArray@UnDecorator@@CA?AVDName@@ABV2@0@Z 100172ec f i libvcruntime:undname.obj
 0001:00016307       ?getPrimaryDataType@UnDecorator@@CA?AVDName@@ABV2@@Z 10017307 f   libvcruntime:undname.obj
 0001:00016556       ?getPtrRefDataType@UnDecorator@@CA?AVDName@@ABV2@H@Z 10017556 f   libvcruntime:undname.obj
 0001:000166c3       ?getPtrRefType@UnDecorator@@CA?AVDName@@ABV2@0W4IndirectionKind@@@Z 100176c3 f   libvcruntime:undname.obj
 0001:000167d4       ?getReferenceType@UnDecorator@@CA?AVDName@@ABV2@0W4IndirectionKind@@@Z 100177d4 f i libvcruntime:undname.obj
 0001:000167f0       ?getRestrictionSpec@UnDecorator@@CA?AVDName@@XZ 100177f0 f   libvcruntime:undname.obj
 0001:00016918       ?getReturnType@UnDecorator@@CA?AVDName@@PAV2@@Z 10017918 f   libvcruntime:undname.obj
 0001:00016947       ?getScope@UnDecorator@@CA?AVDName@@XZ 10017947 f   libvcruntime:undname.obj
 0001:00016cf9       ?getScopedName@UnDecorator@@CA?AVDName@@XZ 10017cf9 f   libvcruntime:undname.obj
 0001:00016de4       ?getSignedDimension@UnDecorator@@CA?AVDName@@XZ 10017de4 f   libvcruntime:undname.obj
 0001:00016e35       ?getStorageConvention@UnDecorator@@CA?AVDName@@XZ 10017e35 f i libvcruntime:undname.obj
 0001:00016e46       ?getString@DName@@QBEPADPAD0@Z 10017e46 f i libvcruntime:undname.obj
 0001:00016e73       ?getString@DName@@QBEPADPADH@Z 10017e73 f i libvcruntime:undname.obj
 0001:00016ec8       ?getString@DNameStatusNode@@UBEPADPAD0@Z 10017ec8 f i libvcruntime:undname.obj
 0001:00016f0e       ?getString@charNode@@UBEPADPAD0@Z 10017f0e f i libvcruntime:undname.obj
 0001:00016f23       ?getString@pDNameNode@@UBEPADPAD0@Z 10017f23 f i libvcruntime:undname.obj
 0001:00016f3a       ?getString@pairNode@@UBEPADPAD0@Z 10017f3a f i libvcruntime:undname.obj
 0001:00016f80       ?getString@pcharNode@@UBEPADPAD0@Z 10017f80 f i libvcruntime:undname.obj
 0001:00016f9b       ?getStringEncoding@UnDecorator@@CA?AVDName@@W4PrefixKind@@H@Z 10017f9b f   libvcruntime:undname.obj
 0001:00017053       ?getStringHelper@@YAPADPADPBD1H@Z 10018053 f i libvcruntime:undname.obj
 0001:0001707d       ?getStringObject@UnDecorator@@CA?AVDName@@XZ 1001807d f   libvcruntime:undname.obj
 0001:000170d4       ?getSymbolName@UnDecorator@@CA?AVDName@@XZ 100180d4 f i libvcruntime:undname.obj
 0001:0001711c       ?getTemplateArgumentList@UnDecorator@@CA?AVDName@@XZ 1001811c f   libvcruntime:undname.obj
 0001:000172d8       ?getTemplateName@UnDecorator@@CA?AVDName@@_N@Z 100182d8 f   libvcruntime:undname.obj
 0001:00017439       ?getTemplateNonTypeArgument@UnDecorator@@CA?AVDName@@XZ 10018439 f   libvcruntime:undname.obj
 0001:000177ed       ?getTemplateTypeArgument@UnDecorator@@CA?AVDName@@XZ 100187ed f   libvcruntime:undname.obj
 0001:000178f3       ?getThisType@UnDecorator@@CA?AVDName@@XZ 100188f3 f i libvcruntime:undname.obj
 0001:00017922       ?getThrowTypes@UnDecorator@@CA?AVDName@@XZ 10018922 f   libvcruntime:undname.obj
 0001:00017945       ?getTypeEncoding@UnDecorator@@CAHXZ 10018945 f i libvcruntime:undname.obj
 0001:00017ca5       ?getUndecoratedName@UnDecorator@@QAEPADPADH@Z 10018ca5 f i libvcruntime:undname.obj
 0001:00017dc4       ?getUnionObject@UnDecorator@@CA?AVDName@@XZ 10018dc4 f   libvcruntime:undname.obj
 0001:00017e73       ?getVCallThunkType@UnDecorator@@CA?AVDName@@XZ 10018e73 f i libvcruntime:undname.obj
 0001:00017ec9       ?getValue@UnDecorator@@CA?AV?$optional@_K@std@@XZ 10018ec9 f   libvcruntime:undname.obj
 0001:00017f37       ?getValueObject@UnDecorator@@CA?AVDName@@XZ 10018f37 f   libvcruntime:undname.obj
 0001:0001804f       ?getVbTableType@UnDecorator@@CA?AVDName@@ABV2@@Z 1001904f f i libvcruntime:undname.obj
 0001:00018064       ?getVdispMapType@UnDecorator@@CA?AVDName@@ABV2@@Z 10019064 f i libvcruntime:undname.obj
 0001:000180c5       ?getVfTableType@UnDecorator@@CA?AVDName@@ABV2@@Z 100190c5 f i libvcruntime:undname.obj
 0001:0001821b       ?getZName@UnDecorator@@CA?AVDName@@_N0@Z 1001921b f   libvcruntime:undname.obj
 0001:00018430       ?haveTemplateParameters@UnDecorator@@SAHXZ 10019430 f i libvcruntime:undname.obj
 0001:0001843b       ?isArray@DName@@QBEHXZ     1001943b f i libvcruntime:undname.obj
 0001:00018445       ?isComArray@DName@@QBEHXZ  10019445 f i libvcruntime:undname.obj
 0001:0001844f       ?isEmpty@DName@@QBEHXZ     1001944f f i libvcruntime:undname.obj
 0001:00018457       ?isFull@Replicator@@QBEHXZ 10019457 f i libvcruntime:undname.obj
 0001:00018460       ?isNoTE@DName@@QBEHXZ      10019460 f i libvcruntime:undname.obj
 0001:0001846a       ?isPinPtr@DName@@QBEHXZ    1001946a f i libvcruntime:undname.obj
 0001:00018474       ?isPtrRef@DName@@QBEHXZ    10019474 f i libvcruntime:undname.obj
 0001:0001847e       ?isUDC@DName@@QBEHXZ       1001947e f i libvcruntime:undname.obj
 0001:0001848f       ?isUDTThunk@DName@@QBEHXZ  1001948f f i libvcruntime:undname.obj
 0001:000184a0       ?isVCallThunk@DName@@QBEHXZ 100194a0 f i libvcruntime:undname.obj
 0001:000184aa       ?isValid@DName@@QBEHXZ     100194aa f i libvcruntime:undname.obj
 0001:000184b4       ?length@DName@@QBEHXZ      100194b4 f i libvcruntime:undname.obj
 0001:000184d3       ?length@DNameStatusNode@@UBEHXZ 100194d3 f i libvcruntime:undname.obj
 0001:000184d7       ?length@charNode@@UBEHXZ   100194d7 f i libvcruntime:undname.obj
 0001:000184db       ?length@pDNameNode@@UBEHXZ 100194db f i libvcruntime:undname.obj
 0001:000184e9       ?length@pairNode@@UBEHXZ   100194e9 f i libvcruntime:undname.obj
 0001:00018532       ?length@pcharNode@@UBEHXZ  10019532 f i libvcruntime:undname.obj
 0001:00018536       ?make@DNameStatusNode@@SAPBV1@W4DNameStatus@@@Z 10019536 f i libvcruntime:undname.obj
 0001:00018552       ?parseDecoratedName@UnDecorator@@CA?AVDName@@XZ 10019552 f   libvcruntime:undname.obj
 0001:0001864c       ?raw_length@DNameStatusNode@@UBEHXZ 1001964c f i libvcruntime:undname.obj
 0001:00018650       ?raw_length@charNode@@UBEHXZ 10019650 f i libvcruntime:undname.obj
 0001:00018654       ?raw_length@pDNameNode@@UBEHXZ 10019654 f i libvcruntime:undname.obj
 0001:00018658       ?raw_length@pairNode@@UBEHXZ 10019658 f i libvcruntime:undname.obj
 0001:0001865c       ?raw_length@pcharNode@@UBEHXZ 1001965c f i libvcruntime:undname.obj
 0001:00018660       ?setIsArray@DName@@QAEXXZ  10019660 f i libvcruntime:undname.obj
 0001:00018668       ?setIsComArray@DName@@QAEXXZ 10019668 f i libvcruntime:undname.obj
 0001:00018670       ?setIsNoTE@DName@@QAEXXZ   10019670 f i libvcruntime:undname.obj
 0001:00018678       ?setIsPinPtr@DName@@QAEXXZ 10019678 f i libvcruntime:undname.obj
 0001:00018680       ?setIsUDC@DName@@QAEXXZ    10019680 f i libvcruntime:undname.obj
 0001:0001868d       ?setIsVCallThunk@DName@@QAEXXZ 1001968d f i libvcruntime:undname.obj
 0001:00018695       ?setPtrRef@DName@@QAEAAV1@XZ 10019695 f i libvcruntime:undname.obj
 0001:0001869f       ?status@DName@@QBE?AW4DNameStatus@@XZ 1001969f f i libvcruntime:undname.obj
 0001:0001870b       ___unDName                 1001970b f   libvcruntime:undname.obj
 0001:0001872e       ___unDNameEx               1001972e f   libvcruntime:undname.obj
 0001:000187cd       __vsprintf_s_l             100197cd f i libvcruntime:undname.obj
 0001:000187fa       _sprintf_s                 100197fa f i libvcruntime:undname.obj
 0001:00018816       _unDNameGenerateCHPE       10019816 f   libvcruntime:undname.obj
 0001:000188b3       ??$?RU__vcrt_ptd@@@__crt_internal_free_policy@@QBEXQBU__vcrt_ptd@@@Z 100198b3 f i libvcruntime:per_thread_data.obj
 0001:000188c3       ??0?$__crt_unique_heap_ptr@U__vcrt_ptd@@U__crt_internal_free_policy@@@@QAE@QAU__vcrt_ptd@@@Z 100198c3 f i libvcruntime:per_thread_data.obj
 0001:000188e0       ??1?$__crt_unique_heap_ptr@U__vcrt_ptd@@U__crt_internal_free_policy@@@@QAE@XZ 100198e0 f i libvcruntime:per_thread_data.obj
 0001:000188f9       ??B?$__crt_unique_heap_ptr@U__vcrt_ptd@@U__crt_internal_free_policy@@@@QBE_NXZ 100198f9 f i libvcruntime:per_thread_data.obj
 0001:00018900       ?detach@?$__crt_unique_heap_ptr@U__vcrt_ptd@@U__crt_internal_free_policy@@@@QAEPAU__vcrt_ptd@@XZ 10019900 f i libvcruntime:per_thread_data.obj
 0001:00018906       ?get@?$__crt_unique_heap_ptr@U__vcrt_ptd@@U__crt_internal_free_policy@@@@QBEPAU__vcrt_ptd@@XZ 10019906 f i libvcruntime:per_thread_data.obj
 0001:00018909       ?is_valid@?$__crt_unique_heap_ptr@U__vcrt_ptd@@U__crt_internal_free_policy@@@@QBE_NXZ 10019909 f i libvcruntime:per_thread_data.obj
 0001:00018910       ?release@?$__crt_unique_heap_ptr@U__vcrt_ptd@@U__crt_internal_free_policy@@@@QAEXXZ 10019910 f i libvcruntime:per_thread_data.obj
 0001:0001893a       ___vcrt_freefls@4          1001993a f   libvcruntime:per_thread_data.obj
 0001:00018956       ___vcrt_freeptd            10019956 f   libvcruntime:per_thread_data.obj
 0001:0001898c       ___vcrt_getptd             1001998c f   libvcruntime:per_thread_data.obj
 0001:0001899a       ___vcrt_getptd_noexit      1001999a f   libvcruntime:per_thread_data.obj
 0001:00018a2c       ___vcrt_getptd_noinit      10019a2c f   libvcruntime:per_thread_data.obj
 0001:00018a63       ___vcrt_initialize_ptd     10019a63 f   libvcruntime:per_thread_data.obj
 0001:00018a96       ___vcrt_uninitialize_ptd   10019a96 f   libvcruntime:per_thread_data.obj
 0001:00018ab1       ___vcrt_initialize_locks   10019ab1 f   libvcruntime:locks.obj
 0001:00018aed       ___vcrt_lock               10019aed f   libvcruntime:locks.obj
 0001:00018b02       ___vcrt_uninitialize_locks 10019b02 f   libvcruntime:locks.obj
 0001:00018b31       ___vcrt_unlock             10019b31 f   libvcruntime:locks.obj
 0001:00018b50       __global_unwind2           10019b50 f   libvcruntime:exsup.obj
 0001:00018bd0       __local_unwind2            10019bd0 f   libvcruntime:exsup.obj
 0001:00018c70       __abnormal_termination     10019c70 f   libvcruntime:exsup.obj
 0001:00018ca0       __NLG_Notify1              10019ca0 f   libvcruntime:exsup.obj
 0001:00018cb0       __NLG_Notify               10019cb0 f   libvcruntime:exsup.obj
 0001:00018cc7       __NLG_Dispatch             10019cc7     libvcruntime:exsup.obj
 0001:00018cc7       __NLG_Dispatch2            10019cc7     libvcruntime:exsup.obj
 0001:00018cd0       __NLG_Call                 10019cd0 f   libvcruntime:exsup.obj
 0001:00018cd2       __NLG_Return2              10019cd2     libvcruntime:exsup.obj
 0001:00018cd3       ??$__crt_interlocked_exchange_pointer@$$A6AXXZP6AXXZ@@YAP6AXXZPDS6AXXZQ6AXXZ@Z 10019cd3 f i libvcruntime:purevirt.obj
 0001:00018ce0       ??$__crt_interlocked_read_pointer@$$A6AXXZ@@YAP6AXXZPDS6AXXZ@Z 10019ce0 f i libvcruntime:purevirt.obj
 0001:00018cea       __get_purecall_handler     10019cea f   libvcruntime:purevirt.obj
 0001:00018cf0       __purecall                 10019cf0 f   libvcruntime:purevirt.obj
 0001:00018d0c       __set_purecall_handler     10019d0c f   libvcruntime:purevirt.obj
 0001:00018d1b       ??$?0AAViterator@TryBlockMap@__FrameHandler3@@AAV012@$0A@@?$pair@Viterator@TryBlockMap@__FrameHandler3@@V123@@std@@QAE@AAViterator@TryBlockMap@__FrameHandler3@@0@Z 10019d1b f i libvcruntime:trnsctrl.obj
 0001:00018d3f       ??$forward@AAViterator@TryBlockMap@__FrameHandler3@@@std@@YAAAViterator@TryBlockMap@__FrameHandler3@@AAV123@@Z 10019d3f f i libvcruntime:trnsctrl.obj
 0001:00018d47       ??0iterator@TryBlockMap@__FrameHandler3@@QAE@AAV12@I@Z 10019d47 f i libvcruntime:trnsctrl.obj
 0001:00018d5b       ?GetRangeOfTrysToCheck@__FrameHandler3@@SA?AU?$pair@Viterator@TryBlockMap@__FrameHandler3@@V123@@std@@AAVTryBlockMap@1@HPAXPBU_s_FuncInfo@@H@Z 10019d5b f   libvcruntime:trnsctrl.obj
 0001:00018dcb       ?_CallCatchBlock2@@YAPAXPAUEHRegistrationNode@@PBU_s_FuncInfo@@PAXHK@Z 10019dcb f   libvcruntime:trnsctrl.obj
 0001:00018e28       ?_CallSETranslator@@YAHPAUEHExceptionRecord@@PAUEHRegistrationNode@@PAX2PBU_s_FuncInfo@@H1@Z 10019e28 f   libvcruntime:trnsctrl.obj
 0001:00018f1e       ?_JumpToContinuation@@YGXPAXPAUEHRegistrationNode@@@Z 10019f1e f   libvcruntime:trnsctrl.obj
 0001:00018f4e       ?_UnwindNestedFrames@@YGXPAUEHRegistrationNode@@PAUEHExceptionRecord@@@Z 10019f4e f   libvcruntime:trnsctrl.obj
 0001:00018fa1       __CatchGuardHandler        10019fa1 f   libvcruntime:trnsctrl.obj
 0001:00018fd2       __CreateFrameInfo          10019fd2 f   libvcruntime:trnsctrl.obj
 0001:00018ff6       __FindAndUnlinkFrame       10019ff6 f   libvcruntime:trnsctrl.obj
 0001:0001903e       __TranslatorGuardHandler   1001a03e f   libvcruntime:trnsctrl.obj
 0001:000190db       ___CxxFrameHandler         1001a0db f   libvcruntime:trnsctrl.obj
 0001:00019111       ___CxxFrameHandler2        1001a111 f   libvcruntime:trnsctrl.obj
 0001:00019147       ___CxxFrameHandler3        1001a147 f   libvcruntime:trnsctrl.obj
 0001:0001917d       ___CxxLongjmpUnwind@4      1001a17d f   libvcruntime:trnsctrl.obj
 0001:000191b0       _memcpy                    1001a1b0 f   libvcruntime:memcpy.obj
 0001:00019724       ??$__crt_interlocked_exchange_pointer@UHINSTANCE__@@PAU1@@@YAPAUHINSTANCE__@@PDSAU0@QAU0@@Z 1001a724 f i libvcruntime:winapi_downlevel.obj
 0001:00019731       ??$__crt_interlocked_exchange_pointer@UHINSTANCE__@@PAX@@YAPAUHINSTANCE__@@PDSAU0@QAX@Z 1001a731 f i libvcruntime:winapi_downlevel.obj
 0001:0001973e       ??$__crt_interlocked_exchange_pointer@XPAX@@YAPAXPDSAXQAX@Z 1001a73e f i libvcruntime:winapi_downlevel.obj
 0001:0001974b       ??$__crt_interlocked_read_pointer@UHINSTANCE__@@@@YAPAUHINSTANCE__@@PDSAU0@@Z 1001a74b f i libvcruntime:winapi_downlevel.obj
 0001:00019755       ??$__crt_interlocked_read_pointer@X@@YAPAXPDSAX@Z 1001a755 f i libvcruntime:winapi_downlevel.obj
 0001:00019984       ___vcrt_FlsAlloc           1001a984 f   libvcruntime:winapi_downlevel.obj
 0001:000199bf       ___vcrt_FlsFree            1001a9bf f   libvcruntime:winapi_downlevel.obj
 0001:000199fa       ___vcrt_FlsGetValue        1001a9fa f   libvcruntime:winapi_downlevel.obj
 0001:00019a35       ___vcrt_FlsSetValue        1001aa35 f   libvcruntime:winapi_downlevel.obj
 0001:00019a73       ___vcrt_InitializeCriticalSectionEx 1001aa73 f   libvcruntime:winapi_downlevel.obj
 0001:0001a1f1       ??$TypeMatchHelper@V__FrameHandler3@@@@YAHPBU_s_HandlerType@@PBU_s_CatchableType@@PBU_s_ThrowInfo@@@Z 1001b1f1 f i libvcruntime:frame.obj
 0001:0001a27f       ??$__InternalCxxFrameHandler@V__FrameHandler3@@@@YA?AW4_EXCEPTION_DISPOSITION@@PAUEHExceptionRecord@@PAUEHRegistrationNode@@PAU_CONTEXT@@PAXPBU_s_FuncInfo@@H1E@Z 1001b27f f i libvcruntime:frame.obj
 0001:0001a381       ??0HandlerMap@__FrameHandler3@@QAE@PBU_s_TryBlockMapEntry@@II@Z 1001b381 f i libvcruntime:frame.obj
 0001:0001a398       ??0TryBlockMap@__FrameHandler3@@QAE@PBU_s_FuncInfo@@I@Z 1001b398 f i libvcruntime:frame.obj
 0001:0001a3ac       ??0bad_exception@std@@QAE@ABV01@@Z 1001b3ac f i libvcruntime:frame.obj
 0001:0001a3c7       ??0bad_exception@std@@QAE@XZ 1001b3c7 f i libvcruntime:frame.obj
 0001:0001a3df       ??0exception@std@@QAE@ABV01@@Z 1001b3df f i libvcruntime:frame.obj
 0001:0001a40b       ??0exception@std@@QAE@QBDH@Z 1001b40b f i libvcruntime:frame.obj
 0001:0001a428       ??0iterator@HandlerMap@__FrameHandler3@@QAE@AAV12@I@Z 1001b428 f i libvcruntime:frame.obj
 0001:0001a43c       ??1bad_exception@std@@UAE@XZ 1001b43c f i libvcruntime:frame.obj
 0001:0001a44d       ??1exception@std@@UAE@XZ   1001b44d f i libvcruntime:frame.obj
 0001:0001a45e       ??8iterator@HandlerMap@__FrameHandler3@@QBE_NABV012@@Z 1001b45e f i libvcruntime:frame.obj
 0001:0001a471       ??8type_info@@QBE_NABV0@@Z 1001b471 f i libvcruntime:frame.obj
 0001:0001a490       ??9iterator@HandlerMap@__FrameHandler3@@QBE_NABV012@@Z 1001b490 f i libvcruntime:frame.obj
 0001:0001a4a3       ??Diterator@HandlerMap@__FrameHandler3@@QAE?BU_s_HandlerType@@XZ 1001b4a3 f i libvcruntime:frame.obj
 0001:0001a4c2       ??Diterator@TryBlockMap@__FrameHandler3@@QAE?BU_s_TryBlockMapEntry@@XZ 1001b4c2 f i libvcruntime:frame.obj
 0001:0001a4e4       ??Eiterator@HandlerMap@__FrameHandler3@@QAEAAV012@XZ 1001b4e4 f i libvcruntime:frame.obj
 0001:0001a4ea       ??Eiterator@TryBlockMap@__FrameHandler3@@QAEAAV012@XZ 1001b4ea f i libvcruntime:frame.obj
 0001:0001a4f0       ??Miterator@TryBlockMap@__FrameHandler3@@QBE_NABV012@@Z 1001b4f0 f i libvcruntime:frame.obj
 0001:0001a503       ??_Ebad_exception@std@@UAEPAXI@Z 1001b503 f i libvcruntime:frame.obj
 0001:0001a503       ??_Gbad_exception@std@@UAEPAXI@Z 1001b503 f i libvcruntime:frame.obj
 0001:0001a530       ??_Gexception@std@@UAEPAXI@Z 1001b530 f i libvcruntime:frame.obj
 0001:0001a530       ??_Eexception@std@@UAEPAXI@Z 1001b530 f i libvcruntime:frame.obj
 0001:0001a55d       ?BuildCatchObject@__FrameHandler3@@SAXPAUEHExceptionRecord@@PAXPBU_s_HandlerType@@PBU_s_CatchableType@@@Z 1001b55d f   libvcruntime:frame.obj
 0001:0001a562       ?BuildCatchObjectHelper@__FrameHandler3@@SAHPAUEHExceptionRecord@@PAXPBU_s_HandlerType@@PBU_s_CatchableType@@@Z 1001b562 f   libvcruntime:frame.obj
 0001:0001a7b8       ?FrameUnwindToEmptyState@__FrameHandler3@@SAXPAUEHRegistrationNode@@PAXPBU_s_FuncInfo@@@Z 1001b7b8 f   libvcruntime:frame.obj
 0001:0001a7d0       ?FrameUnwindToState@__FrameHandler3@@SAXPAUEHRegistrationNode@@PAXPBU_s_FuncInfo@@H@Z 1001b7d0 f   libvcruntime:frame.obj
 0001:0001a8b8       ?GetMaxState@__FrameHandler3@@SAHPAXPBU_s_FuncInfo@@@Z 1001b8b8 f i libvcruntime:frame.obj
 0001:0001a996       ?TypeMatch@__FrameHandler3@@SAHPBU_s_HandlerType@@PBU_s_CatchableType@@PBU_s_ThrowInfo@@@Z 1001b996 f   libvcruntime:frame.obj
 0001:0001a99f       ?_CallMemberFunction1@@YGXQAX00@Z 1001b99f f i libvcruntime:frame.obj
 0001:0001a9af       ?_CallMemberFunction2@@YGXQAX00H@Z 1001b9af f i libvcruntime:frame.obj
 0001:0001a9c2       ?begin@HandlerMap@__FrameHandler3@@QAE?AViterator@12@XZ 1001b9c2 f i libvcruntime:frame.obj
 0001:0001a9d2       ?end@HandlerMap@__FrameHandler3@@QAE?AViterator@12@XZ 1001b9d2 f i libvcruntime:frame.obj
 0001:0001a9e3       ?getESTypes@__FrameHandler3@@SAPBU_s_ESTypeList@@PBU_s_FuncInfo@@@Z 1001b9e3 f i libvcruntime:frame.obj
 0001:0001a9ee       ?getLastEntry@HandlerMap@__FrameHandler3@@QAEPBU_s_HandlerType@@XZ 1001b9ee f i libvcruntime:frame.obj
 0001:0001a9fc       ?getMagicNum@__FrameHandler3@@SAIPBU_s_FuncInfo@@@Z 1001b9fc f i libvcruntime:frame.obj
 0001:0001aa0b       ?getNumTryBlocks@TryBlockMap@__FrameHandler3@@QAEIXZ 1001ba0b f i libvcruntime:frame.obj
 0001:0001aa11       ?isEHs@__FrameHandler3@@SA_NPBU_s_FuncInfo@@@Z 1001ba11 f i libvcruntime:frame.obj
 0001:0001aa1e       ?isNoExcept@__FrameHandler3@@SA_NPBU_s_FuncInfo@@@Z 1001ba1e f i libvcruntime:frame.obj
 0001:0001aa2e       ?what@exception@std@@UBEPBDXZ 1001ba2e f i libvcruntime:frame.obj
 0001:0001aa3b       ___BuildCatchObject        1001ba3b f   libvcruntime:frame.obj
 0001:0001aa40       ___BuildCatchObjectHelper  1001ba40 f   libvcruntime:frame.obj
 0001:0001aa49       ___TypeMatch               1001ba49 f   libvcruntime:frame.obj
 0001:0001aa52       ___vcrt_EncodePointer      1001ba52 f i libvcruntime:frame.obj
 0001:0001aa60       __CallSettingFrame@12      1001ba60 f   libvcruntime:lowhelpr.obj
 0001:0001aa87       __NLG_Return               1001ba87     libvcruntime:lowhelpr.obj
 0001:0001aac0       __get_unexpected           1001bac0 f   libvcruntime:unexpected.obj
 0001:0001aad2       _set_unexpected            1001bad2 f   libvcruntime:unexpected.obj
 0001:0001aaf0       _unexpected                1001baf0 f   libvcruntime:unexpected.obj
 0001:0001ab0d       ?GetCurrentState@__FrameHandler3@@SAHPAUEHRegistrationNode@@PAXPBU_s_FuncInfo@@@Z 1001bb0d f   libvcruntime:ehstate.obj
 0001:0001ab2a       ?SetState@__FrameHandler3@@SAXPAUEHRegistrationNode@@PBU_s_FuncInfo@@H@Z 1001bb2a f   libvcruntime:ehstate.obj
 0001:0001ab38       ??$?RD@__crt_public_free_policy@@QBEXQBD@Z 1001bb38 f i libvcruntime:std_exception.obj
 0001:0001ab48       ??0?$__crt_unique_heap_ptr@DU__crt_public_free_policy@@@@QAE@QAD@Z 1001bb48 f i libvcruntime:std_exception.obj
 0001:0001ab56       ??1?$__crt_unique_heap_ptr@DU__crt_public_free_policy@@@@QAE@XZ 1001bb56 f i libvcruntime:std_exception.obj
 0001:0001ab66       ??B?$__crt_unique_heap_ptr@DU__crt_public_free_policy@@@@QBE_NXZ 1001bb66 f i libvcruntime:std_exception.obj
 0001:0001ab6d       ?detach@?$__crt_unique_heap_ptr@DU__crt_public_free_policy@@@@QAEPADXZ 1001bb6d f i libvcruntime:std_exception.obj
 0001:0001ab73       ?get@?$__crt_unique_heap_ptr@DU__crt_public_free_policy@@@@QBEPADXZ 1001bb73 f i libvcruntime:std_exception.obj
 0001:0001ab76       ?is_valid@?$__crt_unique_heap_ptr@DU__crt_public_free_policy@@@@QBE_NXZ 1001bb76 f i libvcruntime:std_exception.obj
 0001:0001ab7d       ?release@?$__crt_unique_heap_ptr@DU__crt_public_free_policy@@@@QAEXXZ 1001bb7d f i libvcruntime:std_exception.obj
 0001:0001ab8d       ___std_exception_copy      1001bb8d f   libvcruntime:std_exception.obj
 0001:0001abf0       ___std_exception_destroy   1001bbf0 f   libvcruntime:std_exception.obj
 0001:0001ac0f       __CxxThrowException@8      1001bc0f f   libvcruntime:throw.obj
 0001:0001ac80       _memmove                   1001bc80 f   libvcruntime:memmove.obj
 0001:0001b576       __lseek                    1001c576 f   libucrt:lseek.obj
 0001:0001b581       __lseek_nolock             1001c581 f   libucrt:lseek.obj
 0001:0001b58c       __lseeki64                 1001c58c f   libucrt:lseek.obj
 0001:0001b5a7       __lseeki64_nolock          1001c5a7 f   libucrt:lseek.obj
 0001:0001b5c2       ??$?R_W@__crt_internal_free_policy@@QBEXQB_W@Z 1001c5c2 f i libucrt:open.obj
 0001:0001b5d4       ??$__vcrt_va_start_verify_argument_type@$$CBH@@YAXXZ 1001c5d4 f i libucrt:open.obj
 0001:0001b897       ??$tsopen_nolock@PAHABQAHABQBDABHABHABHABH@?$__crt_char_traits@D@@SAH$$QAPAHABQAHABQBDABH333@Z 1001c897 f i libucrt:open.obj
 0001:0001b8c9       ??$tsopen_nolock@PAHABQAHABQB_WABHABHABHABH@?$__crt_char_traits@_W@@SAH$$QAPAHABQAHABQB_WABH333@Z 1001c8c9 f i libucrt:open.obj
 0001:0001b8fb       ??$tsopen_nolock@PAHPAHABQBDABHHABHH@?$__crt_char_traits@D@@SAH$$QAPAH0ABQBDABH$$QAH23@Z 1001c8fb f i libucrt:open.obj
 0001:0001b92d       ??$tsopen_nolock@PAHPAHABQB_WABHHABHH@?$__crt_char_traits@_W@@SAH$$QAPAH0ABQB_WABH$$QAH23@Z 1001c92d f i libucrt:open.obj
 0001:0001b95f       ??0?$__crt_unique_heap_ptr@_WU__crt_internal_free_policy@@@@QAE@QA_W@Z 1001c95f f i libucrt:open.obj
 0001:0001b96f       ??1?$__crt_unique_heap_ptr@_WU__crt_internal_free_policy@@@@QAE@XZ 1001c96f f i libucrt:open.obj
 0001:0001bedb       ?release@?$__crt_unique_heap_ptr@_WU__crt_internal_free_policy@@@@QAEXXZ 1001cedb f i libucrt:open.obj
 0001:0001bf9d       __invoke_watson_if_error   1001cf9d f i libucrt:open.obj
 0001:0001bfbf       __open                     1001cfbf f   libucrt:open.obj
 0001:0001bfd7       __sopen                    1001cfd7 f   libucrt:open.obj
 0001:0001c00c       __sopen_dispatch           1001d00c f   libucrt:open.obj
 0001:0001c017       __sopen_nolock             1001d017 f   libucrt:open.obj
 0001:0001c068       __sopen_s                  1001d068 f   libucrt:open.obj
 0001:0001c088       __wopen                    1001d088 f   libucrt:open.obj
 0001:0001c0a0       __wsopen                   1001d0a0 f   libucrt:open.obj
 0001:0001c0d5       __wsopen_dispatch          1001d0d5 f   libucrt:open.obj
 0001:0001c0e0       __wsopen_nolock            1001d0e0 f   libucrt:open.obj
 0001:0001c409       __wsopen_s                 1001d409 f   libucrt:open.obj
 0001:0001c429       ??0_LocaleUpdate@@QAE@QAU__crt_locale_pointers@@@Z 1001d429 f i libucrt:wcstombs.obj
 0001:0001c4ac       ??1_LocaleUpdate@@QAE@XZ   1001d4ac f i libucrt:wcstombs.obj
 0001:0001c4bc       ?GetLocaleT@_LocaleUpdate@@QAEPAU__crt_locale_pointers@@XZ 1001d4bc f i libucrt:wcstombs.obj
 0001:0001c780       ___acrt_locale_changed     1001d780 f i libucrt:wcstombs.obj
 0001:0001c78b       __wcstombs_l               1001d78b f   libucrt:wcstombs.obj
 0001:0001c796       __wcstombs_s_l             1001d796 f   libucrt:wcstombs.obj
 0001:0001c863       _wcstombs                  1001d863 f   libucrt:wcstombs.obj
 0001:0001c87d       _wcstombs_s                1001d87d f   libucrt:wcstombs.obj
 0001:0001c89d       ??$?0ABV?$stream_output_adapter@D@__crt_stdio_output@@AB_KABQBDABQAU__crt_locale_pointers@@ABQAD@?$format_validation_base@DV?$stream_output_adapter@D@__crt_stdio_output@@@__crt_stdio_output@@IAE@ABV?$stream_output_adapter@D@1@AB_KABQBDABQAU__crt_locale_pointers@@ABQAD@Z 1001d89d f i libucrt:output.obj
 0001:0001c8c0       ??$?0ABV?$stream_output_adapter@D@__crt_stdio_output@@AB_KABQBDABQAU__crt_locale_pointers@@ABQAD@?$positional_parameter_base@DV?$stream_output_adapter@D@__crt_stdio_output@@@__crt_stdio_output@@IAE@ABV?$stream_output_adapter@D@1@AB_KABQBDABQAU__crt_locale_pointers@@ABQAD@Z 1001d8c0 f i libucrt:output.obj
 0001:0001c908       ??$?0ABV?$stream_output_adapter@D@__crt_stdio_output@@AB_KABQBDABQAU__crt_locale_pointers@@ABQAD@?$standard_base@DV?$stream_output_adapter@D@__crt_stdio_output@@@__crt_stdio_output@@IAE@ABV?$stream_output_adapter@D@1@AB_KABQBDABQAU__crt_locale_pointers@@ABQAD@Z 1001d908 f i libucrt:output.obj
 0001:0001c93d       ??$?0ABV?$stream_output_adapter@_W@__crt_stdio_output@@AB_KABQB_WABQAU__crt_locale_pointers@@ABQAD@?$format_validation_base@_WV?$stream_output_adapter@_W@__crt_stdio_output@@@__crt_stdio_output@@IAE@ABV?$stream_output_adapter@_W@1@AB_KABQB_WABQAU__crt_locale_pointers@@ABQAD@Z 1001d93d f i libucrt:output.obj
 0001:0001c960       ??$?0ABV?$stream_output_adapter@_W@__crt_stdio_output@@AB_KABQB_WABQAU__crt_locale_pointers@@ABQAD@?$positional_parameter_base@_WV?$stream_output_adapter@_W@__crt_stdio_output@@@__crt_stdio_output@@IAE@ABV?$stream_output_adapter@_W@1@AB_KABQB_WABQAU__crt_locale_pointers@@ABQAD@Z 1001d960 f i libucrt:output.obj
 0001:0001c9a8       ??$?0ABV?$stream_output_adapter@_W@__crt_stdio_output@@AB_KABQB_WABQAU__crt_locale_pointers@@ABQAD@?$standard_base@_WV?$stream_output_adapter@_W@__crt_stdio_output@@@__crt_stdio_output@@IAE@ABV?$stream_output_adapter@_W@1@AB_KABQB_WABQAU__crt_locale_pointers@@ABQAD@Z 1001d9a8 f i libucrt:output.obj
 0001:0001c9dd       ??$?0ABV?$string_output_adapter@D@__crt_stdio_output@@AB_KABQBDABQAU__crt_locale_pointers@@ABQAD@?$format_validation_base@DV?$string_output_adapter@D@__crt_stdio_output@@@__crt_stdio_output@@IAE@ABV?$string_output_adapter@D@1@AB_KABQBDABQAU__crt_locale_pointers@@ABQAD@Z 1001d9dd f i libucrt:output.obj
 0001:0001ca00       ??$?0ABV?$string_output_adapter@D@__crt_stdio_output@@AB_KABQBDABQAU__crt_locale_pointers@@ABQAD@?$positional_parameter_base@DV?$string_output_adapter@D@__crt_stdio_output@@@__crt_stdio_output@@IAE@ABV?$string_output_adapter@D@1@AB_KABQBDABQAU__crt_locale_pointers@@ABQAD@Z 1001da00 f i libucrt:output.obj
 0001:0001ca48       ??$?0ABV?$string_output_adapter@D@__crt_stdio_output@@AB_KABQBDABQAU__crt_locale_pointers@@ABQAD@?$standard_base@DV?$string_output_adapter@D@__crt_stdio_output@@@__crt_stdio_output@@IAE@ABV?$string_output_adapter@D@1@AB_KABQBDABQAU__crt_locale_pointers@@ABQAD@Z 1001da48 f i libucrt:output.obj
 0001:0001ca7d       ??$?0ABV?$string_output_adapter@_W@__crt_stdio_output@@AB_KABQB_WABQAU__crt_locale_pointers@@ABQAD@?$format_validation_base@_WV?$string_output_adapter@_W@__crt_stdio_output@@@__crt_stdio_output@@IAE@ABV?$string_output_adapter@_W@1@AB_KABQB_WABQAU__crt_locale_pointers@@ABQAD@Z 1001da7d f i libucrt:output.obj
 0001:0001caa0       ??$?0ABV?$string_output_adapter@_W@__crt_stdio_output@@AB_KABQB_WABQAU__crt_locale_pointers@@ABQAD@?$positional_parameter_base@_WV?$string_output_adapter@_W@__crt_stdio_output@@@__crt_stdio_output@@IAE@ABV?$string_output_adapter@_W@1@AB_KABQB_WABQAU__crt_locale_pointers@@ABQAD@Z 1001daa0 f i libucrt:output.obj
 0001:0001cae8       ??$?0ABV?$string_output_adapter@_W@__crt_stdio_output@@AB_KABQB_WABQAU__crt_locale_pointers@@ABQAD@?$standard_base@_WV?$string_output_adapter@_W@__crt_stdio_output@@@__crt_stdio_output@@IAE@ABV?$string_output_adapter@_W@1@AB_KABQB_WABQAU__crt_locale_pointers@@ABQAD@Z 1001dae8 f i libucrt:output.obj
 0001:0001cdf3       ??$__crt_interlocked_read@J@@YAJPDJ@Z 1001ddf3 f i libucrt:output.obj
 0001:0001dce0       ??$count@D@formatting_buffer@__crt_stdio_output@@QBEIXZ 1001ece0 f i libucrt:output.obj
 0001:0001dcf8       ??$count@_W@formatting_buffer@__crt_stdio_output@@QBEIXZ 1001ecf8 f i libucrt:output.obj
 0001:0001dd11       ??$data@D@formatting_buffer@__crt_stdio_output@@QAEPADXZ 1001ed11 f i libucrt:output.obj
 0001:0001dd1e       ??$data@_W@formatting_buffer@__crt_stdio_output@@QAEPA_WXZ 1001ed1e f i libucrt:output.obj
 0001:0001dd2b       ??$ensure_buffer_is_big_enough@D@formatting_buffer@__crt_stdio_output@@QAE_NI@Z 1001ed2b f i libucrt:output.obj
 0001:0001ddaa       ??$ensure_buffer_is_big_enough@_W@formatting_buffer@__crt_stdio_output@@QAE_NI@Z 1001edaa f i libucrt:output.obj
 0001:0001de2a       ??$extract_argument_from_va_list@C_J@?$positional_parameter_base@DV?$stream_output_adapter@D@__crt_stdio_output@@@__crt_stdio_output@@IAE_NAA_J@Z 1001ee2a f i libucrt:output.obj
 0001:0001dea5       ??$extract_argument_from_va_list@C_J@?$positional_parameter_base@DV?$string_output_adapter@D@__crt_stdio_output@@@__crt_stdio_output@@IAE_NAA_J@Z 1001eea5 f i libucrt:output.obj
 0001:0001df20       ??$extract_argument_from_va_list@C_J@?$positional_parameter_base@_WV?$stream_output_adapter@_W@__crt_stdio_output@@@__crt_stdio_output@@IAE_NAA_J@Z 1001ef20 f i libucrt:output.obj
 0001:0001df9b       ??$extract_argument_from_va_list@C_J@?$positional_parameter_base@_WV?$string_output_adapter@_W@__crt_stdio_output@@@__crt_stdio_output@@IAE_NAA_J@Z 1001ef9b f i libucrt:output.obj
 0001:0001e016       ??$extract_argument_from_va_list@C_J@?$standard_base@DV?$stream_output_adapter@D@__crt_stdio_output@@@__crt_stdio_output@@IAE_NAA_J@Z 1001f016 f i libucrt:output.obj
 0001:0001e035       ??$extract_argument_from_va_list@C_J@?$standard_base@DV?$string_output_adapter@D@__crt_stdio_output@@@__crt_stdio_output@@IAE_NAA_J@Z 1001f035 f i libucrt:output.obj
 0001:0001e054       ??$extract_argument_from_va_list@C_J@?$standard_base@_WV?$stream_output_adapter@_W@__crt_stdio_output@@@__crt_stdio_output@@IAE_NAA_J@Z 1001f054 f i libucrt:output.obj
 0001:0001e073       ??$extract_argument_from_va_list@C_J@?$standard_base@_WV?$string_output_adapter@_W@__crt_stdio_output@@@__crt_stdio_output@@IAE_NAA_J@Z 1001f073 f i libucrt:output.obj
 0001:0001e092       ??$extract_argument_from_va_list@E_J@?$positional_parameter_base@DV?$stream_output_adapter@D@__crt_stdio_output@@@__crt_stdio_output@@IAE_NAA_J@Z 1001f092 f i libucrt:output.obj
 0001:0001e10d       ??$extract_argument_from_va_list@E_J@?$positional_parameter_base@DV?$string_output_adapter@D@__crt_stdio_output@@@__crt_stdio_output@@IAE_NAA_J@Z 1001f10d f i libucrt:output.obj
 0001:0001e188       ??$extract_argument_from_va_list@E_J@?$positional_parameter_base@_WV?$stream_output_adapter@_W@__crt_stdio_output@@@__crt_stdio_output@@IAE_NAA_J@Z 1001f188 f i libucrt:output.obj
 0001:0001e203       ??$extract_argument_from_va_list@E_J@?$positional_parameter_base@_WV?$string_output_adapter@_W@__crt_stdio_output@@@__crt_stdio_output@@IAE_NAA_J@Z 1001f203 f i libucrt:output.obj
 0001:0001e27e       ??$extract_argument_from_va_list@E_J@?$standard_base@DV?$stream_output_adapter@D@__crt_stdio_output@@@__crt_stdio_output@@IAE_NAA_J@Z 1001f27e f i libucrt:output.obj
 0001:0001e29d       ??$extract_argument_from_va_list@E_J@?$standard_base@DV?$string_output_adapter@D@__crt_stdio_output@@@__crt_stdio_output@@IAE_NAA_J@Z 1001f29d f i libucrt:output.obj
 0001:0001e2bc       ??$extract_argument_from_va_list@E_J@?$standard_base@_WV?$stream_output_adapter@_W@__crt_stdio_output@@@__crt_stdio_output@@IAE_NAA_J@Z 1001f2bc f i libucrt:output.obj
 0001:0001e2db       ??$extract_argument_from_va_list@E_J@?$standard_base@_WV?$string_output_adapter@_W@__crt_stdio_output@@@__crt_stdio_output@@IAE_NAA_J@Z 1001f2db f i libucrt:output.obj
 0001:0001e2fa       ??$extract_argument_from_va_list@F_J@?$positional_parameter_base@DV?$stream_output_adapter@D@__crt_stdio_output@@@__crt_stdio_output@@IAE_NAA_J@Z 1001f2fa f i libucrt:output.obj
 0001:0001e375       ??$extract_argument_from_va_list@F_J@?$positional_parameter_base@DV?$string_output_adapter@D@__crt_stdio_output@@@__crt_stdio_output@@IAE_NAA_J@Z 1001f375 f i libucrt:output.obj
 0001:0001e3f0       ??$extract_argument_from_va_list@F_J@?$positional_parameter_base@_WV?$stream_output_adapter@_W@__crt_stdio_output@@@__crt_stdio_output@@IAE_NAA_J@Z 1001f3f0 f i libucrt:output.obj
 0001:0001e46b       ??$extract_argument_from_va_list@F_J@?$positional_parameter_base@_WV?$string_output_adapter@_W@__crt_stdio_output@@@__crt_stdio_output@@IAE_NAA_J@Z 1001f46b f i libucrt:output.obj
 0001:0001e4e6       ??$extract_argument_from_va_list@F_J@?$standard_base@DV?$stream_output_adapter@D@__crt_stdio_output@@@__crt_stdio_output@@IAE_NAA_J@Z 1001f4e6 f i libucrt:output.obj
 0001:0001e505       ??$extract_argument_from_va_list@F_J@?$standard_base@DV?$string_output_adapter@D@__crt_stdio_output@@@__crt_stdio_output@@IAE_NAA_J@Z 1001f505 f i libucrt:output.obj
 0001:0001e524       ??$extract_argument_from_va_list@F_J@?$standard_base@_WV?$stream_output_adapter@_W@__crt_stdio_output@@@__crt_stdio_output@@IAE_NAA_J@Z 1001f524 f i libucrt:output.obj
 0001:0001e543       ??$extract_argument_from_va_list@F_J@?$standard_base@_WV?$string_output_adapter@_W@__crt_stdio_output@@@__crt_stdio_output@@IAE_NAA_J@Z 1001f543 f i libucrt:output.obj
 0001:0001e562       ??$extract_argument_from_va_list@GD@?$positional_parameter_base@DV?$stream_output_adapter@D@__crt_stdio_output@@@__crt_stdio_output@@IAE_NAAD@Z 1001f562 f i libucrt:output.obj
 0001:0001e5dc       ??$extract_argument_from_va_list@GD@?$positional_parameter_base@DV?$string_output_adapter@D@__crt_stdio_output@@@__crt_stdio_output@@IAE_NAAD@Z 1001f5dc f i libucrt:output.obj
 0001:0001e656       ??$extract_argument_from_va_list@GD@?$standard_base@DV?$stream_output_adapter@D@__crt_stdio_output@@@__crt_stdio_output@@IAE_NAAD@Z 1001f656 f i libucrt:output.obj
 0001:0001e670       ??$extract_argument_from_va_list@GD@?$standard_base@DV?$string_output_adapter@D@__crt_stdio_output@@@__crt_stdio_output@@IAE_NAAD@Z 1001f670 f i libucrt:output.obj
 0001:0001e68a       ??$extract_argument_from_va_list@G_J@?$positional_parameter_base@DV?$stream_output_adapter@D@__crt_stdio_output@@@__crt_stdio_output@@IAE_NAA_J@Z 1001f68a f i libucrt:output.obj
 0001:0001e705       ??$extract_argument_from_va_list@G_J@?$positional_parameter_base@DV?$string_output_adapter@D@__crt_stdio_output@@@__crt_stdio_output@@IAE_NAA_J@Z 1001f705 f i libucrt:output.obj
 0001:0001e780       ??$extract_argument_from_va_list@G_J@?$positional_parameter_base@_WV?$stream_output_adapter@_W@__crt_stdio_output@@@__crt_stdio_output@@IAE_NAA_J@Z 1001f780 f i libucrt:output.obj
 0001:0001e7fb       ??$extract_argument_from_va_list@G_J@?$positional_parameter_base@_WV?$string_output_adapter@_W@__crt_stdio_output@@@__crt_stdio_output@@IAE_NAA_J@Z 1001f7fb f i libucrt:output.obj
 0001:0001e876       ??$extract_argument_from_va_list@G_J@?$standard_base@DV?$stream_output_adapter@D@__crt_stdio_output@@@__crt_stdio_output@@IAE_NAA_J@Z 1001f876 f i libucrt:output.obj
 0001:0001e895       ??$extract_argument_from_va_list@G_J@?$standard_base@DV?$string_output_adapter@D@__crt_stdio_output@@@__crt_stdio_output@@IAE_NAA_J@Z 1001f895 f i libucrt:output.obj
 0001:0001e8b4       ??$extract_argument_from_va_list@G_J@?$standard_base@_WV?$stream_output_adapter@_W@__crt_stdio_output@@@__crt_stdio_output@@IAE_NAA_J@Z 1001f8b4 f i libucrt:output.obj
 0001:0001e8d3       ??$extract_argument_from_va_list@G_J@?$standard_base@_WV?$string_output_adapter@_W@__crt_stdio_output@@@__crt_stdio_output@@IAE_NAA_J@Z 1001f8d3 f i libucrt:output.obj
 0001:0001e8f2       ??$extract_argument_from_va_list@H_J@?$positional_parameter_base@DV?$stream_output_adapter@D@__crt_stdio_output@@@__crt_stdio_output@@IAE_NAA_J@Z 1001f8f2 f i libucrt:output.obj
 0001:0001e96b       ??$extract_argument_from_va_list@H_J@?$positional_parameter_base@DV?$string_output_adapter@D@__crt_stdio_output@@@__crt_stdio_output@@IAE_NAA_J@Z 1001f96b f i libucrt:output.obj
 0001:0001e9e4       ??$extract_argument_from_va_list@H_J@?$positional_parameter_base@_WV?$stream_output_adapter@_W@__crt_stdio_output@@@__crt_stdio_output@@IAE_NAA_J@Z 1001f9e4 f i libucrt:output.obj
 0001:0001ea5d       ??$extract_argument_from_va_list@H_J@?$positional_parameter_base@_WV?$string_output_adapter@_W@__crt_stdio_output@@@__crt_stdio_output@@IAE_NAA_J@Z 1001fa5d f i libucrt:output.obj
 0001:0001ead6       ??$extract_argument_from_va_list@H_J@?$standard_base@DV?$stream_output_adapter@D@__crt_stdio_output@@@__crt_stdio_output@@IAE_NAA_J@Z 1001fad6 f i libucrt:output.obj
 0001:0001eaf4       ??$extract_argument_from_va_list@H_J@?$standard_base@DV?$string_output_adapter@D@__crt_stdio_output@@@__crt_stdio_output@@IAE_NAA_J@Z 1001faf4 f i libucrt:output.obj
 0001:0001eb12       ??$extract_argument_from_va_list@H_J@?$standard_base@_WV?$stream_output_adapter@_W@__crt_stdio_output@@@__crt_stdio_output@@IAE_NAA_J@Z 1001fb12 f i libucrt:output.obj
 0001:0001eb30       ??$extract_argument_from_va_list@H_J@?$standard_base@_WV?$string_output_adapter@_W@__crt_stdio_output@@@__crt_stdio_output@@IAE_NAA_J@Z 1001fb30 f i libucrt:output.obj
 0001:0001eb4e       ??$extract_argument_from_va_list@I_J@?$positional_parameter_base@DV?$stream_output_adapter@D@__crt_stdio_output@@@__crt_stdio_output@@IAE_NAA_J@Z 1001fb4e f i libucrt:output.obj
 0001:0001ebd0       ??$extract_argument_from_va_list@I_J@?$positional_parameter_base@DV?$string_output_adapter@D@__crt_stdio_output@@@__crt_stdio_output@@IAE_NAA_J@Z 1001fbd0 f i libucrt:output.obj
 0001:0001ec52       ??$extract_argument_from_va_list@I_J@?$positional_parameter_base@_WV?$stream_output_adapter@_W@__crt_stdio_output@@@__crt_stdio_output@@IAE_NAA_J@Z 1001fc52 f i libucrt:output.obj
 0001:0001ecd4       ??$extract_argument_from_va_list@I_J@?$positional_parameter_base@_WV?$string_output_adapter@_W@__crt_stdio_output@@@__crt_stdio_output@@IAE_NAA_J@Z 1001fcd4 f i libucrt:output.obj
 0001:0001ed56       ??$extract_argument_from_va_list@I_J@?$standard_base@DV?$stream_output_adapter@D@__crt_stdio_output@@@__crt_stdio_output@@IAE_NAA_J@Z 1001fd56 f i libucrt:output.obj
 0001:0001ed74       ??$extract_argument_from_va_list@I_J@?$standard_base@DV?$string_output_adapter@D@__crt_stdio_output@@@__crt_stdio_output@@IAE_NAA_J@Z 1001fd74 f i libucrt:output.obj
 0001:0001ed92       ??$extract_argument_from_va_list@I_J@?$standard_base@_WV?$stream_output_adapter@_W@__crt_stdio_output@@@__crt_stdio_output@@IAE_NAA_J@Z 1001fd92 f i libucrt:output.obj
 0001:0001edb0       ??$extract_argument_from_va_list@I_J@?$standard_base@_WV?$string_output_adapter@_W@__crt_stdio_output@@@__crt_stdio_output@@IAE_NAA_J@Z 1001fdb0 f i libucrt:output.obj
 0001:0001edce       ??$extract_argument_from_va_list@PADPAD@?$positional_parameter_base@DV?$stream_output_adapter@D@__crt_stdio_output@@@__crt_stdio_output@@IAE_NAAPAD@Z 1001fdce f i libucrt:output.obj
[...]
 0002:0000ca18       __sehtable$?__acrt_stdio_allocate_stream@@YA?AV__crt_stdio_stream@@XZ 10060a18     libucrt:stream.obj
 0002:0000ca38       __sehtable$??$?RV<lambda_2866be3712abc81a800a822484c830d8>@@AAV<lambda_39ca0ed439415581b5b15c265174cece>@@V<lambda_2b24c74d71094a6cd0cb82e44167d71b>@@@?$__crt_seh_guarded_call@X@@QAEX$$QAV<lambda_2866be3712abc81a800a822484c830d8>@@AAV<lambda_39ca0ed439415581b5b15c265174cece>@@$$QAV<lambda_2b24c74d71094a6cd0cb82e44167d71b>@@@Z 10060a38     libucrt:fflush.obj
 0002:0000ca58       __sehtable$??$?RV<lambda_2cc53f568c5a2bb6f192f930a45d44ea>@@AAV<lambda_ab61a845afdef5b7c387490eaf3616ee>@@V<lambda_c2ffc0b7726aa6be21d5f0026187e748>@@@?$__crt_seh_guarded_call@X@@QAEX$$QAV<lambda_2cc53f568c5a2bb6f192f930a45d44ea>@@AAV<lambda_ab61a845afdef5b7c387490eaf3616ee>@@$$QAV<lambda_c2ffc0b7726aa6be21d5f0026187e748>@@@Z 10060a58     libucrt:fflush.obj
 0002:0000ca78       __sehtable$??$?RV<lambda_6d20deecaf4856105ebacbad442d1079>@@AAV<lambda_9a32fed5bf61b6b509b2d3f6003082a1>@@V<lambda_63ea2239ed67c638ddbae41947fdf875>@@@?$__crt_seh_guarded_call@H@@QAEH$$QAV<lambda_6d20deecaf4856105ebacbad442d1079>@@AAV<lambda_9a32fed5bf61b6b509b2d3f6003082a1>@@$$QAV<lambda_63ea2239ed67c638ddbae41947fdf875>@@@Z 10060a78     libucrt:fflush.obj
 0002:0000ca98       __sehtable$??$?RV<lambda_93797fb4802c957ba6a7f08e1250235b>@@AAV<lambda_1f3ce6bd48e0aa2e72a71c02eee379d3>@@V<lambda_56cae30c9364c9b6c15aeaac05d0418e>@@@?$__crt_seh_guarded_call@H@@QAEH$$QAV<lambda_93797fb4802c957ba6a7f08e1250235b>@@AAV<lambda_1f3ce6bd48e0aa2e72a71c02eee379d3>@@$$QAV<lambda_56cae30c9364c9b6c15aeaac05d0418e>@@@Z 10060a98     libucrt:winapi_thunks.obj
 0002:0000cab8       __sehtable$?update_thread_multibyte_data_internal@@YAPAU__crt_multibyte_data@@QAU__acrt_ptd@@QAPAU1@@Z 10060ab8     libucrt:mbctype.obj
 0002:0000cad8       __sehtable$??$?RV<lambda_ceb1ee4838e85a9d631eb091e2fbe199>@@AAV<lambda_ae742caa10f662c28703da3d2ea5e57e>@@V<lambda_cd08b5d6af4937fe54fc07d0c9bf6b37>@@@?$__crt_seh_guarded_call@X@@QAEX$$QAV<lambda_ceb1ee4838e85a9d631eb091e2fbe199>@@AAV<lambda_ae742caa10f662c28703da3d2ea5e57e>@@$$QAV<lambda_cd08b5d6af4937fe54fc07d0c9bf6b37>@@@Z 10060ad8     libucrt:mbctype.obj
 0002:0000caf8       __sehtable$__query_new_handler 10060af8     libucrt:new_handler.obj
 0002:0000cb18       __sehtable$__set_new_handler 10060b18     libucrt:new_handler.obj
 0002:0000cb38       __sehtable$_signal         10060b38     libucrt:signal.obj
 0002:0000cb58       __sehtable$_raise          10060b58     libucrt:signal.obj
 0002:0000cb78       __sehtable$?ctrlevent_capture@@YGHK@Z 10060b78     libucrt:signal.obj
 0002:0000cb98       __sehtable$??$?RV<lambda_cbab9ec6f41b0180b23cc171c22676b0>@@AAV<lambda_44731a7d0e6d81c3e6aa82d741081786>@@V<lambda_4b292cb8dd18144e164572427af410ab>@@@?$__crt_seh_guarded_call@P6AXH@Z@@QAEP6AXH@Z$$QAV<lambda_cbab9ec6f41b0180b23cc171c22676b0>@@AAV<lambda_44731a7d0e6d81c3e6aa82d741081786>@@$$QAV<lambda_4b292cb8dd18144e164572427af410ab>@@@Z 10060b98     libucrt:signal.obj
 0002:0000cbb8       __sehtable$___acrt_update_thread_locale_data 10060bb8     libucrt:locale_refcounting.obj
 0002:0000cbd8       __sehtable$__fcloseall     10060bd8     libucrt:closeall.obj
 0002:0000cbf8       __sehtable$??$?RV<lambda_9e9de3de5fa147e2223d7db92bc10aa6>@@AAV<lambda_38ce7e780aa69e748d6df282ebc68efe>@@V<lambda_8ca6da459f0f6780f1cff60fdc3d00e5>@@@?$__crt_seh_guarded_call@H@@QAEH$$QAV<lambda_9e9de3de5fa147e2223d7db92bc10aa6>@@AAV<lambda_38ce7e780aa69e748d6df282ebc68efe>@@$$QAV<lambda_8ca6da459f0f6780f1cff60fdc3d00e5>@@@Z 10060bf8     libucrt:commit.obj
 0002:0000cc18       __sehtable$___set_fpsr_sse2 10060c18     libucrt:fpctrl.obj
 0002:0000cc38       __sehtable$__IsNonwritableInCurrentImage 10060c38     LIBCMT:pesect.obj
 0002:0000cc60       .edata                     10060c60     zlibwapi.exp
 0002:0000cc88       rgpv                       10060c88     zlibwapi.exp
 0002:0000cf44       rgszName                   10060f44     zlibwapi.exp
 0002:0000d148       rgwOrd                     10061148     zlibwapi.exp
 0002:0000d24a       szName                     1006124a     zlibwapi.exp
 0002:0000d257       $N00001                    10061257     zlibwapi.exp
 0002:0000d25f       $N00140                    1006125f     zlibwapi.exp
 0002:0000d26f       $N00174                    1006126f     zlibwapi.exp
 0002:0000d279       $N00039                    10061279     zlibwapi.exp
 0002:0000d283       $N00002                    10061283     zlibwapi.exp
 0002:0000d28c       $N00046                    1006128c     zlibwapi.exp
 0002:0000d29a       $N00003                    1006129a     zlibwapi.exp
 0002:0000d2a0       $N00142                    100612a0     zlibwapi.exp
 0002:0000d2ae       $N00175                    100612ae     zlibwapi.exp
 0002:0000d2b6       $N00004                    100612b6     zlibwapi.exp
 0002:0000d2be       $N00047                    100612be     zlibwapi.exp
 0002:0000d2cb       $N00005                    100612cb     zlibwapi.exp
 0002:0000d2d7       $N00006                    100612d7     zlibwapi.exp
 0002:0000d2e2       $N00173                    100612e2     zlibwapi.exp
 0002:0000d2f7       $N00007                    100612f7     zlibwapi.exp
 0002:0000d305       $N00008                    10061305     zlibwapi.exp
 0002:0000d312       $N00009                    10061312     zlibwapi.exp
 0002:0000d320       $N00052                    10061320     zlibwapi.exp
 0002:0000d32f       $N00051                    1006132f     zlibwapi.exp
 0002:0000d33c       $N00010                    1006133c     zlibwapi.exp
 0002:0000d349       $N00164                    10061349     zlibwapi.exp
 0002:0000d35a       $N00011                    1006135a     zlibwapi.exp
 0002:0000d36f       $N00144                    1006136f     zlibwapi.exp
 0002:0000d380       $N00145                    10061380     zlibwapi.exp
 0002:0000d38c       $N00110                    1006138c     zlibwapi.exp
 0002:0000d3a0       $N00111                    100613a0     zlibwapi.exp
 0002:0000d3b6       $N00112                    100613b6     zlibwapi.exp
 0002:0000d3cd       $N00113                    100613cd     zlibwapi.exp
 0002:0000d3e4       $N00038                    100613e4     zlibwapi.exp
 0002:0000d3f2       $N00146                    100613f2     zlibwapi.exp
 0002:0000d3fb       $N00048                    100613fb     zlibwapi.exp
 0002:0000d406       $N00012                    10061406     zlibwapi.exp
 0002:0000d40e       $N00147                    1006140e     zlibwapi.exp
 0002:0000d418       $N00148                    10061418     zlibwapi.exp
 0002:0000d422       $N00149                    10061422     zlibwapi.exp
 0002:0000d42b       $N00013                    1006142b     zlibwapi.exp
 0002:0000d433       $N00034                    10061433     zlibwapi.exp
 0002:0000d439       $N00014                    10061439     zlibwapi.exp
 0002:0000d441       $N00015                    10061441     zlibwapi.exp
 0002:0000d449       $N00171                    10061449     zlibwapi.exp
 0002:0000d451       $N00172                    10061451     zlibwapi.exp
 0002:0000d45a       $N00030                    1006145a     zlibwapi.exp
 0002:0000d461       $N00161                    10061461     zlibwapi.exp
 0002:0000d469       $N00041                    10061469     zlibwapi.exp
 0002:0000d470       $N00150                    10061470     zlibwapi.exp
 0002:0000d479       $N00016                    10061479     zlibwapi.exp
 0002:0000d480       $N00165                    10061480     zlibwapi.exp
 0002:0000d489       $N00028                    10061489     zlibwapi.exp
 0002:0000d492       $N00029                    10061492     zlibwapi.exp
 0002:0000d499       $N00040                    10061499     zlibwapi.exp
 0002:0000d4a0       $N00017                    100614a0     zlibwapi.exp
 0002:0000d4a7       $N00032                    100614a7     zlibwapi.exp
 0002:0000d4b0       $N00031                    100614b0     zlibwapi.exp
 0002:0000d4b7       $N00035                    100614b7     zlibwapi.exp
 0002:0000d4c3       $N00033                    100614c3     zlibwapi.exp
 0002:0000d4ca       $N00049                    100614ca     zlibwapi.exp
 0002:0000d4d3       $N00167                    100614d3     zlibwapi.exp
 0002:0000d4dd       $N00018                    100614dd     zlibwapi.exp
 0002:0000d4e5       $N00019                    100614e5     zlibwapi.exp
 0002:0000d4ed       $N00044                    100614ed     zlibwapi.exp
 0002:0000d4f9       $N00045                    100614f9     zlibwapi.exp
 0002:0000d508       $N00043                    10061508     zlibwapi.exp
 0002:0000d519       $N00168                    10061519     zlibwapi.exp
 0002:0000d52a       $N00042                    1006152a     zlibwapi.exp
 0002:0000d536       $N00020                    10061536     zlibwapi.exp
 0002:0000d541       $N00166                    10061541     zlibwapi.exp
 0002:0000d556       $N00156                    10061556     zlibwapi.exp
 0002:0000d567       $N00021                    10061567     zlibwapi.exp
 0002:0000d575       $N00022                    10061575     zlibwapi.exp
 0002:0000d582       $N00157                    10061582     zlibwapi.exp
 0002:0000d58e       $N00158                    1006158e     zlibwapi.exp
 0002:0000d59b       $N00159                    1006159b     zlibwapi.exp
 0002:0000d5a9       $N00023                    100615a9     zlibwapi.exp
 0002:0000d5b6       $N00163                    100615b6     zlibwapi.exp
 0002:0000d5c7       $N00024                    100615c7     zlibwapi.exp
 0002:0000d5dc       $N00025                    100615dc     zlibwapi.exp
 0002:0000d5e8       $N00037                    100615e8     zlibwapi.exp
 0002:0000d5f9       $N00160                    100615f9     zlibwapi.exp
 0002:0000d60a       $N00169                    1006160a     zlibwapi.exp
 0002:0000d61a       $N00170                    1006161a     zlibwapi.exp
 0002:0000d626       $N00026                    10061626     zlibwapi.exp
 0002:0000d631       $N00062                    10061631     zlibwapi.exp
 0002:0000d63a       $N00072                    1006163a     zlibwapi.exp
 0002:0000d64e       $N00124                    1006164e     zlibwapi.exp
 0002:0000d666       $N00064                    10061666     zlibwapi.exp
 0002:0000d67c       $N00125                    1006167c     zlibwapi.exp
 0002:0000d69a       $N00127                    1006169a     zlibwapi.exp
 0002:0000d6aa       $N00100                    100616aa     zlibwapi.exp
 0002:0000d6b8       $N00073                    100616b8     zlibwapi.exp
 0002:0000d6cc       $N00122                    100616cc     zlibwapi.exp
 0002:0000d6df       $N00063                    100616df     zlibwapi.exp
 0002:0000d6f0       $N00076                    100616f0     zlibwapi.exp
 0002:0000d706       $N00128                    10061706     zlibwapi.exp
 0002:0000d717       $N00101                    10061717     zlibwapi.exp
 0002:0000d726       $N00065                    10061726     zlibwapi.exp
 0002:0000d737       $N00066                    10061737     zlibwapi.exp
 0002:0000d747       $N00075                    10061747     zlibwapi.exp
 0002:0000d755       $N00077                    10061755     zlibwapi.exp
 0002:0000d75e       $N00121                    1006175e     zlibwapi.exp
 0002:0000d76a       $N00120                    1006176a     zlibwapi.exp
 0002:0000d774       $N00061                    10061774     zlibwapi.exp
 0002:0000d77c       $N00078                    1006177c     zlibwapi.exp
 0002:0000d790       $N00069                    10061790     zlibwapi.exp
 0002:0000d7a4       $N00067                    100617a4     zlibwapi.exp
 0002:0000d7b7       $N00079                    100617b7     zlibwapi.exp
 0002:0000d7d2       $N00068                    100617d2     zlibwapi.exp
 0002:0000d7e5       $N00074                    100617e5     zlibwapi.exp
 0002:0000d7fe       $N00071                    100617fe     zlibwapi.exp
 0002:0000d805       $N00126                    10061805     zlibwapi.exp
 0002:0000d80f       $N00070                    1006180f     zlibwapi.exp
 0002:0000d817       $N00036                    10061817     zlibwapi.exp
 0002:0000d81e       $N00084                    1006181e     zlibwapi.exp
 0002:0000d827       $N00083                    10061827     zlibwapi.exp
 0002:0000d839       $N00136                    10061839     zlibwapi.exp
 0002:0000d850       $N00087                    10061850     zlibwapi.exp
 0002:0000d865       $N00088                    10061865     zlibwapi.exp
 0002:0000d86e       $N00131                    1006186e     zlibwapi.exp
 0002:0000d87a       $N00130                    1006187a     zlibwapi.exp
 0002:0000d884       $N00080                    10061884     zlibwapi.exp
 0002:0000d88c       $N00086                    1006188c     zlibwapi.exp
 0002:0000d8a1       $N00133                    100618a1     zlibwapi.exp
 0002:0000d8b9       $N00089                    100618b9     zlibwapi.exp
 0002:0000d8ce       $N00134                    100618ce     zlibwapi.exp
 0002:0000d8e6       $N00135                    100618e6     zlibwapi.exp
 0002:0000d8fe       $N00132                    100618fe     zlibwapi.exp
 0002:0000d914       $N00081                    10061914     zlibwapi.exp
 0002:0000d928       $N00082                    10061928     zlibwapi.exp
 0002:0000d93c       $N00050                    1006193c     zlibwapi.exp
 0002:0000d94d       $N00027                    1006194d     zlibwapi.exp
 0002:0000db48       .idata$6                   10061b48     kernel32:KERNEL32.dll
 0003:00000020       ?prefix@?1??getDimension@UnDecorator@@CA?AVDName@@_N@Z@4UStringLiteral@@A 10063020     libvcruntime:undname.obj
 0003:00000028       ?__vcrt_flsindex@@3KA      10063028     libvcruntime:per_thread_data.obj
 0003:00000140       ?errno_no_memory@@3HA      10063140     libucrt:errno.obj
 0003:00000144       ?doserrno_no_memory@@3KA   10063144     libucrt:errno.obj
 0003:00000180       ?__acrt_flsindex@@3KA      10063180     libucrt:per_thread_data.obj
 0003:00000184       __ctype_loc_style          10063184     libucrt:wsetlocale.obj
 0003:00000308       __mbctypes                 10063308     libucrt:mbctype.obj
 0003:00000410       __mbcasemaps               10063410     libucrt:mbctype.obj
 0003:00000510       ?__rgctypeflag@@3PADA      10063510     libucrt:mbctype.obj
 0003:00000518       ?__rgcode_page_info@@3PAUcode_page_info@@A 10063518     libucrt:mbctype.obj
 0003:0000088c       ?__dcrt_lowio_console_output_handle@@3PAXA 1006388c     libucrt:initcon.obj
 0003:00000890       ?__DAZ_ENABLED@?1??__set_fpsr_sse2@@9@9 10063890     libucrt:fpctrl.obj
 0003:000009c0       ?__proc_attached@@3HA      100639c0     LIBCMT:dll_dllmain.obj
 0003:000009e8       ?is_initialized_as_dll@@3_NA 100639e8     LIBCMT:utility.obj
 0003:000009e9       ?module_local_atexit_table_initialized@@3_NA 100639e9     LIBCMT:utility.obj
 0003:000009ec       ?module_local_atexit_table@@3U_onexit_table_t@@A 100639ec     LIBCMT:utility.obj
 0003:000009f8       ?module_local_at_quick_exit_table@@3U_onexit_table_t@@A 100639f8     LIBCMT:utility.obj
 0003:00000a18       _GS_ExceptionRecord        10063a18     LIBCMT:gs_report.obj
 0003:00000a68       _GS_ContextRecord          10063a68     LIBCMT:gs_report.obj
 0003:00000d60       ?heap@@3V_HeapManager@@A   10063d60     libvcruntime:undname.obj
 0003:00000d74       ?__vcrt_startup_thread_ptd@@3U__vcrt_ptd@@A 10063d74     libvcruntime:per_thread_data.obj
 0003:00000d9c       ___vcrt_lock_table         10063d9c     libvcruntime:locks.obj
 0003:00000db4       ___vcrt_locks_initialized  10063db4     libvcruntime:locks.obj
 0003:00000db8       ?module_handles@@3PAPAUHINSTANCE__@@A 10063db8     libvcruntime:winapi_downlevel.obj
 0003:00000dc4       ?function_pointers@@3PAPAXA 10063dc4     libvcruntime:winapi_downlevel.obj
 0003:00000ddc       ?c_termination_complete@@3JA 10063ddc     libucrt:exit.obj
 0003:00000de0       ?thread_local_exit_callback_func@@3P6GXPAXK0@ZA 10063de0     libucrt:exit.obj
 0003:00000de8       ?program_name@?1???$common_configure_argv@D@@YAHW4_crt_argv_mode@@@Z@4PADA 10063de8     libucrt:argv_parsing.obj
 0003:00000ef0       ?program_name@?1???$common_configure_argv@_W@@YAHW4_crt_argv_mode@@@Z@4PA_WA 10063ef0     libucrt:argv_parsing.obj
 0003:00001124       ?__acrt_invalid_parameter_handler@@3V?$dual_state_global@P6AXPB_W00II@Z@__crt_state_management@@A 10064124     libucrt:invalid_parameter.obj
 0003:00001344       ?enable_percent_n@@3IA     10064344     libucrt:printf_count_output.obj
 0003:00001350       ?module_handles@@3PAPAUHINSTANCE__@@A 10064350     libucrt:winapi_thunks.obj
 0003:000013a0       ?encoded_function_pointers@@3PAPAXA 100643a0     libucrt:winapi_thunks.obj
 0003:00001428       ?static_enum_proc@?1??enum_system_locales_ex_nolock@@YAHQ6GHPA_WKJ@Z@Z@4P6GH0KJ@ZA 10064428     libucrt:winapi_thunks.obj
 0003:00001430       ?__acrt_lock_table@@3PAU_RTL_CRITICAL_SECTION@@A 10064430     libucrt:locks.obj
 0003:00001580       ?__acrt_locks_initialized@@3IA 10064580     libucrt:locks.obj
 0003:00001584       ?state_cache@?1???$get_cached_win_policy@Ubegin_thread_init_policy_properties@?1??__acrt_get_begin_thread_init_policy@@YA?AW4begin_thread_init_policy@@XZ@@@YA?AW4begin_thread_init_policy@@W4AppPolicyThreadInitializationType@@@Z@4JA 10064584     libucrt:win_policies.obj
 0003:00001588       ?state_cache@?1???$get_cached_win_policy@Udeveloper_information_policy_properties@?1??__acrt_get_developer_information_policy@@YA?AW4developer_information_policy@@XZ@@@YA?AW4developer_information_policy@@W4AppPolicyShowDeveloperDiagnostic@@@Z@4JA 10064588     libucrt:win_policies.obj
 0003:0000158c       ?state_cache@?1???$get_cached_win_policy@Uwindowing_model_policy_properties@?1??__acrt_get_windowing_model_policy@@YA?AW4windowing_model_policy@@XZ@@@YA?AW4windowing_model_policy@@W4AppPolicyWindowingModel@@@Z@4JA 1006458c     libucrt:win_policies.obj
 0003:0000159c       ?fSystemSet@@3HA           1006459c     libucrt:mbctype.obj
 0003:000015a0       ?initialized@?1??__acrt_initialize_multibyte@@9@4_NA 100645a0     libucrt:mbctype.obj
 0003:000015c4       ?__acrt_new_handler@@3V?$dual_state_global@P6AHI@Z@__crt_state_management@@A 100645c4     libucrt:new_handler.obj
 0003:000015c8       ?console_ctrl_handler_installed@@3_NA 100645c8     libucrt:signal.obj
 0003:000015cc       ?ctrlc_action@@3V?$dual_state_global@P6AXH@Z@__crt_state_management@@A 100645cc     libucrt:signal.obj
 0003:000015d0       ?ctrlbreak_action@@3V?$dual_state_global@P6AXH@Z@__crt_state_management@@A 100645d0     libucrt:signal.obj
 0003:000015d4       ?abort_action@@3V?$dual_state_global@P6AXH@Z@__crt_state_management@@A 100645d4     libucrt:signal.obj
 0003:000015d8       ?term_action@@3V?$dual_state_global@P6AXH@Z@__crt_state_management@@A 100645d8     libucrt:signal.obj
 0003:000015dc       ?user_matherr@@3V?$dual_state_global@P6AHPAU_exception@@@Z@__crt_state_management@@A 100645dc     libucrt:matherr.obj
 0003:000015e0       ?__acrt_app_type@@3W4_crt_app_type@@A 100645e0     libucrt:report_runtime_error.obj
 0003:000015e8       ?outmsg@?9??__acrt_report_runtime_error@@9@4PA_WA 100645e8     libucrt:report_runtime_error.obj
 0003:00001c1c       ?__acrt_global_new_mode@@3V?$dual_state_global@J@__crt_state_management@@A 10064c1c     libucrt:new_mode.obj
 0003:00001c24       ___acrt_error_mode         10064c24     libucrt:set_error_mode.obj
 0003:00001c2c       __pmatherr_set             10064c2c     libucrt:libm_error.obj
 0003:00001c30       ?calls@?1??crypthead@@9@9  10064c30     zip.obj
 0004:00000060       $R000000                   10065060     zlib.res
